Archive member included to satisfy reference by file (symbol)

/opt/intelFPGA/20.1.1/nios2eds/bin/gnu/H-x86_64-pc-linux-gnu/bin/../lib/gcc/nios2-elf/10.1.1/mhw-mulx/libgcc.a(floatsisf.o)
                              obj/default/ex3_ucosii_tasks.o (__floatsisf)
/opt/intelFPGA/20.1.1/nios2eds/bin/gnu/H-x86_64-pc-linux-gnu/bin/../lib/gcc/nios2-elf/10.1.1/mhw-mulx/libgcc.a(adddf3.o)
                              obj/default/ex3_ucosii_tasks.o (__adddf3)
/opt/intelFPGA/20.1.1/nios2eds/bin/gnu/H-x86_64-pc-linux-gnu/bin/../lib/gcc/nios2-elf/10.1.1/mhw-mulx/libgcc.a(eqdf2.o)
                              obj/default/ex3_ucosii_tasks.o (__nedf2)
/opt/intelFPGA/20.1.1/nios2eds/bin/gnu/H-x86_64-pc-linux-gnu/bin/../lib/gcc/nios2-elf/10.1.1/mhw-mulx/libgcc.a(ledf2.o)
                              obj/default/ex3_ucosii_tasks.o (__ledf2)
/opt/intelFPGA/20.1.1/nios2eds/bin/gnu/H-x86_64-pc-linux-gnu/bin/../lib/gcc/nios2-elf/10.1.1/mhw-mulx/libgcc.a(muldf3.o)
                              obj/default/ex3_ucosii_tasks.o (__muldf3)
/opt/intelFPGA/20.1.1/nios2eds/bin/gnu/H-x86_64-pc-linux-gnu/bin/../lib/gcc/nios2-elf/10.1.1/mhw-mulx/libgcc.a(fixdfsi.o)
                              obj/default/ex3_ucosii_tasks.o (__fixdfsi)
/opt/intelFPGA/20.1.1/nios2eds/bin/gnu/H-x86_64-pc-linux-gnu/bin/../lib/gcc/nios2-elf/10.1.1/mhw-mulx/libgcc.a(extendsfdf2.o)
                              obj/default/ex3_ucosii_tasks.o (__extendsfdf2)
/opt/intelFPGA/20.1.1/nios2eds/bin/gnu/H-x86_64-pc-linux-gnu/bin/../lib/gcc/nios2-elf/10.1.1/mhw-mulx/libgcc.a(_clzsi2.o)
                              /opt/intelFPGA/20.1.1/nios2eds/bin/gnu/H-x86_64-pc-linux-gnu/bin/../lib/gcc/nios2-elf/10.1.1/mhw-mulx/libgcc.a(floatsisf.o) (__clzsi2)
/opt/intelFPGA/20.1.1/nios2eds/bin/gnu/H-x86_64-pc-linux-gnu/bin/../lib/gcc/nios2-elf/10.1.1/mhw-mulx/libgcc.a(_clz.o)
                              /opt/intelFPGA/20.1.1/nios2eds/bin/gnu/H-x86_64-pc-linux-gnu/bin/../lib/gcc/nios2-elf/10.1.1/mhw-mulx/libgcc.a(_clzsi2.o) (__clz_tab)
/home/xix277/engr-ece/Winter_Sem_2022/CME332/cme332_ex3_usosii_tasks/ex3_ucosii_tasks_bsp//libucosii_bsp.a(alt_load.o)
                              /home/xix277/engr-ece/Winter_Sem_2022/CME332/cme332_ex3_usosii_tasks/ex3_ucosii_tasks_bsp//obj/HAL/src/crt0.o (alt_load)
/home/xix277/engr-ece/Winter_Sem_2022/CME332/cme332_ex3_usosii_tasks/ex3_ucosii_tasks_bsp//libucosii_bsp.a(alt_main.o)
                              /home/xix277/engr-ece/Winter_Sem_2022/CME332/cme332_ex3_usosii_tasks/ex3_ucosii_tasks_bsp//obj/HAL/src/crt0.o (alt_main)
/home/xix277/engr-ece/Winter_Sem_2022/CME332/cme332_ex3_usosii_tasks/ex3_ucosii_tasks_bsp//libucosii_bsp.a(alt_env_lock.o)
                              /home/xix277/engr-ece/Winter_Sem_2022/CME332/cme332_ex3_usosii_tasks/ex3_ucosii_tasks_bsp//libucosii_bsp.a(alt_main.o) (alt_envsem)
/home/xix277/engr-ece/Winter_Sem_2022/CME332/cme332_ex3_usosii_tasks/ex3_ucosii_tasks_bsp//libucosii_bsp.a(alt_malloc_lock.o)
                              /home/xix277/engr-ece/Winter_Sem_2022/CME332/cme332_ex3_usosii_tasks/ex3_ucosii_tasks_bsp//libucosii_bsp.a(alt_main.o) (alt_heapsem)
/home/xix277/engr-ece/Winter_Sem_2022/CME332/cme332_ex3_usosii_tasks/ex3_ucosii_tasks_bsp//libucosii_bsp.a(os_core.o)
                              /home/xix277/engr-ece/Winter_Sem_2022/CME332/cme332_ex3_usosii_tasks/ex3_ucosii_tasks_bsp//libucosii_bsp.a(alt_malloc_lock.o) (OSRunning)
/home/xix277/engr-ece/Winter_Sem_2022/CME332/cme332_ex3_usosii_tasks/ex3_ucosii_tasks_bsp//libucosii_bsp.a(os_dbg.o)
                              /home/xix277/engr-ece/Winter_Sem_2022/CME332/cme332_ex3_usosii_tasks/ex3_ucosii_tasks_bsp//libucosii_bsp.a(os_core.o) (OSDebugInit)
/home/xix277/engr-ece/Winter_Sem_2022/CME332/cme332_ex3_usosii_tasks/ex3_ucosii_tasks_bsp//libucosii_bsp.a(os_flag.o)
                              /home/xix277/engr-ece/Winter_Sem_2022/CME332/cme332_ex3_usosii_tasks/ex3_ucosii_tasks_bsp//libucosii_bsp.a(os_core.o) (OS_FlagInit)
/home/xix277/engr-ece/Winter_Sem_2022/CME332/cme332_ex3_usosii_tasks/ex3_ucosii_tasks_bsp//libucosii_bsp.a(os_mem.o)
                              /home/xix277/engr-ece/Winter_Sem_2022/CME332/cme332_ex3_usosii_tasks/ex3_ucosii_tasks_bsp//libucosii_bsp.a(os_core.o) (OS_MemInit)
/home/xix277/engr-ece/Winter_Sem_2022/CME332/cme332_ex3_usosii_tasks/ex3_ucosii_tasks_bsp//libucosii_bsp.a(os_q.o)
                              /home/xix277/engr-ece/Winter_Sem_2022/CME332/cme332_ex3_usosii_tasks/ex3_ucosii_tasks_bsp//libucosii_bsp.a(os_core.o) (OS_QInit)
/home/xix277/engr-ece/Winter_Sem_2022/CME332/cme332_ex3_usosii_tasks/ex3_ucosii_tasks_bsp//libucosii_bsp.a(os_sem.o)
                              obj/default/ex3_ucosii_tasks.o (OSSemCreate)
/home/xix277/engr-ece/Winter_Sem_2022/CME332/cme332_ex3_usosii_tasks/ex3_ucosii_tasks_bsp//libucosii_bsp.a(os_task.o)
                              obj/default/ex3_ucosii_tasks.o (OSTaskCreateExt)
[...]
Memory Configuration

Name             Origin             Length             Attributes
reset            0x0000000000000000 0x0000000000000020
SDRAM            0x0000000000000020 0x0000000003ffffe0
VGA_Subsystem_Char_Buf_Subsystem_Onchip_SRAM 0x0000000009000000 0x0000000000002000
*default*        0x0000000000000000 0xffffffffffffffff

Linker script and memory map

LOAD /home/xix277/engr-ece/Winter_Sem_2022/CME332/cme332_ex3_usosii_tasks/ex3_ucosii_tasks_bsp//obj/HAL/src/crt0.o
LOAD obj/default/ex3_ucosii_tasks.o
LOAD /opt/intelFPGA/20.1.1/nios2eds/bin/gnu/H-x86_64-pc-linux-gnu/bin/../lib/gcc/nios2-elf/10.1.1/../../../../../H-x86_64-pc-linux-gnu/nios2-elf/lib/mhw-mulx/libstdc++.a
LOAD /opt/intelFPGA/20.1.1/nios2eds/bin/gnu/H-x86_64-pc-linux-gnu/bin/../lib/gcc/nios2-elf/10.1.1/../../../../../H-x86_64-pc-linux-gnu/nios2-elf/lib/mhw-mulx/libm.a
LOAD /opt/intelFPGA/20.1.1/nios2eds/bin/gnu/H-x86_64-pc-linux-gnu/bin/../lib/gcc/nios2-elf/10.1.1/mhw-mulx/libgcc.a
START GROUP
LOAD /opt/intelFPGA/20.1.1/nios2eds/bin/gnu/H-x86_64-pc-linux-gnu/bin/../lib/gcc/nios2-elf/10.1.1/../../../../../H-x86_64-pc-linux-gnu/nios2-elf/lib/mhw-mulx/libc.a
LOAD /opt/intelFPGA/20.1.1/nios2eds/bin/gnu/H-x86_64-pc-linux-gnu/bin/../lib/gcc/nios2-elf/10.1.1/mhw-mulx/libgcc.a
LOAD /home/xix277/engr-ece/Winter_Sem_2022/CME332/cme332_ex3_usosii_tasks/ex3_ucosii_tasks_bsp//libucosii_bsp.a
LOAD /opt/intelFPGA/20.1.1/nios2eds/bin/gnu/H-x86_64-pc-linux-gnu/bin/../lib/gcc/nios2-elf/10.1.1/../../../../../H-x86_64-pc-linux-gnu/nios2-elf/lib/mhw-mulx/libm.a
END GROUP
LOAD /opt/intelFPGA/20.1.1/nios2eds/bin/gnu/H-x86_64-pc-linux-gnu/bin/../lib/gcc/nios2-elf/10.1.1/mhw-mulx/libgcc.a
                0x0000000000000000                __alt_mem_SDRAM = 0x0
                0x0000000009000000                __alt_mem_VGA_Subsystem_Char_Buf_Subsystem_Onchip_SRAM = 0x9000000

.entry          0x0000000000000000       0x20
 *(.entry)
 .entry         0x0000000000000000       0x20 /home/xix277/engr-ece/Winter_Sem_2022/CME332/cme332_ex3_usosii_tasks/ex3_ucosii_tasks_bsp//obj/HAL/src/crt0.o
                0x0000000000000000                __reset

.exceptions     0x0000000000000020      0x21c
                0x0000000000000020                PROVIDE (__ram_exceptions_start = ABSOLUTE (.))
                0x0000000000000020                . = ALIGN (0x20)
 *(.irq)
 *(.exceptions.entry.label)
 .exceptions.entry.label
                0x0000000000000020        0x0 /home/xix277/engr-ece/Winter_Sem_2022/CME332/cme332_ex3_usosii_tasks/ex3_ucosii_tasks_bsp//libucosii_bsp.a(alt_irq_entry.o)
                0x0000000000000020                alt_irq_entry
 .exceptions.entry.label
                0x0000000000000020        0x0 /home/xix277/engr-ece/Winter_Sem_2022/CME332/cme332_ex3_usosii_tasks/ex3_ucosii_tasks_bsp//libucosii_bsp.a(alt_exception_entry.o)
                0x0000000000000020                alt_exception
 *(.exceptions.entry.user)
 *(.exceptions.entry.ecc_fatal)
 *(.exceptions.entry)
 .exceptions.entry
                0x0000000000000020       0x54 /home/xix277/engr-ece/Winter_Sem_2022/CME332/cme332_ex3_usosii_tasks/ex3_ucosii_tasks_bsp//libucosii_bsp.a(alt_exception_entry.o)
 *(.exceptions.irqtest.user)
 *(.exceptions.irqtest)
 .exceptions.irqtest
                0x0000000000000074       0x10 /home/xix277/engr-ece/Winter_Sem_2022/CME332/cme332_ex3_usosii_tasks/ex3_ucosii_tasks_bsp//libucosii_bsp.a(alt_irq_entry.o)
 *(.exceptions.irqhandler.user)
 *(.exceptions.irqhandler)
 .exceptions.irqhandler
                0x0000000000000084        0x4 /home/xix277/engr-ece/Winter_Sem_2022/CME332/cme332_ex3_usosii_tasks/ex3_ucosii_tasks_bsp//libucosii_bsp.a(alt_irq_entry.o)
 *(.exceptions.irqreturn.user)
 *(.exceptions.irqreturn)
 .exceptions.irqreturn
                0x0000000000000088        0x4 /home/xix277/engr-ece/Winter_Sem_2022/CME332/cme332_ex3_usosii_tasks/ex3_ucosii_tasks_bsp//libucosii_bsp.a(alt_irq_entry.o)
 *(.exceptions.notirq.label)
 .exceptions.notirq.label
                0x000000000000008c        0x0 /home/xix277/engr-ece/Winter_Sem_2022/CME332/cme332_ex3_usosii_tasks/ex3_ucosii_tasks_bsp//libucosii_bsp.a(alt_irq_entry.o)
 *(.exceptions.notirq.user)
 *(.exceptions.notirq)
 .exceptions.notirq
                0x000000000000008c        0x8 /home/xix277/engr-ece/Winter_Sem_2022/CME332/cme332_ex3_usosii_tasks/ex3_ucosii_tasks_bsp//libucosii_bsp.a(alt_exception_entry.o)
 *(.exceptions.soft.user)
 *(.exceptions.soft)
 *(.exceptions.unknown.user)
 *(.exceptions.unknown)
 .exceptions.unknown
                0x0000000000000094       0x14 /home/xix277/engr-ece/Winter_Sem_2022/CME332/cme332_ex3_usosii_tasks/ex3_ucosii_tasks_bsp//libucosii_bsp.a(alt_exception_entry.o)
 *(.exceptions.exit.label)
 .exceptions.exit.label
                0x00000000000000a8        0x0 /home/xix277/engr-ece/Winter_Sem_2022/CME332/cme332_ex3_usosii_tasks/ex3_ucosii_tasks_bsp//libucosii_bsp.a(alt_irq_entry.o)
 .exceptions.exit.label
                0x00000000000000a8        0x0 /home/xix277/engr-ece/Winter_Sem_2022/CME332/cme332_ex3_usosii_tasks/ex3_ucosii_tasks_bsp//libucosii_bsp.a(alt_exception_entry.o)
 *(.exceptions.exit.user)
 *(.exceptions.exit)
 .exceptions.exit
                0x00000000000000a8       0x54 /home/xix277/engr-ece/Winter_Sem_2022/CME332/cme332_ex3_usosii_tasks/ex3_ucosii_tasks_bsp//libucosii_bsp.a(alt_exception_entry.o)
 *(.exceptions)
 .exceptions    0x00000000000000fc       0xcc /home/xix277/engr-ece/Winter_Sem_2022/CME332/cme332_ex3_usosii_tasks/ex3_ucosii_tasks_bsp//libucosii_bsp.a(alt_irq_handler.o)
                0x00000000000000fc                alt_irq_handler
 .exceptions    0x00000000000001c8       0x74 /home/xix277/engr-ece/Winter_Sem_2022/CME332/cme332_ex3_usosii_tasks/ex3_ucosii_tasks_bsp//libucosii_bsp.a(alt_instruction_exception_entry.o)
                0x00000000000001c8                alt_instruction_exception_entry
                0x000000000000023c                PROVIDE (__ram_exceptions_end = ABSOLUTE (.))
                0x0000000000000020                PROVIDE (__flash_exceptions_start = LOADADDR (.exceptions))

.text           0x000000000000023c     0xdd14
                [!provide]                        PROVIDE (stext = ABSOLUTE (.))
 *(.interp)
 *(.hash)
 *(.dynsym)
 *(.dynstr)
 *(.gnu.version)
 *(.gnu.version_d)
 *(.gnu.version_r)
 *(.rel.init)
 *(.rela.init)
 *(.rel.text .rel.text.* .rel.gnu.linkonce.t.*)
 *(.rela.text .rela.text.* .rela.gnu.linkonce.t.*)
 *(.rel.fini)
 *(.rela.fini)
 *(.rel.rodata .rel.rodata.* .rel.gnu.linkonce.r.*)
 *(.rela.rodata .rela.rodata.* .rela.gnu.linkonce.r.*)
 *(.rel.data .rel.data.* .rel.gnu.linkonce.d.*)
 *(.rela.data .rela.data.* .rela.gnu.linkonce.d.*)
 *(.rel.tdata .rel.tdata.* .rel.gnu.linkonce.td.*)
 *(.rela.tdata .rela.tdata.* .rela.gnu.linkonce.td.*)
 *(.rel.tbss .rel.tbss.* .rel.gnu.linkonce.tb.*)
 *(.rela.tbss .rela.tbss.* .rela.gnu.linkonce.tb.*)
 *(.rel.ctors)
 *(.rela.ctors)
 *(.rel.dtors)
 *(.rela.dtors)
 *(.rel.got)
 *(.rela.got)
 *(.rel.sdata .rel.sdata.* .rel.gnu.linkonce.s.*)
 *(.rela.sdata .rela.sdata.* .rela.gnu.linkonce.s.*)
 *(.rel.sbss .rel.sbss.* .rel.gnu.linkonce.sb.*)
 *(.rela.sbss .rela.sbss.* .rela.gnu.linkonce.sb.*)
 *(.rel.sdata2 .rel.sdata2.* .rel.gnu.linkonce.s2.*)
 *(.rela.sdata2 .rela.sdata2.* .rela.gnu.linkonce.s2.*)
 *(.rel.sbss2 .rel.sbss2.* .rel.gnu.linkonce.sb2.*)
 *(.rela.sbss2 .rela.sbss2.* .rela.gnu.linkonce.sb2.*)
 *(.rel.bss .rel.bss.* .rel.gnu.linkonce.b.*)
 *(.rela.bss .rela.bss.* .rela.gnu.linkonce.b.*)
 *(.rel.plt)
 *(.rela.plt)
 *(.rel.dyn)
 *(.init)
 *(.plt)
 *(.text .stub .text.* .gnu.linkonce.t.*)
 .text          0x000000000000023c       0x3c /home/xix277/engr-ece/Winter_Sem_2022/CME332/cme332_ex3_usosii_tasks/ex3_ucosii_tasks_bsp//obj/HAL/src/crt0.o
                0x000000000000023c                _start
 .text          0x0000000000000278      0xa04 obj/default/ex3_ucosii_tasks.o
                0x0000000000000278                main
                0x00000000000003d0                digit_separator
                0x000000000000045c                hex_display_cnvtr
                0x0000000000000514                IO_task
                0x00000000000008a8                engine_task
                0x0000000000000a68                vehicle_task
 .text          0x0000000000000c7c      0x124 /opt/intelFPGA/20.1.1/nios2eds/bin/gnu/H-x86_64-pc-linux-gnu/bin/../lib/gcc/nios2-elf/10.1.1/mhw-mulx/libgcc.a(floatsisf.o)
                0x0000000000000c7c                __floatsisf
 .text          0x0000000000000da0      0x8f0 /opt/intelFPGA/20.1.1/nios2eds/bin/gnu/H-x86_64-pc-linux-gnu/bin/../lib/gcc/nios2-elf/10.1.1/mhw-mulx/libgcc.a(adddf3.o)
                0x0000000000000da0                __adddf3
 .text          0x0000000000001690       0x80 /opt/intelFPGA/20.1.1/nios2eds/bin/gnu/H-x86_64-pc-linux-gnu/bin/../lib/gcc/nios2-elf/10.1.1/mhw-mulx/libgcc.a(eqdf2.o)
                0x0000000000001690                __eqdf2
                0x0000000000001690                __nedf2
 .text          0x0000000000001710       0xe8 /opt/intelFPGA/20.1.1/nios2eds/bin/gnu/H-x86_64-pc-linux-gnu/bin/../lib/gcc/nios2-elf/10.1.1/mhw-mulx/libgcc.a(ledf2.o)
                0x0000000000001710                __ltdf2
                0x0000000000001710                __ledf2
 .text          0x00000000000017f8      0x674 /opt/intelFPGA/20.1.1/nios2eds/bin/gnu/H-x86_64-pc-linux-gnu/bin/../lib/gcc/nios2-elf/10.1.1/mhw-mulx/libgcc.a(muldf3.o)
                0x00000000000017f8                __muldf3
 .text          0x0000000000001e6c       0x80 /opt/intelFPGA/20.1.1/nios2eds/bin/gnu/H-x86_64-pc-linux-gnu/bin/../lib/gcc/nios2-elf/10.1.1/mhw-mulx/libgcc.a(fixdfsi.o)
                0x0000000000001e6c                __fixdfsi
 .text          0x0000000000001eec       0xfc /opt/intelFPGA/20.1.1/nios2eds/bin/gnu/H-x86_64-pc-linux-gnu/bin/../lib/gcc/nios2-elf/10.1.1/mhw-mulx/libgcc.a(extendsfdf2.o)
                0x0000000000001eec                __extendsfdf2
 .text          0x0000000000001fe8       0x54 /opt/intelFPGA/20.1.1/nios2eds/bin/gnu/H-x86_64-pc-linux-gnu/bin/../lib/gcc/nios2-elf/10.1.1/mhw-mulx/libgcc.a(_clzsi2.o)
                0x0000000000001fe8                __clzsi2
 .text          0x000000000000203c        0x0 /opt/intelFPGA/20.1.1/nios2eds/bin/gnu/H-x86_64-pc-linux-gnu/bin/../lib/gcc/nios2-elf/10.1.1/mhw-mulx/libgcc.a(_clz.o)
 .text          0x000000000000203c       0xec /home/xix277/engr-ece/Winter_Sem_2022/CME332/cme332_ex3_usosii_tasks/ex3_ucosii_tasks_bsp//libucosii_bsp.a(alt_load.o)
                0x00000000000020a4                alt_load
 .text          0x0000000000002128       0xc0 /home/xix277/engr-ece/Winter_Sem_2022/CME332/cme332_ex3_usosii_tasks/ex3_ucosii_tasks_bsp//libucosii_bsp.a(alt_main.o)
                0x0000000000002128                alt_main
 .text          0x00000000000021e8      0x120 /home/xix277/engr-ece/Winter_Sem_2022/CME332/cme332_ex3_usosii_tasks/ex3_ucosii_tasks_bsp//libucosii_bsp.a(alt_env_lock.o)
                0x00000000000021e8                __env_lock
                0x00000000000022a8                __env_unlock
 .text          0x0000000000002308      0x1fc /home/xix277/engr-ece/Winter_Sem_2022/CME332/cme332_ex3_usosii_tasks/ex3_ucosii_tasks_bsp//libucosii_bsp.a(alt_malloc_lock.o)
                0x0000000000002308                __malloc_lock
                0x0000000000002430                __malloc_unlock
 .text          0x0000000000002504     0x2040 /home/xix277/engr-ece/Winter_Sem_2022/CME332/cme332_ex3_usosii_tasks/ex3_ucosii_tasks_bsp//libucosii_bsp.a(os_core.o)
                0x0000000000002504                OSEventNameGet
                0x0000000000002628                OSEventNameSet
                0x0000000000002770                OSEventPendMulti
                0x0000000000002da8                OSInit
                0x0000000000002e00                OSIntEnter
                0x0000000000002e4c                OSIntExit
                0x0000000000002f40                OSSchedLock
                0x0000000000002fd0                OSSchedUnlock
                0x00000000000030b4                OSStart
                0x000000000000311c                OSStatInit
                0x00000000000031d4                OSTimeTick
                0x0000000000003408                OSVersion
                0x0000000000003428                OS_Dummy
                0x0000000000003448                OS_EventTaskRdy
                0x00000000000035d0                OS_EventTaskWait
                0x00000000000036d8                OS_EventTaskWaitMulti
                0x0000000000003820                OS_EventTaskRemove
                0x00000000000038d0                OS_EventTaskRemoveMulti
                0x00000000000039cc                OS_EventWaitListInit
                0x0000000000003db8                OS_MemClr
                0x0000000000003e10                OS_MemCopy
                0x0000000000003e7c                OS_Sched
                0x0000000000003fb4                OS_StrCopy
                0x0000000000004028                OS_StrLen
                0x000000000000407c                OS_TaskIdle
                0x00000000000040dc                OS_TaskStat
                0x00000000000041a0                OS_TaskStatStkChk
                0x0000000000004264                OS_TCBInit
 .text          0x0000000000004544      0x190 /home/xix277/engr-ece/Winter_Sem_2022/CME332/cme332_ex3_usosii_tasks/ex3_ucosii_tasks_bsp//libucosii_bsp.a(os_dbg.o)
                0x0000000000004544                OSDebugInit
 .text          0x00000000000046d4     0x17c4 /home/xix277/engr-ece/Winter_Sem_2022/CME332/cme332_ex3_usosii_tasks/ex3_ucosii_tasks_bsp//libucosii_bsp.a(os_flag.o)
                0x00000000000046d4                OSFlagAccept
                0x00000000000049f8                OSFlagCreate
                0x0000000000004b08                OSFlagDel
                0x0000000000004d60                OSFlagNameGet
                0x0000000000004e90                OSFlagNameSet
                0x0000000000004fe4                OSFlagPend
                0x00000000000055e4                OSFlagPendGetFlagsRdy
                0x0000000000005648                OSFlagPost
                0x00000000000059f4                OSFlagQuery
                0x0000000000005c20                OS_FlagInit
                0x0000000000005df4                OS_FlagUnlink
 .text          0x0000000000005e98      0x778 /home/xix277/engr-ece/Winter_Sem_2022/CME332/cme332_ex3_usosii_tasks/ex3_ucosii_tasks_bsp//libucosii_bsp.a(os_mem.o)
                0x0000000000005e98                OSMemCreate
                0x0000000000006070                OSMemGet
                0x0000000000006168                OSMemNameGet
                0x000000000000625c                OSMemNameSet
                0x0000000000006378                OSMemPut
                0x0000000000006458                OSMemQuery
                0x0000000000006544                OS_MemInit
 .text          0x0000000000006610     0x115c /home/xix277/engr-ece/Winter_Sem_2022/CME332/cme332_ex3_usosii_tasks/ex3_ucosii_tasks_bsp//libucosii_bsp.a(os_q.o)
                0x0000000000006610                OSQAccept
                0x0000000000006754                OSQCreate
                0x0000000000006904                OSQDel
                0x0000000000006b94                OSQFlush
                0x0000000000006c50                OSQPend
                0x0000000000006ee8                OSQPendAbort
                0x000000000000705c                OSQPost
                0x00000000000071d0                OSQPostFront
                0x000000000000734c                OSQPostOpt
                0x0000000000007564                OSQQuery
                0x00000000000076c4                OS_QInit
 .text          0x000000000000776c      0xa98 /home/xix277/engr-ece/Winter_Sem_2022/CME332/cme332_ex3_usosii_tasks/ex3_ucosii_tasks_bsp//libucosii_bsp.a(os_sem.o)
                0x000000000000776c                OSSemAccept
                0x0000000000007820                OSSemCreate
                0x00000000000078fc                OSSemDel
                0x0000000000007b4c                OSSemPend
                0x0000000000007d60                OSSemPendAbort
                0x0000000000007ed4                OSSemPost
                0x0000000000007ff0                OSSemQuery
                0x0000000000008104                OSSemSet
 .text          0x0000000000008204     0x1750 /home/xix277/engr-ece/Winter_Sem_2022/CME332/cme332_ex3_usosii_tasks/ex3_ucosii_tasks_bsp//libucosii_bsp.a(os_task.o)
                0x0000000000008204                OSTaskChangePrio
                0x00000000000086c8                OSTaskCreate
                0x000000000000886c                OSTaskCreateExt
                0x0000000000008a48                OSTaskDel
                0x0000000000008d8c                OSTaskDelReq
                0x0000000000008ee4                OSTaskNameGet
                0x0000000000009080                OSTaskNameSet
                0x000000000000923c                OSTaskResume
                0x000000000000941c                OSTaskStkChk
                0x00000000000095d4                OSTaskSuspend
                0x00000000000097bc                OSTaskQuery
                0x00000000000098e4                OS_TaskStkClr
 .text          0x0000000000009954      0x500 /home/xix277/engr-ece/Winter_Sem_2022/CME332/cme332_ex3_usosii_tasks/ex3_ucosii_tasks_bsp//libucosii_bsp.a(os_time.o)
                0x0000000000009954                OSTimeDly
                0x0000000000009a5c                OSTimeDlyHMSM
                0x0000000000009bb0                OSTimeDlyResume
                0x0000000000009d90                OSTimeGet
                0x0000000000009df0                OSTimeSet
 .text          0x0000000000009e54      0x844 /home/xix277/engr-ece/Winter_Sem_2022/CME332/cme332_ex3_usosii_tasks/ex3_ucosii_tasks_bsp//libucosii_bsp.a(alt_sys_init.o)
                0x0000000000009e88                alt_irq_init
                0x0000000000009ec4                alt_sys_init
 .text          0x000000000000a698      0x164 /home/xix277/engr-ece/Winter_Sem_2022/CME332/cme332_ex3_usosii_tasks/ex3_ucosii_tasks_bsp//libucosii_bsp.a(altera_avalon_jtag_uart_fd.o)
                0x000000000000a698                altera_avalon_jtag_uart_read_fd
                0x000000000000a6f8                altera_avalon_jtag_uart_write_fd
                0x000000000000a758                altera_avalon_jtag_uart_close_fd
                0x000000000000a7a8                altera_avalon_jtag_uart_ioctl_fd
 .text          0x000000000000a7fc      0x568 /home/xix277/engr-ece/Winter_Sem_2022/CME332/cme332_ex3_usosii_tasks/ex3_ucosii_tasks_bsp//libucosii_bsp.a(altera_avalon_jtag_uart_init.o)
                0x000000000000a7fc                altera_avalon_jtag_uart_init
                0x000000000000acfc                altera_avalon_jtag_uart_close
 .text          0x000000000000ad64       0xf4 /home/xix277/engr-ece/Winter_Sem_2022/CME332/cme332_ex3_usosii_tasks/ex3_ucosii_tasks_bsp//libucosii_bsp.a(altera_avalon_jtag_uart_ioctl.o)
                0x000000000000ad64                altera_avalon_jtag_uart_ioctl
 .text          0x000000000000ae58      0x2c8 /home/xix277/engr-ece/Winter_Sem_2022/CME332/cme332_ex3_usosii_tasks/ex3_ucosii_tasks_bsp//libucosii_bsp.a(altera_avalon_jtag_uart_read.o)
                0x000000000000ae58                altera_avalon_jtag_uart_read
 .text          0x000000000000b120      0x2d0 /home/xix277/engr-ece/Winter_Sem_2022/CME332/cme332_ex3_usosii_tasks/ex3_ucosii_tasks_bsp//libucosii_bsp.a(altera_avalon_jtag_uart_write.o)
                0x000000000000b120                altera_avalon_jtag_uart_write
 .text          0x000000000000b3f0       0xfc /home/xix277/engr-ece/Winter_Sem_2022/CME332/cme332_ex3_usosii_tasks/ex3_ucosii_tasks_bsp//libucosii_bsp.a(altera_avalon_timer_sc.o)
                0x000000000000b470                alt_avalon_timer_sc_init
 .text          0x000000000000b4ec      0x4fc /home/xix277/engr-ece/Winter_Sem_2022/CME332/cme332_ex3_usosii_tasks/ex3_ucosii_tasks_bsp//libucosii_bsp.a(altera_up_avalon_character_lcd.o)
                0x000000000000b4ec                get_DDRAM_addr
                0x000000000000b560                alt_up_character_lcd_send_cmd
                0x000000000000b5a0                alt_up_character_lcd_init
                0x000000000000b5d8                alt_up_character_lcd_open_dev
                0x000000000000b614                alt_up_character_lcd_write
                0x000000000000b694                alt_up_character_lcd_string
                0x000000000000b710                alt_up_character_lcd_write_fd
                0x000000000000b760                alt_up_character_lcd_set_cursor_pos
                0x000000000000b7d4                alt_up_character_lcd_shift_cursor
                0x000000000000b860                alt_up_character_lcd_shift_display
                0x000000000000b8ec                alt_up_character_lcd_erase_pos
                0x000000000000b978                alt_up_character_lcd_cursor_off
                0x000000000000b9b0                alt_up_character_lcd_cursor_blink_on
 .text          0x000000000000b9e8      0x38c /home/xix277/engr-ece/Winter_Sem_2022/CME332/cme332_ex3_usosii_tasks/ex3_ucosii_tasks_bsp//libucosii_bsp.a(altera_up_avalon_irda.o)
                0x000000000000b9e8                alt_up_irda_enable_read_interrupt
                0x000000000000ba44                alt_up_irda_disable_read_interrupt
                0x000000000000baa4                alt_up_irda_get_used_space_in_read_FIFO
                0x000000000000bae4                alt_up_irda_get_available_space_in_write_FIFO
                0x000000000000bb20                alt_up_irda_check_parity
                0x000000000000bb64                alt_up_irda_write_data
                0x000000000000bba4                alt_up_irda_read_data
                0x000000000000bc18                alt_up_irda_read_fd
                0x000000000000bca8                alt_up_irda_write_fd
                0x000000000000bd38                alt_up_irda_open_dev
 .text          0x000000000000bd74      0x6b4 /home/xix277/engr-ece/Winter_Sem_2022/CME332/cme332_ex3_usosii_tasks/ex3_ucosii_tasks_bsp//libucosii_bsp.a(altera_up_avalon_ps2.o)
                0x000000000000bd74                read_RI_bit
                0x000000000000bda8                read_RE_bit
                0x000000000000bdd8                read_CE_bit
                0x000000000000be0c                read_num_bytes_available
                0x000000000000be3c                read_data_valid
                0x000000000000be70                read_data_byte
                0x000000000000be9c                alt_up_ps2_init
                0x000000000000bf64                alt_up_ps2_enable_read_interrupt
                0x000000000000bfc0                alt_up_ps2_disable_read_interrupt
                0x000000000000c020                alt_up_ps2_write_data_byte
                0x000000000000c094                alt_up_ps2_wait_for_ack
                0x000000000000c0fc                alt_up_ps2_write_data_byte_with_ack
                0x000000000000c160                alt_up_ps2_read_data_byte_timeout
                0x000000000000c1fc                alt_up_ps2_read_data_byte
                0x000000000000c26c                alt_up_ps2_clear_fifo
                0x000000000000c2c8                alt_up_ps2_read_fd
                0x000000000000c354                alt_up_ps2_write_fd
                0x000000000000c3ec                alt_up_ps2_open_dev
 .text          0x000000000000c428      0x390 /home/xix277/engr-ece/Winter_Sem_2022/CME332/cme332_ex3_usosii_tasks/ex3_ucosii_tasks_bsp//libucosii_bsp.a(altera_up_avalon_rs232.o)
                0x000000000000c428                alt_up_rs232_enable_read_interrupt
                0x000000000000c484                alt_up_rs232_disable_read_interrupt
                0x000000000000c4e4                alt_up_rs232_get_used_space_in_read_FIFO
                0x000000000000c524                alt_up_rs232_get_available_space_in_write_FIFO
                0x000000000000c560                alt_up_rs232_check_parity
                0x000000000000c5a4                alt_up_rs232_write_data
                0x000000000000c5e4                alt_up_rs232_read_data
                0x000000000000c658                alt_up_rs232_read_fd
                0x000000000000c6e8                alt_up_rs232_write_fd
                0x000000000000c77c                alt_up_rs232_open_dev
 .text          0x000000000000c7b8      0x134 /home/xix277/engr-ece/Winter_Sem_2022/CME332/cme332_ex3_usosii_tasks/ex3_ucosii_tasks_bsp//libucosii_bsp.a(alt_alarm_start.o)
                0x000000000000c7b8                alt_alarm_start
 .text          0x000000000000c8ec      0x10c /home/xix277/engr-ece/Winter_Sem_2022/CME332/cme332_ex3_usosii_tasks/ex3_ucosii_tasks_bsp//libucosii_bsp.a(alt_close.o)
                0x000000000000c928                close
 .text          0x000000000000c9f8       0x20 /home/xix277/engr-ece/Winter_Sem_2022/CME332/cme332_ex3_usosii_tasks/ex3_ucosii_tasks_bsp//libucosii_bsp.a(alt_dcache_flush_all.o)
                0x000000000000c9f8                alt_dcache_flush_all
 .text          0x000000000000ca18       0x2c /home/xix277/engr-ece/Winter_Sem_2022/CME332/cme332_ex3_usosii_tasks/ex3_ucosii_tasks_bsp//libucosii_bsp.a(alt_dev.o)
 .text          0x000000000000ca44       0xe4 /home/xix277/engr-ece/Winter_Sem_2022/CME332/cme332_ex3_usosii_tasks/ex3_ucosii_tasks_bsp//libucosii_bsp.a(alt_dev_llist_insert.o)
                0x000000000000ca80                alt_dev_llist_insert
 .text          0x000000000000cb28       0x64 /home/xix277/engr-ece/Winter_Sem_2022/CME332/cme332_ex3_usosii_tasks/ex3_ucosii_tasks_bsp//libucosii_bsp.a(alt_do_ctors.o)
                0x000000000000cb28                _do_ctors
 .text          0x000000000000cb8c       0x64 /home/xix277/engr-ece/Winter_Sem_2022/CME332/cme332_ex3_usosii_tasks/ex3_ucosii_tasks_bsp//libucosii_bsp.a(alt_do_dtors.o)
                0x000000000000cb8c                _do_dtors
 .text          0x000000000000cbf0        0x0 /home/xix277/engr-ece/Winter_Sem_2022/CME332/cme332_ex3_usosii_tasks/ex3_ucosii_tasks_bsp//libucosii_bsp.a(alt_errno.o)
 .text          0x000000000000cbf0       0x90 /home/xix277/engr-ece/Winter_Sem_2022/CME332/cme332_ex3_usosii_tasks/ex3_ucosii_tasks_bsp//libucosii_bsp.a(alt_find_dev.o)
                0x000000000000cbf0                alt_find_dev
 .text          0x000000000000cc80       0x34 /home/xix277/engr-ece/Winter_Sem_2022/CME332/cme332_ex3_usosii_tasks/ex3_ucosii_tasks_bsp//libucosii_bsp.a(alt_icache_flush_all.o)
                0x000000000000cc80                alt_icache_flush_all
 .text          0x000000000000ccb4      0x12c /home/xix277/engr-ece/Winter_Sem_2022/CME332/cme332_ex3_usosii_tasks/ex3_ucosii_tasks_bsp//libucosii_bsp.a(alt_io_redirect.o)
                0x000000000000cd64                alt_io_redirect
 .text          0x000000000000cde0      0x180 /home/xix277/engr-ece/Winter_Sem_2022/CME332/cme332_ex3_usosii_tasks/ex3_ucosii_tasks_bsp//libucosii_bsp.a(alt_irq_register.o)
                0x000000000000cde0                alt_irq_register
 .text          0x000000000000cf60        0x0 /home/xix277/engr-ece/Winter_Sem_2022/CME332/cme332_ex3_usosii_tasks/ex3_ucosii_tasks_bsp//libucosii_bsp.a(alt_irq_vars.o)
 .text          0x000000000000cf60      0x248 /home/xix277/engr-ece/Winter_Sem_2022/CME332/cme332_ex3_usosii_tasks/ex3_ucosii_tasks_bsp//libucosii_bsp.a(alt_open.o)
                0x000000000000d054                open
 .text          0x000000000000d1a8       0x58 /home/xix277/engr-ece/Winter_Sem_2022/CME332/cme332_ex3_usosii_tasks/ex3_ucosii_tasks_bsp//libucosii_bsp.a(alt_release_fd.o)
                0x000000000000d1a8                alt_release_fd
 .text          0x000000000000d200      0x1ac /home/xix277/engr-ece/Winter_Sem_2022/CME332/cme332_ex3_usosii_tasks/ex3_ucosii_tasks_bsp//libucosii_bsp.a(alt_tick.o)
                0x000000000000d200                alt_alarm_stop
                0x000000000000d2a4                alt_tick
 .text          0x000000000000d3ac       0x24 /home/xix277/engr-ece/Winter_Sem_2022/CME332/cme332_ex3_usosii_tasks/ex3_ucosii_tasks_bsp//libucosii_bsp.a(altera_nios2_gen2_irq.o)
                0x000000000000d3ac                altera_nios2_gen2_irq_init
 .text          0x000000000000d3d0       0xd0 /home/xix277/engr-ece/Winter_Sem_2022/CME332/cme332_ex3_usosii_tasks/ex3_ucosii_tasks_bsp//libucosii_bsp.a(os_cpu_a.o)
                0x000000000000d3d0                OSCtxSw
                0x000000000000d3d0                OSIntCtxSw
                0x000000000000d45c                OSStartHighRdy
                0x000000000000d47c                OSStartTsk
 .text          0x000000000000d4a0      0x278 /home/xix277/engr-ece/Winter_Sem_2022/CME332/cme332_ex3_usosii_tasks/ex3_ucosii_tasks_bsp//libucosii_bsp.a(os_cpu_c.o)
                0x000000000000d4a0                OSTaskStkInit
                0x000000000000d5ec                OSTaskCreateHook
                0x000000000000d610                OSTaskDelHook
                0x000000000000d634                OSTaskSwHook
                0x000000000000d654                OSTaskStatHook
                0x000000000000d674                OSTimeTickHook
                0x000000000000d694                OSInitHookBegin
                0x000000000000d6b4                OSInitHookEnd
                0x000000000000d6d4                OSTaskIdleHook
                0x000000000000d6f4                OSTCBInitHook
 .text          0x000000000000d718      0x108 /home/xix277/engr-ece/Winter_Sem_2022/CME332/cme332_ex3_usosii_tasks/ex3_ucosii_tasks_bsp//libucosii_bsp.a(alt_find_file.o)
                0x000000000000d718                alt_find_file
 .text          0x000000000000d820       0xd8 /home/xix277/engr-ece/Winter_Sem_2022/CME332/cme332_ex3_usosii_tasks/ex3_ucosii_tasks_bsp//libucosii_bsp.a(alt_get_fd.o)
                0x000000000000d820                alt_get_fd
 .text          0x000000000000d8f8       0x90 /home/xix277/engr-ece/Winter_Sem_2022/CME332/cme332_ex3_usosii_tasks/ex3_ucosii_tasks_bsp//libucosii_bsp.a(alt_icache_flush.o)
                0x000000000000d8f8                alt_icache_flush
 .text          0x000000000000d988        0x0 /home/xix277/engr-ece/Winter_Sem_2022/CME332/cme332_ex3_usosii_tasks/ex3_ucosii_tasks_bsp//libucosii_bsp.a(alt_irq_entry.o)
 .text          0x000000000000d988        0x0 /home/xix277/engr-ece/Winter_Sem_2022/CME332/cme332_ex3_usosii_tasks/ex3_ucosii_tasks_bsp//libucosii_bsp.a(alt_irq_handler.o)
 .text          0x000000000000d988        0x0 /home/xix277/engr-ece/Winter_Sem_2022/CME332/cme332_ex3_usosii_tasks/ex3_ucosii_tasks_bsp//libucosii_bsp.a(alt_exception_entry.o)
 .text          0x000000000000d988       0x98 /home/xix277/engr-ece/Winter_Sem_2022/CME332/cme332_ex3_usosii_tasks/ex3_ucosii_tasks_bsp//libucosii_bsp.a(alt_instruction_exception_entry.o)
                0x000000000000d988                alt_exception_cause_generated_bad_addr
 .text          0x000000000000da20        0x0 /opt/intelFPGA/20.1.1/nios2eds/bin/gnu/H-x86_64-pc-linux-gnu/bin/../lib/gcc/nios2-elf/10.1.1/../../../../../H-x86_64-pc-linux-gnu/nios2-elf/lib/mhw-mulx/libc.a(lib_a-atexit.o)
 .text.atexit   0x000000000000da20       0x14 /opt/intelFPGA/20.1.1/nios2eds/bin/gnu/H-x86_64-pc-linux-gnu/bin/../lib/gcc/nios2-elf/10.1.1/../../../../../H-x86_64-pc-linux-gnu/nios2-elf/lib/mhw-mulx/libc.a(lib_a-atexit.o)
                0x000000000000da20                atexit
 .text          0x000000000000da34        0x0 /opt/intelFPGA/20.1.1/nios2eds/bin/gnu/H-x86_64-pc-linux-gnu/bin/../lib/gcc/nios2-elf/10.1.1/../../../../../H-x86_64-pc-linux-gnu/nios2-elf/lib/mhw-mulx/libc.a(lib_a-exit.o)
 .text.exit     0x000000000000da34       0x34 /opt/intelFPGA/20.1.1/nios2eds/bin/gnu/H-x86_64-pc-linux-gnu/bin/../lib/gcc/nios2-elf/10.1.1/../../../../../H-x86_64-pc-linux-gnu/nios2-elf/lib/mhw-mulx/libc.a(lib_a-exit.o)
                0x000000000000da34                exit
 .text          0x000000000000da68        0x0 /opt/intelFPGA/20.1.1/nios2eds/bin/gnu/H-x86_64-pc-linux-gnu/bin/../lib/gcc/nios2-elf/10.1.1/../../../../../H-x86_64-pc-linux-gnu/nios2-elf/lib/mhw-mulx/libc.a(lib_a-impure.o)
 .text          0x000000000000da68        0x0 /opt/intelFPGA/20.1.1/nios2eds/bin/gnu/H-x86_64-pc-linux-gnu/bin/../lib/gcc/nios2-elf/10.1.1/../../../../../H-x86_64-pc-linux-gnu/nios2-elf/lib/mhw-mulx/libc.a(lib_a-int_errno.o)
 .text          0x000000000000da68        0x0 /opt/intelFPGA/20.1.1/nios2eds/bin/gnu/H-x86_64-pc-linux-gnu/bin/../lib/gcc/nios2-elf/10.1.1/../../../../../H-x86_64-pc-linux-gnu/nios2-elf/lib/mhw-mulx/libc.a(lib_a-memcmp.o)
 .text.memcmp   0x000000000000da68       0x78 /opt/intelFPGA/20.1.1/nios2eds/bin/gnu/H-x86_64-pc-linux-gnu/bin/../lib/gcc/nios2-elf/10.1.1/../../../../../H-x86_64-pc-linux-gnu/nios2-elf/lib/mhw-mulx/libc.a(lib_a-memcmp.o)
                0x000000000000da68                memcmp
 .text          0x000000000000dae0        0x0 /opt/intelFPGA/20.1.1/nios2eds/bin/gnu/H-x86_64-pc-linux-gnu/bin/../lib/gcc/nios2-elf/10.1.1/../../../../../H-x86_64-pc-linux-gnu/nios2-elf/lib/mhw-mulx/libc.a(lib_a-memcpy.o)
 .text.memcpy   0x000000000000dae0      0x100 /opt/intelFPGA/20.1.1/nios2eds/bin/gnu/H-x86_64-pc-linux-gnu/bin/../lib/gcc/nios2-elf/10.1.1/../../../../../H-x86_64-pc-linux-gnu/nios2-elf/lib/mhw-mulx/libc.a(lib_a-memcpy.o)
                0x000000000000dae0                memcpy
 .text          0x000000000000dbe0        0x0 /opt/intelFPGA/20.1.1/nios2eds/bin/gnu/H-x86_64-pc-linux-gnu/bin/../lib/gcc/nios2-elf/10.1.1/../../../../../H-x86_64-pc-linux-gnu/nios2-elf/lib/mhw-mulx/libc.a(lib_a-memset.o)
 .text.memset   0x000000000000dbe0       0xf0 /opt/intelFPGA/20.1.1/nios2eds/bin/gnu/H-x86_64-pc-linux-gnu/bin/../lib/gcc/nios2-elf/10.1.1/../../../../../H-x86_64-pc-linux-gnu/nios2-elf/lib/mhw-mulx/libc.a(lib_a-memset.o)
                0x000000000000dbe0                memset
 .text          0x000000000000dcd0        0x0 /opt/intelFPGA/20.1.1/nios2eds/bin/gnu/H-x86_64-pc-linux-gnu/bin/../lib/gcc/nios2-elf/10.1.1/../../../../../H-x86_64-pc-linux-gnu/nios2-elf/lib/mhw-mulx/libc.a(lib_a-strlen.o)
 .text.strlen   0x000000000000dcd0       0x98 /opt/intelFPGA/20.1.1/nios2eds/bin/gnu/H-x86_64-pc-linux-gnu/bin/../lib/gcc/nios2-elf/10.1.1/../../../../../H-x86_64-pc-linux-gnu/nios2-elf/lib/mhw-mulx/libc.a(lib_a-strlen.o)
                0x000000000000dcd0                strlen
 .text          0x000000000000dd68        0x0 /opt/intelFPGA/20.1.1/nios2eds/bin/gnu/H-x86_64-pc-linux-gnu/bin/../lib/gcc/nios2-elf/10.1.1/../../../../../H-x86_64-pc-linux-gnu/nios2-elf/lib/mhw-mulx/libc.a(lib_a-__atexit.o)
 .text.__register_exitproc
                0x000000000000dd68       0x90 /opt/intelFPGA/20.1.1/nios2eds/bin/gnu/H-x86_64-pc-linux-gnu/bin/../lib/gcc/nios2-elf/10.1.1/../../../../../H-x86_64-pc-linux-gnu/nios2-elf/lib/mhw-mulx/libc.a(lib_a-__atexit.o)
                0x000000000000dd68                __register_exitproc
 .text          0x000000000000ddf8        0x0 /opt/intelFPGA/20.1.1/nios2eds/bin/gnu/H-x86_64-pc-linux-gnu/bin/../lib/gcc/nios2-elf/10.1.1/../../../../../H-x86_64-pc-linux-gnu/nios2-elf/lib/mhw-mulx/libc.a(lib_a-__call_atexit.o)
 .text.__call_exitprocs
                0x000000000000ddf8      0x120 /opt/intelFPGA/20.1.1/nios2eds/bin/gnu/H-x86_64-pc-linux-gnu/bin/../lib/gcc/nios2-elf/10.1.1/../../../../../H-x86_64-pc-linux-gnu/nios2-elf/lib/mhw-mulx/libc.a(lib_a-__call_atexit.o)
                0x000000000000ddf8                __call_exitprocs
 .text          0x000000000000df18       0x38 /home/xix277/engr-ece/Winter_Sem_2022/CME332/cme332_ex3_usosii_tasks/ex3_ucosii_tasks_bsp//libucosii_bsp.a(alt_exit.o)
                0x000000000000df18                _exit
 *(.gnu.warning.*)
 *(.fini)
                [!provide]                        PROVIDE (__etext = ABSOLUTE (.))
                [!provide]                        PROVIDE (_etext = ABSOLUTE (.))
                [!provide]                        PROVIDE (etext = ABSOLUTE (.))
 *(.eh_frame_hdr)
                0x000000000000df50                . = ALIGN (0x4)
                [!provide]                        PROVIDE (__preinit_array_start = ABSOLUTE (.))
 *(.preinit_array)
                [!provide]                        PROVIDE (__preinit_array_end = ABSOLUTE (.))
                [!provide]                        PROVIDE (__init_array_start = ABSOLUTE (.))
 *(.init_array)
                [!provide]                        PROVIDE (__init_array_end = ABSOLUTE (.))
                [!provide]                        PROVIDE (__fini_array_start = ABSOLUTE (.))
 *(.fini_array)
                [!provide]                        PROVIDE (__fini_array_end = ABSOLUTE (.))
 *(.eh_frame)
 *(.gcc_except_table .gcc_except_table.*)
 *(.dynamic)
                0x000000000000df50                PROVIDE (__CTOR_LIST__ = ABSOLUTE (.))
 *(.ctors)
 *(SORT_BY_NAME(.ctors.*))
                0x000000000000df50                PROVIDE (__CTOR_END__ = ABSOLUTE (.))
                0x000000000000df50                PROVIDE (__DTOR_LIST__ = ABSOLUTE (.))
 *(.dtors)
 *(SORT_BY_NAME(.dtors.*))
                0x000000000000df50                PROVIDE (__DTOR_END__ = ABSOLUTE (.))
 *(.jcr)
                0x000000000000df50                . = ALIGN (0x4)

.rodata         0x000000000000df50      0x398
                0x000000000000df50                PROVIDE (__ram_rodata_start = ABSOLUTE (.))
                0x000000000000df50                . = ALIGN (0x4)
 *(.rodata .rodata.* .gnu.linkonce.r.*)
 .rodata        0x000000000000df50      0x100 /opt/intelFPGA/20.1.1/nios2eds/bin/gnu/H-x86_64-pc-linux-gnu/bin/../lib/gcc/nios2-elf/10.1.1/mhw-mulx/libgcc.a(_clz.o)
                0x000000000000df50                __clz_tab
 .rodata        0x000000000000e050        0xf /home/xix277/engr-ece/Winter_Sem_2022/CME332/cme332_ex3_usosii_tasks/ex3_ucosii_tasks_bsp//libucosii_bsp.a(alt_main.o)
 *fill*         0x000000000000e05f        0x1 
 .rodata        0x000000000000e060      0x11e /home/xix277/engr-ece/Winter_Sem_2022/CME332/cme332_ex3_usosii_tasks/ex3_ucosii_tasks_bsp//libucosii_bsp.a(os_core.o)
                0x000000000000e060                OSUnMapTbl
 *fill*         0x000000000000e17e        0x2 
 .rodata        0x000000000000e180      0x159 /home/xix277/engr-ece/Winter_Sem_2022/CME332/cme332_ex3_usosii_tasks/ex3_ucosii_tasks_bsp//libucosii_bsp.a(alt_sys_init.o)
 *fill*         0x000000000000e2d9        0x3 
 .rodata        0x000000000000e2dc        0xa /home/xix277/engr-ece/Winter_Sem_2022/CME332/cme332_ex3_usosii_tasks/ex3_ucosii_tasks_bsp//libucosii_bsp.a(alt_dev.o)
 *(.rodata1)
                0x000000000000e2e8                . = ALIGN (0x4)
 *fill*         0x000000000000e2e6        0x2 
                0x000000000000e2e8                PROVIDE (__ram_rodata_end = ABSOLUTE (.))
                0x000000000000df50                PROVIDE (__flash_rodata_start = LOADADDR (.rodata))

.rwdata         0x000000000000e2e8     0x1a08 load address 0x000000000000fcf0
                0x000000000000e2e8                PROVIDE (__ram_rwdata_start = ABSOLUTE (.))
                0x000000000000e2e8                . = ALIGN (0x4)
 *(.got.plt)
 *(.got)
 *(.data1)
 *(.data .data.* .gnu.linkonce.d.*)
 .data          0x000000000000e2e8        0x0 /home/xix277/engr-ece/Winter_Sem_2022/CME332/cme332_ex3_usosii_tasks/ex3_ucosii_tasks_bsp//obj/HAL/src/crt0.o
 .data          0x000000000000e2e8        0x0 obj/default/ex3_ucosii_tasks.o
 .data          0x000000000000e2e8        0x0 /opt/intelFPGA/20.1.1/nios2eds/bin/gnu/H-x86_64-pc-linux-gnu/bin/../lib/gcc/nios2-elf/10.1.1/mhw-mulx/libgcc.a(floatsisf.o)
 .data          0x000000000000e2e8        0x0 /opt/intelFPGA/20.1.1/nios2eds/bin/gnu/H-x86_64-pc-linux-gnu/bin/../lib/gcc/nios2-elf/10.1.1/mhw-mulx/libgcc.a(adddf3.o)
 .data          0x000000000000e2e8        0x0 /opt/intelFPGA/20.1.1/nios2eds/bin/gnu/H-x86_64-pc-linux-gnu/bin/../lib/gcc/nios2-elf/10.1.1/mhw-mulx/libgcc.a(eqdf2.o)
 .data          0x000000000000e2e8        0x0 /opt/intelFPGA/20.1.1/nios2eds/bin/gnu/H-x86_64-pc-linux-gnu/bin/../lib/gcc/nios2-elf/10.1.1/mhw-mulx/libgcc.a(ledf2.o)
 .data          0x000000000000e2e8        0x0 /opt/intelFPGA/20.1.1/nios2eds/bin/gnu/H-x86_64-pc-linux-gnu/bin/../lib/gcc/nios2-elf/10.1.1/mhw-mulx/libgcc.a(muldf3.o)
 .data          0x000000000000e2e8        0x0 /opt/intelFPGA/20.1.1/nios2eds/bin/gnu/H-x86_64-pc-linux-gnu/bin/../lib/gcc/nios2-elf/10.1.1/mhw-mulx/libgcc.a(fixdfsi.o)
 .data          0x000000000000e2e8        0x0 /opt/intelFPGA/20.1.1/nios2eds/bin/gnu/H-x86_64-pc-linux-gnu/bin/../lib/gcc/nios2-elf/10.1.1/mhw-mulx/libgcc.a(extendsfdf2.o)
 .data          0x000000000000e2e8        0x0 /opt/intelFPGA/20.1.1/nios2eds/bin/gnu/H-x86_64-pc-linux-gnu/bin/../lib/gcc/nios2-elf/10.1.1/mhw-mulx/libgcc.a(_clzsi2.o)
 .data          0x000000000000e2e8        0x0 /opt/intelFPGA/20.1.1/nios2eds/bin/gnu/H-x86_64-pc-linux-gnu/bin/../lib/gcc/nios2-elf/10.1.1/mhw-mulx/libgcc.a(_clz.o)
 .data          0x000000000000e2e8        0x0 /home/xix277/engr-ece/Winter_Sem_2022/CME332/cme332_ex3_usosii_tasks/ex3_ucosii_tasks_bsp//libucosii_bsp.a(alt_load.o)
 .data          0x000000000000e2e8        0x0 /home/xix277/engr-ece/Winter_Sem_2022/CME332/cme332_ex3_usosii_tasks/ex3_ucosii_tasks_bsp//libucosii_bsp.a(alt_main.o)
 .data          0x000000000000e2e8        0x0 /home/xix277/engr-ece/Winter_Sem_2022/CME332/cme332_ex3_usosii_tasks/ex3_ucosii_tasks_bsp//libucosii_bsp.a(alt_env_lock.o)
 .data          0x000000000000e2e8        0x0 /home/xix277/engr-ece/Winter_Sem_2022/CME332/cme332_ex3_usosii_tasks/ex3_ucosii_tasks_bsp//libucosii_bsp.a(alt_malloc_lock.o)
 .data          0x000000000000e2e8        0x0 /home/xix277/engr-ece/Winter_Sem_2022/CME332/cme332_ex3_usosii_tasks/ex3_ucosii_tasks_bsp//libucosii_bsp.a(os_core.o)
 .data          0x000000000000e2e8        0x0 /home/xix277/engr-ece/Winter_Sem_2022/CME332/cme332_ex3_usosii_tasks/ex3_ucosii_tasks_bsp//libucosii_bsp.a(os_dbg.o)
 .data          0x000000000000e2e8        0x0 /home/xix277/engr-ece/Winter_Sem_2022/CME332/cme332_ex3_usosii_tasks/ex3_ucosii_tasks_bsp//libucosii_bsp.a(os_flag.o)
 .data          0x000000000000e2e8        0x0 /home/xix277/engr-ece/Winter_Sem_2022/CME332/cme332_ex3_usosii_tasks/ex3_ucosii_tasks_bsp//libucosii_bsp.a(os_mem.o)
 .data          0x000000000000e2e8        0x0 /home/xix277/engr-ece/Winter_Sem_2022/CME332/cme332_ex3_usosii_tasks/ex3_ucosii_tasks_bsp//libucosii_bsp.a(os_q.o)
 .data          0x000000000000e2e8        0x0 /home/xix277/engr-ece/Winter_Sem_2022/CME332/cme332_ex3_usosii_tasks/ex3_ucosii_tasks_bsp//libucosii_bsp.a(os_sem.o)
 .data          0x000000000000e2e8        0x0 /home/xix277/engr-ece/Winter_Sem_2022/CME332/cme332_ex3_usosii_tasks/ex3_ucosii_tasks_bsp//libucosii_bsp.a(os_task.o)
 .data          0x000000000000e2e8        0x0 /home/xix277/engr-ece/Winter_Sem_2022/CME332/cme332_ex3_usosii_tasks/ex3_ucosii_tasks_bsp//libucosii_bsp.a(os_time.o)
 .data          0x000000000000e2e8     0x1378 /home/xix277/engr-ece/Winter_Sem_2022/CME332/cme332_ex3_usosii_tasks/ex3_ucosii_tasks_bsp//libucosii_bsp.a(alt_sys_init.o)
 .data          0x000000000000f660        0x0 /home/xix277/engr-ece/Winter_Sem_2022/CME332/cme332_ex3_usosii_tasks/ex3_ucosii_tasks_bsp//libucosii_bsp.a(altera_avalon_jtag_uart_fd.o)
 .data          0x000000000000f660        0x0 /home/xix277/engr-ece/Winter_Sem_2022/CME332/cme332_ex3_usosii_tasks/ex3_ucosii_tasks_bsp//libucosii_bsp.a(altera_avalon_jtag_uart_init.o)
 .data          0x000000000000f660        0x0 /home/xix277/engr-ece/Winter_Sem_2022/CME332/cme332_ex3_usosii_tasks/ex3_ucosii_tasks_bsp//libucosii_bsp.a(altera_avalon_jtag_uart_ioctl.o)
 .data          0x000000000000f660        0x0 /home/xix277/engr-ece/Winter_Sem_2022/CME332/cme332_ex3_usosii_tasks/ex3_ucosii_tasks_bsp//libucosii_bsp.a(altera_avalon_jtag_uart_read.o)
 .data          0x000000000000f660        0x0 /home/xix277/engr-ece/Winter_Sem_2022/CME332/cme332_ex3_usosii_tasks/ex3_ucosii_tasks_bsp//libucosii_bsp.a(altera_avalon_jtag_uart_write.o)
 .data          0x000000000000f660        0x0 /home/xix277/engr-ece/Winter_Sem_2022/CME332/cme332_ex3_usosii_tasks/ex3_ucosii_tasks_bsp//libucosii_bsp.a(altera_avalon_timer_sc.o)
 .data          0x000000000000f660        0x0 /home/xix277/engr-ece/Winter_Sem_2022/CME332/cme332_ex3_usosii_tasks/ex3_ucosii_tasks_bsp//libucosii_bsp.a(altera_up_avalon_character_lcd.o)
 .data          0x000000000000f660        0x0 /home/xix277/engr-ece/Winter_Sem_2022/CME332/cme332_ex3_usosii_tasks/ex3_ucosii_tasks_bsp//libucosii_bsp.a(altera_up_avalon_irda.o)
 .data          0x000000000000f660        0x0 /home/xix277/engr-ece/Winter_Sem_2022/CME332/cme332_ex3_usosii_tasks/ex3_ucosii_tasks_bsp//libucosii_bsp.a(altera_up_avalon_ps2.o)
 .data          0x000000000000f660        0x0 /home/xix277/engr-ece/Winter_Sem_2022/CME332/cme332_ex3_usosii_tasks/ex3_ucosii_tasks_bsp//libucosii_bsp.a(altera_up_avalon_rs232.o)
 .data          0x000000000000f660        0x0 /home/xix277/engr-ece/Winter_Sem_2022/CME332/cme332_ex3_usosii_tasks/ex3_ucosii_tasks_bsp//libucosii_bsp.a(alt_alarm_start.o)
 .data          0x000000000000f660        0x0 /home/xix277/engr-ece/Winter_Sem_2022/CME332/cme332_ex3_usosii_tasks/ex3_ucosii_tasks_bsp//libucosii_bsp.a(alt_close.o)
 .data          0x000000000000f660        0x0 /home/xix277/engr-ece/Winter_Sem_2022/CME332/cme332_ex3_usosii_tasks/ex3_ucosii_tasks_bsp//libucosii_bsp.a(alt_dcache_flush_all.o)
 .data          0x000000000000f660      0x1a8 /home/xix277/engr-ece/Winter_Sem_2022/CME332/cme332_ex3_usosii_tasks/ex3_ucosii_tasks_bsp//libucosii_bsp.a(alt_dev.o)
                0x000000000000f660                alt_dev_null
                0x000000000000f688                alt_fd_list
 .data          0x000000000000f808        0x0 /home/xix277/engr-ece/Winter_Sem_2022/CME332/cme332_ex3_usosii_tasks/ex3_ucosii_tasks_bsp//libucosii_bsp.a(alt_dev_llist_insert.o)
 .data          0x000000000000f808        0x0 /home/xix277/engr-ece/Winter_Sem_2022/CME332/cme332_ex3_usosii_tasks/ex3_ucosii_tasks_bsp//libucosii_bsp.a(alt_do_ctors.o)
 .data          0x000000000000f808        0x0 /home/xix277/engr-ece/Winter_Sem_2022/CME332/cme332_ex3_usosii_tasks/ex3_ucosii_tasks_bsp//libucosii_bsp.a(alt_do_dtors.o)
 .data          0x000000000000f808        0x0 /home/xix277/engr-ece/Winter_Sem_2022/CME332/cme332_ex3_usosii_tasks/ex3_ucosii_tasks_bsp//libucosii_bsp.a(alt_errno.o)
 .data          0x000000000000f808        0x0 /home/xix277/engr-ece/Winter_Sem_2022/CME332/cme332_ex3_usosii_tasks/ex3_ucosii_tasks_bsp//libucosii_bsp.a(alt_find_dev.o)
 .data          0x000000000000f808        0x0 /home/xix277/engr-ece/Winter_Sem_2022/CME332/cme332_ex3_usosii_tasks/ex3_ucosii_tasks_bsp//libucosii_bsp.a(alt_icache_flush_all.o)
 .data          0x000000000000f808        0x0 /home/xix277/engr-ece/Winter_Sem_2022/CME332/cme332_ex3_usosii_tasks/ex3_ucosii_tasks_bsp//libucosii_bsp.a(alt_io_redirect.o)
 .data          0x000000000000f808        0x0 /home/xix277/engr-ece/Winter_Sem_2022/CME332/cme332_ex3_usosii_tasks/ex3_ucosii_tasks_bsp//libucosii_bsp.a(alt_irq_register.o)
 .data          0x000000000000f808        0x0 /home/xix277/engr-ece/Winter_Sem_2022/CME332/cme332_ex3_usosii_tasks/ex3_ucosii_tasks_bsp//libucosii_bsp.a(alt_irq_vars.o)
 .data          0x000000000000f808        0x0 /home/xix277/engr-ece/Winter_Sem_2022/CME332/cme332_ex3_usosii_tasks/ex3_ucosii_tasks_bsp//libucosii_bsp.a(alt_open.o)
 .data          0x000000000000f808        0x0 /home/xix277/engr-ece/Winter_Sem_2022/CME332/cme332_ex3_usosii_tasks/ex3_ucosii_tasks_bsp//libucosii_bsp.a(alt_release_fd.o)
 .data          0x000000000000f808        0x0 /home/xix277/engr-ece/Winter_Sem_2022/CME332/cme332_ex3_usosii_tasks/ex3_ucosii_tasks_bsp//libucosii_bsp.a(alt_tick.o)
 .data          0x000000000000f808        0x0 /home/xix277/engr-ece/Winter_Sem_2022/CME332/cme332_ex3_usosii_tasks/ex3_ucosii_tasks_bsp//libucosii_bsp.a(altera_nios2_gen2_irq.o)
 .data          0x000000000000f808        0x0 /home/xix277/engr-ece/Winter_Sem_2022/CME332/cme332_ex3_usosii_tasks/ex3_ucosii_tasks_bsp//libucosii_bsp.a(os_cpu_a.o)
 .data          0x000000000000f808        0x0 /home/xix277/engr-ece/Winter_Sem_2022/CME332/cme332_ex3_usosii_tasks/ex3_ucosii_tasks_bsp//libucosii_bsp.a(os_cpu_c.o)
 .data          0x000000000000f808        0x0 /home/xix277/engr-ece/Winter_Sem_2022/CME332/cme332_ex3_usosii_tasks/ex3_ucosii_tasks_bsp//libucosii_bsp.a(alt_find_file.o)
 .data          0x000000000000f808        0x0 /home/xix277/engr-ece/Winter_Sem_2022/CME332/cme332_ex3_usosii_tasks/ex3_ucosii_tasks_bsp//libucosii_bsp.a(alt_get_fd.o)
 .data          0x000000000000f808        0x0 /home/xix277/engr-ece/Winter_Sem_2022/CME332/cme332_ex3_usosii_tasks/ex3_ucosii_tasks_bsp//libucosii_bsp.a(alt_icache_flush.o)
 .data          0x000000000000f808        0x0 /home/xix277/engr-ece/Winter_Sem_2022/CME332/cme332_ex3_usosii_tasks/ex3_ucosii_tasks_bsp//libucosii_bsp.a(alt_irq_entry.o)
 .data          0x000000000000f808        0x0 /home/xix277/engr-ece/Winter_Sem_2022/CME332/cme332_ex3_usosii_tasks/ex3_ucosii_tasks_bsp//libucosii_bsp.a(alt_irq_handler.o)
 .data          0x000000000000f808        0x0 /home/xix277/engr-ece/Winter_Sem_2022/CME332/cme332_ex3_usosii_tasks/ex3_ucosii_tasks_bsp//libucosii_bsp.a(alt_exception_entry.o)
 .data          0x000000000000f808        0x0 /home/xix277/engr-ece/Winter_Sem_2022/CME332/cme332_ex3_usosii_tasks/ex3_ucosii_tasks_bsp//libucosii_bsp.a(alt_instruction_exception_entry.o)
 .data          0x000000000000f808        0x0 /opt/intelFPGA/20.1.1/nios2eds/bin/gnu/H-x86_64-pc-linux-gnu/bin/../lib/gcc/nios2-elf/10.1.1/../../../../../H-x86_64-pc-linux-gnu/nios2-elf/lib/mhw-mulx/libc.a(lib_a-atexit.o)
 .data          0x000000000000f808        0x0 /opt/intelFPGA/20.1.1/nios2eds/bin/gnu/H-x86_64-pc-linux-gnu/bin/../lib/gcc/nios2-elf/10.1.1/../../../../../H-x86_64-pc-linux-gnu/nios2-elf/lib/mhw-mulx/libc.a(lib_a-exit.o)
 .data          0x000000000000f808        0x0 /opt/intelFPGA/20.1.1/nios2eds/bin/gnu/H-x86_64-pc-linux-gnu/bin/../lib/gcc/nios2-elf/10.1.1/../../../../../H-x86_64-pc-linux-gnu/nios2-elf/lib/mhw-mulx/libc.a(lib_a-impure.o)
 .data.impure_data
                0x000000000000f808      0x424 /opt/intelFPGA/20.1.1/nios2eds/bin/gnu/H-x86_64-pc-linux-gnu/bin/../lib/gcc/nios2-elf/10.1.1/../../../../../H-x86_64-pc-linux-gnu/nios2-elf/lib/mhw-mulx/libc.a(lib_a-impure.o)
 .data          0x000000000000fc2c        0x0 /opt/intelFPGA/20.1.1/nios2eds/bin/gnu/H-x86_64-pc-linux-gnu/bin/../lib/gcc/nios2-elf/10.1.1/../../../../../H-x86_64-pc-linux-gnu/nios2-elf/lib/mhw-mulx/libc.a(lib_a-int_errno.o)
 .data          0x000000000000fc2c        0x0 /opt/intelFPGA/20.1.1/nios2eds/bin/gnu/H-x86_64-pc-linux-gnu/bin/../lib/gcc/nios2-elf/10.1.1/../../../../../H-x86_64-pc-linux-gnu/nios2-elf/lib/mhw-mulx/libc.a(lib_a-memcmp.o)
 .data          0x000000000000fc2c        0x0 /opt/intelFPGA/20.1.1/nios2eds/bin/gnu/H-x86_64-pc-linux-gnu/bin/../lib/gcc/nios2-elf/10.1.1/../../../../../H-x86_64-pc-linux-gnu/nios2-elf/lib/mhw-mulx/libc.a(lib_a-memcpy.o)
 .data          0x000000000000fc2c        0x0 /opt/intelFPGA/20.1.1/nios2eds/bin/gnu/H-x86_64-pc-linux-gnu/bin/../lib/gcc/nios2-elf/10.1.1/../../../../../H-x86_64-pc-linux-gnu/nios2-elf/lib/mhw-mulx/libc.a(lib_a-memset.o)
 .data          0x000000000000fc2c        0x0 /opt/intelFPGA/20.1.1/nios2eds/bin/gnu/H-x86_64-pc-linux-gnu/bin/../lib/gcc/nios2-elf/10.1.1/../../../../../H-x86_64-pc-linux-gnu/nios2-elf/lib/mhw-mulx/libc.a(lib_a-strlen.o)
 .data          0x000000000000fc2c        0x0 /opt/intelFPGA/20.1.1/nios2eds/bin/gnu/H-x86_64-pc-linux-gnu/bin/../lib/gcc/nios2-elf/10.1.1/../../../../../H-x86_64-pc-linux-gnu/nios2-elf/lib/mhw-mulx/libc.a(lib_a-__atexit.o)
 .data          0x000000000000fc2c        0x0 /opt/intelFPGA/20.1.1/nios2eds/bin/gnu/H-x86_64-pc-linux-gnu/bin/../lib/gcc/nios2-elf/10.1.1/../../../../../H-x86_64-pc-linux-gnu/nios2-elf/lib/mhw-mulx/libc.a(lib_a-__call_atexit.o)
 .data          0x000000000000fc2c        0x0 /home/xix277/engr-ece/Winter_Sem_2022/CME332/cme332_ex3_usosii_tasks/ex3_ucosii_tasks_bsp//libucosii_bsp.a(alt_exit.o)
                0x0000000000017c2c                _gp = ABSOLUTE ((. + 0x8000))
                [!provide]                        PROVIDE (gp = _gp)
 *(.rwdata .rwdata.*)
 *(.sdata .sdata.* .gnu.linkonce.s.*)
 .sdata         0x000000000000fc2c       0x1c obj/default/ex3_ucosii_tasks.o
                0x000000000000fc2c                red_LED_ptr
                0x000000000000fc30                switch_ptr
                0x000000000000fc34                hex3_0_ptr
                0x000000000000fc38                green_LED_ptr
                0x000000000000fc3c                interval_timer_ptr
                0x000000000000fc40                KEY_ptr
                0x000000000000fc44                calculate
 .sdata         0x000000000000fc48        0x4 /home/xix277/engr-ece/Winter_Sem_2022/CME332/cme332_ex3_usosii_tasks/ex3_ucosii_tasks_bsp//libucosii_bsp.a(alt_env_lock.o)
 .sdata         0x000000000000fc4c        0x4 /home/xix277/engr-ece/Winter_Sem_2022/CME332/cme332_ex3_usosii_tasks/ex3_ucosii_tasks_bsp//libucosii_bsp.a(alt_malloc_lock.o)
 .sdata         0x000000000000fc50       0x72 /home/xix277/engr-ece/Winter_Sem_2022/CME332/cme332_ex3_usosii_tasks/ex3_ucosii_tasks_bsp//libucosii_bsp.a(os_dbg.o)
                0x000000000000fc50                OSDebugEn
                0x000000000000fc54                OSEndiannessTest
                0x000000000000fc58                OSEventEn
                0x000000000000fc5a                OSEventMax
                0x000000000000fc5c                OSEventNameSize
                0x000000000000fc5e                OSEventSize
                0x000000000000fc60                OSEventTblSize
                0x000000000000fc62                OSEventMultiEn
                0x000000000000fc64                OSFlagEn
                0x000000000000fc66                OSFlagGrpSize
                0x000000000000fc68                OSFlagNodeSize
                0x000000000000fc6a                OSFlagWidth
                0x000000000000fc6c                OSFlagMax
                0x000000000000fc6e                OSFlagNameSize
                0x000000000000fc70                OSLowestPrio
                0x000000000000fc72                OSMboxEn
                0x000000000000fc74                OSMemEn
                0x000000000000fc76                OSMemMax
                0x000000000000fc78                OSMemNameSize
                0x000000000000fc7a                OSMemSize
                0x000000000000fc7c                OSMemTblSize
                0x000000000000fc7e                OSMutexEn
                0x000000000000fc80                OSPtrSize
                0x000000000000fc82                OSQEn
                0x000000000000fc84                OSQMax
                0x000000000000fc86                OSQSize
                0x000000000000fc88                OSRdyTblSize
                0x000000000000fc8a                OSSemEn
                0x000000000000fc8c                OSStkWidth
                0x000000000000fc8e                OSTaskCreateEn
                0x000000000000fc90                OSTaskCreateExtEn
                0x000000000000fc92                OSTaskDelEn
                0x000000000000fc94                OSTaskIdleStkSize
                0x000000000000fc96                OSTaskProfileEn
                0x000000000000fc98                OSTaskMax
                0x000000000000fc9a                OSTaskNameSize
                0x000000000000fc9c                OSTaskStatEn
                0x000000000000fc9e                OSTaskStatStkSize
                0x000000000000fca0                OSTaskStatStkChkEn
                0x000000000000fca2                OSTaskSwHookEn
                0x000000000000fca4                OSTCBPrioTblMax
                0x000000000000fca6                OSTCBSize
                0x000000000000fca8                OSTicksPerSec
                0x000000000000fcaa                OSTimeTickHookEn
                0x000000000000fcac                OSVersionNbr
                0x000000000000fcae                OSTmrEn
                0x000000000000fcb0                OSTmrCfgMax
                0x000000000000fcb2                OSTmrCfgNameSize
                0x000000000000fcb4                OSTmrCfgWheelSize
                0x000000000000fcb6                OSTmrCfgTicksPerSec
                0x000000000000fcb8                OSTmrSize
                0x000000000000fcba                OSTmrTblSize
                0x000000000000fcbc                OSTmrWheelSize
                0x000000000000fcbe                OSTmrWheelTblSize
                0x000000000000fcc0                OSDataSize
 *fill*         0x000000000000fcc2        0x2 
 .sdata         0x000000000000fcc4       0x14 /home/xix277/engr-ece/Winter_Sem_2022/CME332/cme332_ex3_usosii_tasks/ex3_ucosii_tasks_bsp//libucosii_bsp.a(alt_dev.o)
                0x000000000000fcc4                alt_fs_list
                0x000000000000fccc                alt_dev_list
                0x000000000000fcd4                alt_max_fd
 .sdata         0x000000000000fcd8        0x4 /home/xix277/engr-ece/Winter_Sem_2022/CME332/cme332_ex3_usosii_tasks/ex3_ucosii_tasks_bsp//libucosii_bsp.a(alt_errno.o)
                0x000000000000fcd8                alt_errno
 .sdata         0x000000000000fcdc        0x4 /home/xix277/engr-ece/Winter_Sem_2022/CME332/cme332_ex3_usosii_tasks/ex3_ucosii_tasks_bsp//libucosii_bsp.a(alt_irq_vars.o)
                0x000000000000fcdc                alt_priority_mask
 .sdata         0x000000000000fce0        0x8 /home/xix277/engr-ece/Winter_Sem_2022/CME332/cme332_ex3_usosii_tasks/ex3_ucosii_tasks_bsp//libucosii_bsp.a(alt_tick.o)
                0x000000000000fce0                alt_alarm_list
 .sdata._global_impure_ptr
                0x000000000000fce8        0x4 /opt/intelFPGA/20.1.1/nios2eds/bin/gnu/H-x86_64-pc-linux-gnu/bin/../lib/gcc/nios2-elf/10.1.1/../../../../../H-x86_64-pc-linux-gnu/nios2-elf/lib/mhw-mulx/libc.a(lib_a-impure.o)
                0x000000000000fce8                _global_impure_ptr
 .sdata._impure_ptr
                0x000000000000fcec        0x4 /opt/intelFPGA/20.1.1/nios2eds/bin/gnu/H-x86_64-pc-linux-gnu/bin/../lib/gcc/nios2-elf/10.1.1/../../../../../H-x86_64-pc-linux-gnu/nios2-elf/lib/mhw-mulx/libc.a(lib_a-impure.o)
                0x000000000000fcec                _impure_ptr
 *(.sdata2 .sdata2.* .gnu.linkonce.s2.*)
                0x000000000000fcf0                . = ALIGN (0x4)
                0x000000000000fcf0                _edata = ABSOLUTE (.)
                [!provide]                        PROVIDE (edata = ABSOLUTE (.))
                0x000000000000fcf0                PROVIDE (__ram_rwdata_end = ABSOLUTE (.))
                0x000000000000fcf0                PROVIDE (__flash_rwdata_start = LOADADDR (.rwdata))

.bss            0x00000000000116f8     0x942c
                0x00000000000116f8                __bss_start = ABSOLUTE (.)
                [!provide]                        PROVIDE (__sbss_start = ABSOLUTE (.))
                [!provide]                        PROVIDE (___sbss_start = ABSOLUTE (.))
 *(.dynsbss)
 *(.sbss .sbss.* .gnu.linkonce.sb.*)
 .sbss          0x00000000000116f8       0x8c obj/default/ex3_ucosii_tasks.o
                0x00000000000116f8                speed_timer
                0x00000000000116fc                speed
                0x0000000000011704                old_time
                0x000000000001170c                acceleration
                0x0000000000011714                speed_in_km
                0x0000000000011718                throttle
                0x000000000001171c                engine
                0x0000000000011720                eng_timer
                0x0000000000011724                key_fob
                0x0000000000011728                drive_neutral
                0x000000000001172c                park
                0x0000000000011730                brake_pedal
                0x0000000000011734                accel_pedal
                0x0000000000011738                eng_start_stop
                0x000000000001173c                sw_value
                0x0000000000011740                sw9
                0x0000000000011744                sw1
                0x0000000000011748                sw0
                0x000000000001174c                key_value
                0x0000000000011750                key3
                0x0000000000011754                key2
                0x0000000000011758                key0
                0x000000000001175c                hex_array
                0x0000000000011760                Key_Fob_Sem
                0x0000000000011764                Brake_Pedal_Sem
                0x0000000000011768                Eng_Start_Stop_Sem
                0x000000000001176c                Engine_Sem
                0x0000000000011770                Park_Sem
                0x0000000000011774                Accel_Pedal_Sem
                0x0000000000011778                Throttle_Sem
                0x000000000001177c                Speed_Sem
                0x0000000000011780                Drive_Neutral_Sem
 .sbss          0x0000000000011784        0xc /home/xix277/engr-ece/Winter_Sem_2022/CME332/cme332_ex3_usosii_tasks/ex3_ucosii_tasks_bsp//libucosii_bsp.a(alt_main.o)
                0x0000000000011784                alt_argc
                0x0000000000011788                alt_argv
                0x000000000001178c                alt_envp
 .sbss          0x0000000000011790        0x8 /home/xix277/engr-ece/Winter_Sem_2022/CME332/cme332_ex3_usosii_tasks/ex3_ucosii_tasks_bsp//libucosii_bsp.a(alt_env_lock.o)
                0x0000000000011790                alt_envsem
 .sbss          0x0000000000011798        0x8 /home/xix277/engr-ece/Winter_Sem_2022/CME332/cme332_ex3_usosii_tasks/ex3_ucosii_tasks_bsp//libucosii_bsp.a(alt_malloc_lock.o)
                0x0000000000011798                alt_heapsem
 .sbss          0x00000000000117a0       0x48 /home/xix277/engr-ece/Winter_Sem_2022/CME332/cme332_ex3_usosii_tasks/ex3_ucosii_tasks_bsp//libucosii_bsp.a(os_core.o)
                0x00000000000117a0                OSCtxSwCtr
                0x00000000000117a4                OSEventFreeList
                0x00000000000117a8                OSFlagFreeList
                0x00000000000117ac                OSCPUUsage
                0x00000000000117b0                OSIdleCtrMax
                0x00000000000117b4                OSIdleCtrRun
                0x00000000000117b8                OSStatRdy
                0x00000000000117b9                OSIntNesting
                0x00000000000117ba                OSLockNesting
                0x00000000000117bb                OSPrioCur
                0x00000000000117bc                OSPrioHighRdy
                0x00000000000117bd                OSRdyGrp
                0x00000000000117be                OSRdyTbl
                0x00000000000117c1                OSRunning
                0x00000000000117c2                OSTaskCtr
                0x00000000000117c4                OSIdleCtr
                0x00000000000117c8                OSTCBCur
                0x00000000000117cc                OSTCBFreeList
                0x00000000000117d0                OSTCBHighRdy
                0x00000000000117d4                OSTCBList
                0x00000000000117d8                OSTickStepState
                0x00000000000117dc                OSMemFreeList
                0x00000000000117e0                OSQFreeList
                0x00000000000117e4                OSTime
 .sbss          0x00000000000117e8        0x4 /home/xix277/engr-ece/Winter_Sem_2022/CME332/cme332_ex3_usosii_tasks/ex3_ucosii_tasks_bsp//libucosii_bsp.a(alt_dev.o)
                0x00000000000117e8                alt_fd_list_lock
 .sbss          0x00000000000117ec        0x4 /home/xix277/engr-ece/Winter_Sem_2022/CME332/cme332_ex3_usosii_tasks/ex3_ucosii_tasks_bsp//libucosii_bsp.a(alt_irq_vars.o)
                0x00000000000117ec                alt_irq_active
 .sbss          0x00000000000117f0        0x8 /home/xix277/engr-ece/Winter_Sem_2022/CME332/cme332_ex3_usosii_tasks/ex3_ucosii_tasks_bsp//libucosii_bsp.a(alt_tick.o)
                0x00000000000117f0                _alt_tick_rate
                0x00000000000117f4                _alt_nticks
 .sbss          0x00000000000117f8        0x4 /home/xix277/engr-ece/Winter_Sem_2022/CME332/cme332_ex3_usosii_tasks/ex3_ucosii_tasks_bsp//libucosii_bsp.a(alt_instruction_exception_entry.o)
                0x00000000000117f8                alt_instruction_exception_handler
 .sbss.errno    0x00000000000117fc        0x4 /opt/intelFPGA/20.1.1/nios2eds/bin/gnu/H-x86_64-pc-linux-gnu/bin/../lib/gcc/nios2-elf/10.1.1/../../../../../H-x86_64-pc-linux-gnu/nios2-elf/lib/mhw-mulx/libc.a(lib_a-int_errno.o)
                0x00000000000117fc                errno
 *(.sbss2 .sbss2.* .gnu.linkonce.sb2.*)
 *(.scommon)
                [!provide]                        PROVIDE (__sbss_end = ABSOLUTE (.))
                [!provide]                        PROVIDE (___sbss_end = ABSOLUTE (.))
 *(.dynbss)
 *(.bss .bss.* .gnu.linkonce.b.*)
 .bss           0x0000000000011800        0x0 /home/xix277/engr-ece/Winter_Sem_2022/CME332/cme332_ex3_usosii_tasks/ex3_ucosii_tasks_bsp//obj/HAL/src/crt0.o
 .bss           0x0000000000011800     0x6000 obj/default/ex3_ucosii_tasks.o
                0x0000000000011800                task1_stk
                0x0000000000013800                task2_stk
                0x0000000000015800                task3_stk
 .bss           0x0000000000017800        0x0 /opt/intelFPGA/20.1.1/nios2eds/bin/gnu/H-x86_64-pc-linux-gnu/bin/../lib/gcc/nios2-elf/10.1.1/mhw-mulx/libgcc.a(floatsisf.o)
 .bss           0x0000000000017800        0x0 /opt/intelFPGA/20.1.1/nios2eds/bin/gnu/H-x86_64-pc-linux-gnu/bin/../lib/gcc/nios2-elf/10.1.1/mhw-mulx/libgcc.a(adddf3.o)
 .bss           0x0000000000017800        0x0 /opt/intelFPGA/20.1.1/nios2eds/bin/gnu/H-x86_64-pc-linux-gnu/bin/../lib/gcc/nios2-elf/10.1.1/mhw-mulx/libgcc.a(eqdf2.o)
 .bss           0x0000000000017800        0x0 /opt/intelFPGA/20.1.1/nios2eds/bin/gnu/H-x86_64-pc-linux-gnu/bin/../lib/gcc/nios2-elf/10.1.1/mhw-mulx/libgcc.a(ledf2.o)
 .bss           0x0000000000017800        0x0 /opt/intelFPGA/20.1.1/nios2eds/bin/gnu/H-x86_64-pc-linux-gnu/bin/../lib/gcc/nios2-elf/10.1.1/mhw-mulx/libgcc.a(muldf3.o)
 .bss           0x0000000000017800        0x0 /opt/intelFPGA/20.1.1/nios2eds/bin/gnu/H-x86_64-pc-linux-gnu/bin/../lib/gcc/nios2-elf/10.1.1/mhw-mulx/libgcc.a(fixdfsi.o)
 .bss           0x0000000000017800        0x0 /opt/intelFPGA/20.1.1/nios2eds/bin/gnu/H-x86_64-pc-linux-gnu/bin/../lib/gcc/nios2-elf/10.1.1/mhw-mulx/libgcc.a(extendsfdf2.o)
 .bss           0x0000000000017800        0x0 /opt/intelFPGA/20.1.1/nios2eds/bin/gnu/H-x86_64-pc-linux-gnu/bin/../lib/gcc/nios2-elf/10.1.1/mhw-mulx/libgcc.a(_clzsi2.o)
 .bss           0x0000000000017800        0x0 /opt/intelFPGA/20.1.1/nios2eds/bin/gnu/H-x86_64-pc-linux-gnu/bin/../lib/gcc/nios2-elf/10.1.1/mhw-mulx/libgcc.a(_clz.o)
 .bss           0x0000000000017800        0x0 /home/xix277/engr-ece/Winter_Sem_2022/CME332/cme332_ex3_usosii_tasks/ex3_ucosii_tasks_bsp//libucosii_bsp.a(alt_load.o)
 .bss           0x0000000000017800        0x0 /home/xix277/engr-ece/Winter_Sem_2022/CME332/cme332_ex3_usosii_tasks/ex3_ucosii_tasks_bsp//libucosii_bsp.a(alt_main.o)
 .bss           0x0000000000017800        0x0 /home/xix277/engr-ece/Winter_Sem_2022/CME332/cme332_ex3_usosii_tasks/ex3_ucosii_tasks_bsp//libucosii_bsp.a(alt_env_lock.o)
 .bss           0x0000000000017800        0x0 /home/xix277/engr-ece/Winter_Sem_2022/CME332/cme332_ex3_usosii_tasks/ex3_ucosii_tasks_bsp//libucosii_bsp.a(alt_malloc_lock.o)
 .bss           0x0000000000017800     0x3224 /home/xix277/engr-ece/Winter_Sem_2022/CME332/cme332_ex3_usosii_tasks/ex3_ucosii_tasks_bsp//libucosii_bsp.a(os_core.o)
                0x0000000000017800                OSEventTbl
                0x0000000000018340                OSFlagTbl
                0x00000000000186b0                OSTaskStatStk
                0x0000000000018eb0                OSTaskIdleStk
                0x00000000000196b0                OSTCBPrioTbl
                0x0000000000019704                OSTCBTbl
                0x0000000000019c14                OSMemTbl
                0x000000000001a844                OSQTbl
 .bss           0x000000000001aa24        0x0 /home/xix277/engr-ece/Winter_Sem_2022/CME332/cme332_ex3_usosii_tasks/ex3_ucosii_tasks_bsp//libucosii_bsp.a(os_dbg.o)
 .bss           0x000000000001aa24        0x0 /home/xix277/engr-ece/Winter_Sem_2022/CME332/cme332_ex3_usosii_tasks/ex3_ucosii_tasks_bsp//libucosii_bsp.a(os_flag.o)
 .bss           0x000000000001aa24        0x0 /home/xix277/engr-ece/Winter_Sem_2022/CME332/cme332_ex3_usosii_tasks/ex3_ucosii_tasks_bsp//libucosii_bsp.a(os_mem.o)
 .bss           0x000000000001aa24        0x0 /home/xix277/engr-ece/Winter_Sem_2022/CME332/cme332_ex3_usosii_tasks/ex3_ucosii_tasks_bsp//libucosii_bsp.a(os_q.o)
 .bss           0x000000000001aa24        0x0 /home/xix277/engr-ece/Winter_Sem_2022/CME332/cme332_ex3_usosii_tasks/ex3_ucosii_tasks_bsp//libucosii_bsp.a(os_sem.o)
 .bss           0x000000000001aa24        0x0 /home/xix277/engr-ece/Winter_Sem_2022/CME332/cme332_ex3_usosii_tasks/ex3_ucosii_tasks_bsp//libucosii_bsp.a(os_task.o)
 .bss           0x000000000001aa24        0x0 /home/xix277/engr-ece/Winter_Sem_2022/CME332/cme332_ex3_usosii_tasks/ex3_ucosii_tasks_bsp//libucosii_bsp.a(os_time.o)
 .bss           0x000000000001aa24        0x0 /home/xix277/engr-ece/Winter_Sem_2022/CME332/cme332_ex3_usosii_tasks/ex3_ucosii_tasks_bsp//libucosii_bsp.a(alt_sys_init.o)
 .bss           0x000000000001aa24        0x0 /home/xix277/engr-ece/Winter_Sem_2022/CME332/cme332_ex3_usosii_tasks/ex3_ucosii_tasks_bsp//libucosii_bsp.a(altera_avalon_jtag_uart_fd.o)
 .bss           0x000000000001aa24        0x0 /home/xix277/engr-ece/Winter_Sem_2022/CME332/cme332_ex3_usosii_tasks/ex3_ucosii_tasks_bsp//libucosii_bsp.a(altera_avalon_jtag_uart_init.o)
 .bss           0x000000000001aa24        0x0 /home/xix277/engr-ece/Winter_Sem_2022/CME332/cme332_ex3_usosii_tasks/ex3_ucosii_tasks_bsp//libucosii_bsp.a(altera_avalon_jtag_uart_ioctl.o)
 .bss           0x000000000001aa24        0x0 /home/xix277/engr-ece/Winter_Sem_2022/CME332/cme332_ex3_usosii_tasks/ex3_ucosii_tasks_bsp//libucosii_bsp.a(altera_avalon_jtag_uart_read.o)
 .bss           0x000000000001aa24        0x0 /home/xix277/engr-ece/Winter_Sem_2022/CME332/cme332_ex3_usosii_tasks/ex3_ucosii_tasks_bsp//libucosii_bsp.a(altera_avalon_jtag_uart_write.o)
 .bss           0x000000000001aa24        0x0 /home/xix277/engr-ece/Winter_Sem_2022/CME332/cme332_ex3_usosii_tasks/ex3_ucosii_tasks_bsp//libucosii_bsp.a(altera_avalon_timer_sc.o)
 .bss           0x000000000001aa24        0x0 /home/xix277/engr-ece/Winter_Sem_2022/CME332/cme332_ex3_usosii_tasks/ex3_ucosii_tasks_bsp//libucosii_bsp.a(altera_up_avalon_character_lcd.o)
 .bss           0x000000000001aa24        0x0 /home/xix277/engr-ece/Winter_Sem_2022/CME332/cme332_ex3_usosii_tasks/ex3_ucosii_tasks_bsp//libucosii_bsp.a(altera_up_avalon_irda.o)
 .bss           0x000000000001aa24        0x0 /home/xix277/engr-ece/Winter_Sem_2022/CME332/cme332_ex3_usosii_tasks/ex3_ucosii_tasks_bsp//libucosii_bsp.a(altera_up_avalon_ps2.o)
 .bss           0x000000000001aa24        0x0 /home/xix277/engr-ece/Winter_Sem_2022/CME332/cme332_ex3_usosii_tasks/ex3_ucosii_tasks_bsp//libucosii_bsp.a(altera_up_avalon_rs232.o)
 .bss           0x000000000001aa24        0x0 /home/xix277/engr-ece/Winter_Sem_2022/CME332/cme332_ex3_usosii_tasks/ex3_ucosii_tasks_bsp//libucosii_bsp.a(alt_alarm_start.o)
 .bss           0x000000000001aa24        0x0 /home/xix277/engr-ece/Winter_Sem_2022/CME332/cme332_ex3_usosii_tasks/ex3_ucosii_tasks_bsp//libucosii_bsp.a(alt_close.o)
 .bss           0x000000000001aa24        0x0 /home/xix277/engr-ece/Winter_Sem_2022/CME332/cme332_ex3_usosii_tasks/ex3_ucosii_tasks_bsp//libucosii_bsp.a(alt_dcache_flush_all.o)
 .bss           0x000000000001aa24        0x0 /home/xix277/engr-ece/Winter_Sem_2022/CME332/cme332_ex3_usosii_tasks/ex3_ucosii_tasks_bsp//libucosii_bsp.a(alt_dev.o)
 .bss           0x000000000001aa24        0x0 /home/xix277/engr-ece/Winter_Sem_2022/CME332/cme332_ex3_usosii_tasks/ex3_ucosii_tasks_bsp//libucosii_bsp.a(alt_dev_llist_insert.o)
 .bss           0x000000000001aa24        0x0 /home/xix277/engr-ece/Winter_Sem_2022/CME332/cme332_ex3_usosii_tasks/ex3_ucosii_tasks_bsp//libucosii_bsp.a(alt_do_ctors.o)
 .bss           0x000000000001aa24        0x0 /home/xix277/engr-ece/Winter_Sem_2022/CME332/cme332_ex3_usosii_tasks/ex3_ucosii_tasks_bsp//libucosii_bsp.a(alt_do_dtors.o)
 .bss           0x000000000001aa24        0x0 /home/xix277/engr-ece/Winter_Sem_2022/CME332/cme332_ex3_usosii_tasks/ex3_ucosii_tasks_bsp//libucosii_bsp.a(alt_errno.o)
 .bss           0x000000000001aa24        0x0 /home/xix277/engr-ece/Winter_Sem_2022/CME332/cme332_ex3_usosii_tasks/ex3_ucosii_tasks_bsp//libucosii_bsp.a(alt_find_dev.o)
 .bss           0x000000000001aa24        0x0 /home/xix277/engr-ece/Winter_Sem_2022/CME332/cme332_ex3_usosii_tasks/ex3_ucosii_tasks_bsp//libucosii_bsp.a(alt_icache_flush_all.o)
 .bss           0x000000000001aa24        0x0 /home/xix277/engr-ece/Winter_Sem_2022/CME332/cme332_ex3_usosii_tasks/ex3_ucosii_tasks_bsp//libucosii_bsp.a(alt_io_redirect.o)
 .bss           0x000000000001aa24        0x0 /home/xix277/engr-ece/Winter_Sem_2022/CME332/cme332_ex3_usosii_tasks/ex3_ucosii_tasks_bsp//libucosii_bsp.a(alt_irq_register.o)
 .bss           0x000000000001aa24        0x0 /home/xix277/engr-ece/Winter_Sem_2022/CME332/cme332_ex3_usosii_tasks/ex3_ucosii_tasks_bsp//libucosii_bsp.a(alt_irq_vars.o)
 .bss           0x000000000001aa24        0x0 /home/xix277/engr-ece/Winter_Sem_2022/CME332/cme332_ex3_usosii_tasks/ex3_ucosii_tasks_bsp//libucosii_bsp.a(alt_open.o)
 .bss           0x000000000001aa24        0x0 /home/xix277/engr-ece/Winter_Sem_2022/CME332/cme332_ex3_usosii_tasks/ex3_ucosii_tasks_bsp//libucosii_bsp.a(alt_release_fd.o)
 .bss           0x000000000001aa24        0x0 /home/xix277/engr-ece/Winter_Sem_2022/CME332/cme332_ex3_usosii_tasks/ex3_ucosii_tasks_bsp//libucosii_bsp.a(alt_tick.o)
 .bss           0x000000000001aa24        0x0 /home/xix277/engr-ece/Winter_Sem_2022/CME332/cme332_ex3_usosii_tasks/ex3_ucosii_tasks_bsp//libucosii_bsp.a(altera_nios2_gen2_irq.o)
 .bss           0x000000000001aa24        0x0 /home/xix277/engr-ece/Winter_Sem_2022/CME332/cme332_ex3_usosii_tasks/ex3_ucosii_tasks_bsp//libucosii_bsp.a(os_cpu_a.o)
 .bss           0x000000000001aa24        0x0 /home/xix277/engr-ece/Winter_Sem_2022/CME332/cme332_ex3_usosii_tasks/ex3_ucosii_tasks_bsp//libucosii_bsp.a(os_cpu_c.o)
 .bss           0x000000000001aa24        0x0 /home/xix277/engr-ece/Winter_Sem_2022/CME332/cme332_ex3_usosii_tasks/ex3_ucosii_tasks_bsp//libucosii_bsp.a(alt_find_file.o)
 .bss           0x000000000001aa24        0x0 /home/xix277/engr-ece/Winter_Sem_2022/CME332/cme332_ex3_usosii_tasks/ex3_ucosii_tasks_bsp//libucosii_bsp.a(alt_get_fd.o)
 .bss           0x000000000001aa24        0x0 /home/xix277/engr-ece/Winter_Sem_2022/CME332/cme332_ex3_usosii_tasks/ex3_ucosii_tasks_bsp//libucosii_bsp.a(alt_icache_flush.o)
 .bss           0x000000000001aa24        0x0 /home/xix277/engr-ece/Winter_Sem_2022/CME332/cme332_ex3_usosii_tasks/ex3_ucosii_tasks_bsp//libucosii_bsp.a(alt_irq_entry.o)
 .bss           0x000000000001aa24      0x100 /home/xix277/engr-ece/Winter_Sem_2022/CME332/cme332_ex3_usosii_tasks/ex3_ucosii_tasks_bsp//libucosii_bsp.a(alt_irq_handler.o)
                0x000000000001aa24                alt_irq
 .bss           0x000000000001ab24        0x0 /home/xix277/engr-ece/Winter_Sem_2022/CME332/cme332_ex3_usosii_tasks/ex3_ucosii_tasks_bsp//libucosii_bsp.a(alt_exception_entry.o)
 .bss           0x000000000001ab24        0x0 /home/xix277/engr-ece/Winter_Sem_2022/CME332/cme332_ex3_usosii_tasks/ex3_ucosii_tasks_bsp//libucosii_bsp.a(alt_instruction_exception_entry.o)
 .bss           0x000000000001ab24        0x0 /opt/intelFPGA/20.1.1/nios2eds/bin/gnu/H-x86_64-pc-linux-gnu/bin/../lib/gcc/nios2-elf/10.1.1/../../../../../H-x86_64-pc-linux-gnu/nios2-elf/lib/mhw-mulx/libc.a(lib_a-atexit.o)
 .bss           0x000000000001ab24        0x0 /opt/intelFPGA/20.1.1/nios2eds/bin/gnu/H-x86_64-pc-linux-gnu/bin/../lib/gcc/nios2-elf/10.1.1/../../../../../H-x86_64-pc-linux-gnu/nios2-elf/lib/mhw-mulx/libc.a(lib_a-exit.o)
 .bss           0x000000000001ab24        0x0 /opt/intelFPGA/20.1.1/nios2eds/bin/gnu/H-x86_64-pc-linux-gnu/bin/../lib/gcc/nios2-elf/10.1.1/../../../../../H-x86_64-pc-linux-gnu/nios2-elf/lib/mhw-mulx/libc.a(lib_a-impure.o)
 .bss           0x000000000001ab24        0x0 /opt/intelFPGA/20.1.1/nios2eds/bin/gnu/H-x86_64-pc-linux-gnu/bin/../lib/gcc/nios2-elf/10.1.1/../../../../../H-x86_64-pc-linux-gnu/nios2-elf/lib/mhw-mulx/libc.a(lib_a-int_errno.o)
 .bss           0x000000000001ab24        0x0 /opt/intelFPGA/20.1.1/nios2eds/bin/gnu/H-x86_64-pc-linux-gnu/bin/../lib/gcc/nios2-elf/10.1.1/../../../../../H-x86_64-pc-linux-gnu/nios2-elf/lib/mhw-mulx/libc.a(lib_a-memcmp.o)
 .bss           0x000000000001ab24        0x0 /opt/intelFPGA/20.1.1/nios2eds/bin/gnu/H-x86_64-pc-linux-gnu/bin/../lib/gcc/nios2-elf/10.1.1/../../../../../H-x86_64-pc-linux-gnu/nios2-elf/lib/mhw-mulx/libc.a(lib_a-memcpy.o)
 .bss           0x000000000001ab24        0x0 /opt/intelFPGA/20.1.1/nios2eds/bin/gnu/H-x86_64-pc-linux-gnu/bin/../lib/gcc/nios2-elf/10.1.1/../../../../../H-x86_64-pc-linux-gnu/nios2-elf/lib/mhw-mulx/libc.a(lib_a-memset.o)
 .bss           0x000000000001ab24        0x0 /opt/intelFPGA/20.1.1/nios2eds/bin/gnu/H-x86_64-pc-linux-gnu/bin/../lib/gcc/nios2-elf/10.1.1/../../../../../H-x86_64-pc-linux-gnu/nios2-elf/lib/mhw-mulx/libc.a(lib_a-strlen.o)
 .bss           0x000000000001ab24        0x0 /opt/intelFPGA/20.1.1/nios2eds/bin/gnu/H-x86_64-pc-linux-gnu/bin/../lib/gcc/nios2-elf/10.1.1/../../../../../H-x86_64-pc-linux-gnu/nios2-elf/lib/mhw-mulx/libc.a(lib_a-__atexit.o)
 .bss           0x000000000001ab24        0x0 /opt/intelFPGA/20.1.1/nios2eds/bin/gnu/H-x86_64-pc-linux-gnu/bin/../lib/gcc/nios2-elf/10.1.1/../../../../../H-x86_64-pc-linux-gnu/nios2-elf/lib/mhw-mulx/libc.a(lib_a-__call_atexit.o)
 .bss           0x000000000001ab24        0x0 /home/xix277/engr-ece/Winter_Sem_2022/CME332/cme332_ex3_usosii_tasks/ex3_ucosii_tasks_bsp//libucosii_bsp.a(alt_exit.o)
 *(COMMON)
                0x000000000001ab24                . = ALIGN (0x4)
                0x000000000001ab24                __bss_end = ABSOLUTE (.)

.SDRAM          0x000000000001ab24        0x0
                [!provide]                        PROVIDE (_alt_partition_SDRAM_start = ABSOLUTE (.))
 *(.SDRAM .SDRAM. SDRAM.*)
                0x000000000001ab24                . = ALIGN (0x4)
                [!provide]                        PROVIDE (_alt_partition_SDRAM_end = ABSOLUTE (.))
                0x000000000001ab24                _end = ABSOLUTE (.)
                0x000000000001ab24                end = ABSOLUTE (.)
                0x000000000001ab24                __alt_stack_base = ABSOLUTE (.)
                [!provide]                        PROVIDE (_alt_partition_SDRAM_load_addr = LOADADDR (.SDRAM))

.VGA_Subsystem_Char_Buf_Subsystem_Onchip_SRAM
                0x0000000009000000        0x0 load address 0x000000000001ab24
                [!provide]                        PROVIDE (_alt_partition_VGA_Subsystem_Char_Buf_Subsystem_Onchip_SRAM_start = ABSOLUTE (.))
 *(.VGA_Subsystem_Char_Buf_Subsystem_Onchip_SRAM .VGA_Subsystem_Char_Buf_Subsystem_Onchip_SRAM. VGA_Subsystem_Char_Buf_Subsystem_Onchip_SRAM.*)
                0x0000000009000000                . = ALIGN (0x4)
                [!provide]                        PROVIDE (_alt_partition_VGA_Subsystem_Char_Buf_Subsystem_Onchip_SRAM_end = ABSOLUTE (.))
                [!provide]                        PROVIDE (_alt_partition_VGA_Subsystem_Char_Buf_Subsystem_Onchip_SRAM_load_addr = LOADADDR (.VGA_Subsystem_Char_Buf_Subsystem_Onchip_SRAM))

.stab
 *(.stab)

.stabstr
 *(.stabstr)

.stab.excl
 *(.stab.excl)

.stab.exclstr
 *(.stab.exclstr)

.stab.index
 *(.stab.index)

.stab.indexstr
 *(.stab.indexstr)

.comment        0x0000000000000000       0x2d
 *(.comment)
 .comment       0x0000000000000000       0x2d obj/default/ex3_ucosii_tasks.o
                                         0x2e (size before relaxing)
 .comment       0x000000000000002d       0x2e /opt/intelFPGA/20.1.1/nios2eds/bin/gnu/H-x86_64-pc-linux-gnu/bin/../lib/gcc/nios2-elf/10.1.1/mhw-mulx/libgcc.a(floatsisf.o)
 .comment       0x000000000000002d       0x2e /opt/intelFPGA/20.1.1/nios2eds/bin/gnu/H-x86_64-pc-linux-gnu/bin/../lib/gcc/nios2-elf/10.1.1/mhw-mulx/libgcc.a(adddf3.o)
 .comment       0x000000000000002d       0x2e /opt/intelFPGA/20.1.1/nios2eds/bin/gnu/H-x86_64-pc-linux-gnu/bin/../lib/gcc/nios2-elf/10.1.1/mhw-mulx/libgcc.a(eqdf2.o)
 .comment       0x000000000000002d       0x2e /opt/intelFPGA/20.1.1/nios2eds/bin/gnu/H-x86_64-pc-linux-gnu/bin/../lib/gcc/nios2-elf/10.1.1/mhw-mulx/libgcc.a(ledf2.o)
 .comment       0x000000000000002d       0x2e /opt/intelFPGA/20.1.1/nios2eds/bin/gnu/H-x86_64-pc-linux-gnu/bin/../lib/gcc/nios2-elf/10.1.1/mhw-mulx/libgcc.a(muldf3.o)
 .comment       0x000000000000002d       0x2e /opt/intelFPGA/20.1.1/nios2eds/bin/gnu/H-x86_64-pc-linux-gnu/bin/../lib/gcc/nios2-elf/10.1.1/mhw-mulx/libgcc.a(fixdfsi.o)
 .comment       0x000000000000002d       0x2e /opt/intelFPGA/20.1.1/nios2eds/bin/gnu/H-x86_64-pc-linux-gnu/bin/../lib/gcc/nios2-elf/10.1.1/mhw-mulx/libgcc.a(extendsfdf2.o)
 .comment       0x000000000000002d       0x2e /opt/intelFPGA/20.1.1/nios2eds/bin/gnu/H-x86_64-pc-linux-gnu/bin/../lib/gcc/nios2-elf/10.1.1/mhw-mulx/libgcc.a(_clzsi2.o)
 .comment       0x000000000000002d       0x2e /opt/intelFPGA/20.1.1/nios2eds/bin/gnu/H-x86_64-pc-linux-gnu/bin/../lib/gcc/nios2-elf/10.1.1/mhw-mulx/libgcc.a(_clz.o)
 .comment       0x000000000000002d       0x2e /home/xix277/engr-ece/Winter_Sem_2022/CME332/cme332_ex3_usosii_tasks/ex3_ucosii_tasks_bsp//libucosii_bsp.a(alt_load.o)
 .comment       0x000000000000002d       0x2e /home/xix277/engr-ece/Winter_Sem_2022/CME332/cme332_ex3_usosii_tasks/ex3_ucosii_tasks_bsp//libucosii_bsp.a(alt_main.o)
 .comment       0x000000000000002d       0x2e /home/xix277/engr-ece/Winter_Sem_2022/CME332/cme332_ex3_usosii_tasks/ex3_ucosii_tasks_bsp//libucosii_bsp.a(alt_env_lock.o)
 .comment       0x000000000000002d       0x2e /home/xix277/engr-ece/Winter_Sem_2022/CME332/cme332_ex3_usosii_tasks/ex3_ucosii_tasks_bsp//libucosii_bsp.a(alt_malloc_lock.o)
 .comment       0x000000000000002d       0x2e /home/xix277/engr-ece/Winter_Sem_2022/CME332/cme332_ex3_usosii_tasks/ex3_ucosii_tasks_bsp//libucosii_bsp.a(os_core.o)
 .comment       0x000000000000002d       0x2e /home/xix277/engr-ece/Winter_Sem_2022/CME332/cme332_ex3_usosii_tasks/ex3_ucosii_tasks_bsp//libucosii_bsp.a(os_dbg.o)
 .comment       0x000000000000002d       0x2e /home/xix277/engr-ece/Winter_Sem_2022/CME332/cme332_ex3_usosii_tasks/ex3_ucosii_tasks_bsp//libucosii_bsp.a(os_flag.o)
 .comment       0x000000000000002d       0x2e /home/xix277/engr-ece/Winter_Sem_2022/CME332/cme332_ex3_usosii_tasks/ex3_ucosii_tasks_bsp//libucosii_bsp.a(os_mem.o)
 .comment       0x000000000000002d       0x2e /home/xix277/engr-ece/Winter_Sem_2022/CME332/cme332_ex3_usosii_tasks/ex3_ucosii_tasks_bsp//libucosii_bsp.a(os_q.o)
 .comment       0x000000000000002d       0x2e /home/xix277/engr-ece/Winter_Sem_2022/CME332/cme332_ex3_usosii_tasks/ex3_ucosii_tasks_bsp//libucosii_bsp.a(os_sem.o)
 .comment       0x000000000000002d       0x2e /home/xix277/engr-ece/Winter_Sem_2022/CME332/cme332_ex3_usosii_tasks/ex3_ucosii_tasks_bsp//libucosii_bsp.a(os_task.o)
 .comment       0x000000000000002d       0x2e /home/xix277/engr-ece/Winter_Sem_2022/CME332/cme332_ex3_usosii_tasks/ex3_ucosii_tasks_bsp//libucosii_bsp.a(os_time.o)
 .comment       0x000000000000002d       0x2e /home/xix277/engr-ece/Winter_Sem_2022/CME332/cme332_ex3_usosii_tasks/ex3_ucosii_tasks_bsp//libucosii_bsp.a(alt_sys_init.o)
 .comment       0x000000000000002d       0x2e /home/xix277/engr-ece/Winter_Sem_2022/CME332/cme332_ex3_usosii_tasks/ex3_ucosii_tasks_bsp//libucosii_bsp.a(altera_avalon_jtag_uart_fd.o)
 .comment       0x000000000000002d       0x2e /home/xix277/engr-ece/Winter_Sem_2022/CME332/cme332_ex3_usosii_tasks/ex3_ucosii_tasks_bsp//libucosii_bsp.a(altera_avalon_jtag_uart_init.o)
 .comment       0x000000000000002d       0x2e /home/xix277/engr-ece/Winter_Sem_2022/CME332/cme332_ex3_usosii_tasks/ex3_ucosii_tasks_bsp//libucosii_bsp.a(altera_avalon_jtag_uart_ioctl.o)
 .comment       0x000000000000002d       0x2e /home/xix277/engr-ece/Winter_Sem_2022/CME332/cme332_ex3_usosii_tasks/ex3_ucosii_tasks_bsp//libucosii_bsp.a(altera_avalon_jtag_uart_read.o)
 .comment       0x000000000000002d       0x2e /home/xix277/engr-ece/Winter_Sem_2022/CME332/cme332_ex3_usosii_tasks/ex3_ucosii_tasks_bsp//libucosii_bsp.a(altera_avalon_jtag_uart_write.o)
 .comment       0x000000000000002d       0x2e /home/xix277/engr-ece/Winter_Sem_2022/CME332/cme332_ex3_usosii_tasks/ex3_ucosii_tasks_bsp//libucosii_bsp.a(altera_avalon_timer_sc.o)
 .comment       0x000000000000002d       0x2e /home/xix277/engr-ece/Winter_Sem_2022/CME332/cme332_ex3_usosii_tasks/ex3_ucosii_tasks_bsp//libucosii_bsp.a(altera_up_avalon_character_lcd.o)
 .comment       0x000000000000002d       0x2e /home/xix277/engr-ece/Winter_Sem_2022/CME332/cme332_ex3_usosii_tasks/ex3_ucosii_tasks_bsp//libucosii_bsp.a(altera_up_avalon_irda.o)
 .comment       0x000000000000002d       0x2e /home/xix277/engr-ece/Winter_Sem_2022/CME332/cme332_ex3_usosii_tasks/ex3_ucosii_tasks_bsp//libucosii_bsp.a(altera_up_avalon_ps2.o)
 .comment       0x000000000000002d       0x2e /home/xix277/engr-ece/Winter_Sem_2022/CME332/cme332_ex3_usosii_tasks/ex3_ucosii_tasks_bsp//libucosii_bsp.a(altera_up_avalon_rs232.o)
 .comment       0x000000000000002d       0x2e /home/xix277/engr-ece/Winter_Sem_2022/CME332/cme332_ex3_usosii_tasks/ex3_ucosii_tasks_bsp//libucosii_bsp.a(alt_alarm_start.o)
 .comment       0x000000000000002d       0x2e /home/xix277/engr-ece/Winter_Sem_2022/CME332/cme332_ex3_usosii_tasks/ex3_ucosii_tasks_bsp//libucosii_bsp.a(alt_close.o)
 .comment       0x000000000000002d       0x2e /home/xix277/engr-ece/Winter_Sem_2022/CME332/cme332_ex3_usosii_tasks/ex3_ucosii_tasks_bsp//libucosii_bsp.a(alt_dcache_flush_all.o)
 .comment       0x000000000000002d       0x2e /home/xix277/engr-ece/Winter_Sem_2022/CME332/cme332_ex3_usosii_tasks/ex3_ucosii_tasks_bsp//libucosii_bsp.a(alt_dev.o)
 .comment       0x000000000000002d       0x2e /home/xix277/engr-ece/Winter_Sem_2022/CME332/cme332_ex3_usosii_tasks/ex3_ucosii_tasks_bsp//libucosii_bsp.a(alt_dev_llist_insert.o)
 .comment       0x000000000000002d       0x2e /home/xix277/engr-ece/Winter_Sem_2022/CME332/cme332_ex3_usosii_tasks/ex3_ucosii_tasks_bsp//libucosii_bsp.a(alt_do_ctors.o)
 .comment       0x000000000000002d       0x2e /home/xix277/engr-ece/Winter_Sem_2022/CME332/cme332_ex3_usosii_tasks/ex3_ucosii_tasks_bsp//libucosii_bsp.a(alt_do_dtors.o)
 .comment       0x000000000000002d       0x2e /home/xix277/engr-ece/Winter_Sem_2022/CME332/cme332_ex3_usosii_tasks/ex3_ucosii_tasks_bsp//libucosii_bsp.a(alt_errno.o)
 .comment       0x000000000000002d       0x2e /home/xix277/engr-ece/Winter_Sem_2022/CME332/cme332_ex3_usosii_tasks/ex3_ucosii_tasks_bsp//libucosii_bsp.a(alt_find_dev.o)
 .comment       0x000000000000002d       0x2e /home/xix277/engr-ece/Winter_Sem_2022/CME332/cme332_ex3_usosii_tasks/ex3_ucosii_tasks_bsp//libucosii_bsp.a(alt_icache_flush_all.o)
 .comment       0x000000000000002d       0x2e /home/xix277/engr-ece/Winter_Sem_2022/CME332/cme332_ex3_usosii_tasks/ex3_ucosii_tasks_bsp//libucosii_bsp.a(alt_io_redirect.o)
 .comment       0x000000000000002d       0x2e /home/xix277/engr-ece/Winter_Sem_2022/CME332/cme332_ex3_usosii_tasks/ex3_ucosii_tasks_bsp//libucosii_bsp.a(alt_irq_register.o)
 .comment       0x000000000000002d       0x2e /home/xix277/engr-ece/Winter_Sem_2022/CME332/cme332_ex3_usosii_tasks/ex3_ucosii_tasks_bsp//libucosii_bsp.a(alt_irq_vars.o)
 .comment       0x000000000000002d       0x2e /home/xix277/engr-ece/Winter_Sem_2022/CME332/cme332_ex3_usosii_tasks/ex3_ucosii_tasks_bsp//libucosii_bsp.a(alt_open.o)
 .comment       0x000000000000002d       0x2e /home/xix277/engr-ece/Winter_Sem_2022/CME332/cme332_ex3_usosii_tasks/ex3_ucosii_tasks_bsp//libucosii_bsp.a(alt_release_fd.o)
 .comment       0x000000000000002d       0x2e /home/xix277/engr-ece/Winter_Sem_2022/CME332/cme332_ex3_usosii_tasks/ex3_ucosii_tasks_bsp//libucosii_bsp.a(alt_tick.o)
 .comment       0x000000000000002d       0x2e /home/xix277/engr-ece/Winter_Sem_2022/CME332/cme332_ex3_usosii_tasks/ex3_ucosii_tasks_bsp//libucosii_bsp.a(altera_nios2_gen2_irq.o)
 .comment       0x000000000000002d       0x2e /home/xix277/engr-ece/Winter_Sem_2022/CME332/cme332_ex3_usosii_tasks/ex3_ucosii_tasks_bsp//libucosii_bsp.a(os_cpu_c.o)
 .comment       0x000000000000002d       0x2e /home/xix277/engr-ece/Winter_Sem_2022/CME332/cme332_ex3_usosii_tasks/ex3_ucosii_tasks_bsp//libucosii_bsp.a(alt_find_file.o)
 .comment       0x000000000000002d       0x2e /home/xix277/engr-ece/Winter_Sem_2022/CME332/cme332_ex3_usosii_tasks/ex3_ucosii_tasks_bsp//libucosii_bsp.a(alt_get_fd.o)
 .comment       0x000000000000002d       0x2e /home/xix277/engr-ece/Winter_Sem_2022/CME332/cme332_ex3_usosii_tasks/ex3_ucosii_tasks_bsp//libucosii_bsp.a(alt_icache_flush.o)
 .comment       0x000000000000002d       0x2e /home/xix277/engr-ece/Winter_Sem_2022/CME332/cme332_ex3_usosii_tasks/ex3_ucosii_tasks_bsp//libucosii_bsp.a(alt_irq_handler.o)
 .comment       0x000000000000002d       0x2e /home/xix277/engr-ece/Winter_Sem_2022/CME332/cme332_ex3_usosii_tasks/ex3_ucosii_tasks_bsp//libucosii_bsp.a(alt_instruction_exception_entry.o)
 .comment       0x000000000000002d       0x2e /opt/intelFPGA/20.1.1/nios2eds/bin/gnu/H-x86_64-pc-linux-gnu/bin/../lib/gcc/nios2-elf/10.1.1/../../../../../H-x86_64-pc-linux-gnu/nios2-elf/lib/mhw-mulx/libc.a(lib_a-atexit.o)
 .comment       0x000000000000002d       0x2e /opt/intelFPGA/20.1.1/nios2eds/bin/gnu/H-x86_64-pc-linux-gnu/bin/../lib/gcc/nios2-elf/10.1.1/../../../../../H-x86_64-pc-linux-gnu/nios2-elf/lib/mhw-mulx/libc.a(lib_a-exit.o)
 .comment       0x000000000000002d       0x2e /opt/intelFPGA/20.1.1/nios2eds/bin/gnu/H-x86_64-pc-linux-gnu/bin/../lib/gcc/nios2-elf/10.1.1/../../../../../H-x86_64-pc-linux-gnu/nios2-elf/lib/mhw-mulx/libc.a(lib_a-impure.o)
 .comment       0x000000000000002d       0x2e /opt/intelFPGA/20.1.1/nios2eds/bin/gnu/H-x86_64-pc-linux-gnu/bin/../lib/gcc/nios2-elf/10.1.1/../../../../../H-x86_64-pc-linux-gnu/nios2-elf/lib/mhw-mulx/libc.a(lib_a-int_errno.o)
 .comment       0x000000000000002d       0x2e /opt/intelFPGA/20.1.1/nios2eds/bin/gnu/H-x86_64-pc-linux-gnu/bin/../lib/gcc/nios2-elf/10.1.1/../../../../../H-x86_64-pc-linux-gnu/nios2-elf/lib/mhw-mulx/libc.a(lib_a-memcmp.o)
 .comment       0x000000000000002d       0x2e /opt/intelFPGA/20.1.1/nios2eds/bin/gnu/H-x86_64-pc-linux-gnu/bin/../lib/gcc/nios2-elf/10.1.1/../../../../../H-x86_64-pc-linux-gnu/nios2-elf/lib/mhw-mulx/libc.a(lib_a-memcpy.o)
 .comment       0x000000000000002d       0x2e /opt/intelFPGA/20.1.1/nios2eds/bin/gnu/H-x86_64-pc-linux-gnu/bin/../lib/gcc/nios2-elf/10.1.1/../../../../../H-x86_64-pc-linux-gnu/nios2-elf/lib/mhw-mulx/libc.a(lib_a-memset.o)
 .comment       0x000000000000002d       0x2e /opt/intelFPGA/20.1.1/nios2eds/bin/gnu/H-x86_64-pc-linux-gnu/bin/../lib/gcc/nios2-elf/10.1.1/../../../../../H-x86_64-pc-linux-gnu/nios2-elf/lib/mhw-mulx/libc.a(lib_a-strlen.o)
 .comment       0x000000000000002d       0x2e /opt/intelFPGA/20.1.1/nios2eds/bin/gnu/H-x86_64-pc-linux-gnu/bin/../lib/gcc/nios2-elf/10.1.1/../../../../../H-x86_64-pc-linux-gnu/nios2-elf/lib/mhw-mulx/libc.a(lib_a-__atexit.o)
 .comment       0x000000000000002d       0x2e /opt/intelFPGA/20.1.1/nios2eds/bin/gnu/H-x86_64-pc-linux-gnu/bin/../lib/gcc/nios2-elf/10.1.1/../../../../../H-x86_64-pc-linux-gnu/nios2-elf/lib/mhw-mulx/libc.a(lib_a-__call_atexit.o)
 .comment       0x000000000000002d       0x2e /home/xix277/engr-ece/Winter_Sem_2022/CME332/cme332_ex3_usosii_tasks/ex3_ucosii_tasks_bsp//libucosii_bsp.a(alt_exit.o)

.debug
 *(.debug)

.line
 *(.line)

.debug_srcinfo
 *(.debug_srcinfo)

.debug_sfnames
 *(.debug_sfnames)

.debug_aranges  0x0000000000000000      0x8f0
 *(.debug_aranges)
 .debug_aranges
                0x0000000000000000       0x28 /home/xix277/engr-ece/Winter_Sem_2022/CME332/cme332_ex3_usosii_tasks/ex3_ucosii_tasks_bsp//obj/HAL/src/crt0.o
 .debug_aranges
                0x0000000000000028       0x20 obj/default/ex3_ucosii_tasks.o
 .debug_aranges
                0x0000000000000048       0x20 /opt/intelFPGA/20.1.1/nios2eds/bin/gnu/H-x86_64-pc-linux-gnu/bin/../lib/gcc/nios2-elf/10.1.1/mhw-mulx/libgcc.a(floatsisf.o)
 .debug_aranges
                0x0000000000000068       0x20 /opt/intelFPGA/20.1.1/nios2eds/bin/gnu/H-x86_64-pc-linux-gnu/bin/../lib/gcc/nios2-elf/10.1.1/mhw-mulx/libgcc.a(adddf3.o)
 .debug_aranges
                0x0000000000000088       0x20 /opt/intelFPGA/20.1.1/nios2eds/bin/gnu/H-x86_64-pc-linux-gnu/bin/../lib/gcc/nios2-elf/10.1.1/mhw-mulx/libgcc.a(eqdf2.o)
 .debug_aranges
                0x00000000000000a8       0x20 /opt/intelFPGA/20.1.1/nios2eds/bin/gnu/H-x86_64-pc-linux-gnu/bin/../lib/gcc/nios2-elf/10.1.1/mhw-mulx/libgcc.a(ledf2.o)
 .debug_aranges
                0x00000000000000c8       0x20 /opt/intelFPGA/20.1.1/nios2eds/bin/gnu/H-x86_64-pc-linux-gnu/bin/../lib/gcc/nios2-elf/10.1.1/mhw-mulx/libgcc.a(muldf3.o)
 .debug_aranges
                0x00000000000000e8       0x20 /opt/intelFPGA/20.1.1/nios2eds/bin/gnu/H-x86_64-pc-linux-gnu/bin/../lib/gcc/nios2-elf/10.1.1/mhw-mulx/libgcc.a(fixdfsi.o)
 .debug_aranges
                0x0000000000000108       0x20 /opt/intelFPGA/20.1.1/nios2eds/bin/gnu/H-x86_64-pc-linux-gnu/bin/../lib/gcc/nios2-elf/10.1.1/mhw-mulx/libgcc.a(extendsfdf2.o)
 .debug_aranges
                0x0000000000000128       0x20 /opt/intelFPGA/20.1.1/nios2eds/bin/gnu/H-x86_64-pc-linux-gnu/bin/../lib/gcc/nios2-elf/10.1.1/mhw-mulx/libgcc.a(_clzsi2.o)
 .debug_aranges
                0x0000000000000148       0x18 /opt/intelFPGA/20.1.1/nios2eds/bin/gnu/H-x86_64-pc-linux-gnu/bin/../lib/gcc/nios2-elf/10.1.1/mhw-mulx/libgcc.a(_clz.o)
 .debug_aranges