Archive member included to satisfy reference by file (symbol)

/opt/intelFPGA/20.1.1/nios2eds/bin/gnu/H-x86_64-pc-linux-gnu/bin/../lib/gcc/nios2-elf/10.1.1/../../../../../H-x86_64-pc-linux-gnu/nios2-elf/lib/mhw-mulx/libc.a(lib_a-puts.o)
                              obj/default/hello_ucosii.o (puts)
/opt/intelFPGA/20.1.1/nios2eds/bin/gnu/H-x86_64-pc-linux-gnu/bin/../lib/gcc/nios2-elf/10.1.1/../../../../../H-x86_64-pc-linux-gnu/nios2-elf/lib/mhw-mulx/libc.a(lib_a-strlen.o)
                              /opt/intelFPGA/20.1.1/nios2eds/bin/gnu/H-x86_64-pc-linux-gnu/bin/../lib/gcc/nios2-elf/10.1.1/../../../../../H-x86_64-pc-linux-gnu/nios2-elf/lib/mhw-mulx/libc.a(lib_a-puts.o) (strlen)
/opt/intelFPGA/20.1.1/nios2eds/bin/gnu/H-x86_64-pc-linux-gnu/bin/../lib/gcc/nios2-elf/10.1.1/../../../../../H-x86_64-pc-linux-gnu/nios2-elf/lib/mhw-mulx/libc.a(lib_a-findfp.o)
                              /opt/intelFPGA/20.1.1/nios2eds/bin/gnu/H-x86_64-pc-linux-gnu/bin/../lib/gcc/nios2-elf/10.1.1/../../../../../H-x86_64-pc-linux-gnu/nios2-elf/lib/mhw-mulx/libc.a(lib_a-puts.o) (__sinit)
/opt/intelFPGA/20.1.1/nios2eds/bin/gnu/H-x86_64-pc-linux-gnu/bin/../lib/gcc/nios2-elf/10.1.1/../../../../../H-x86_64-pc-linux-gnu/nios2-elf/lib/mhw-mulx/libc.a(lib_a-fvwrite.o)
                              /opt/intelFPGA/20.1.1/nios2eds/bin/gnu/H-x86_64-pc-linux-gnu/bin/../lib/gcc/nios2-elf/10.1.1/../../../../../H-x86_64-pc-linux-gnu/nios2-elf/lib/mhw-mulx/libc.a(lib_a-puts.o) (__sfvwrite_r)
/opt/intelFPGA/20.1.1/nios2eds/bin/gnu/H-x86_64-pc-linux-gnu/bin/../lib/gcc/nios2-elf/10.1.1/../../../../../H-x86_64-pc-linux-gnu/nios2-elf/lib/mhw-mulx/libc.a(lib_a-fwalk.o)
                              /opt/intelFPGA/20.1.1/nios2eds/bin/gnu/H-x86_64-pc-linux-gnu/bin/../lib/gcc/nios2-elf/10.1.1/../../../../../H-x86_64-pc-linux-gnu/nios2-elf/lib/mhw-mulx/libc.a(lib_a-findfp.o) (_fwalk)
/opt/intelFPGA/20.1.1/nios2eds/bin/gnu/H-x86_64-pc-linux-gnu/bin/../lib/gcc/nios2-elf/10.1.1/../../../../../H-x86_64-pc-linux-gnu/nios2-elf/lib/mhw-mulx/libc.a(lib_a-impure.o)
                              /opt/intelFPGA/20.1.1/nios2eds/bin/gnu/H-x86_64-pc-linux-gnu/bin/../lib/gcc/nios2-elf/10.1.1/../../../../../H-x86_64-pc-linux-gnu/nios2-elf/lib/mhw-mulx/libc.a(lib_a-findfp.o) (_global_impure_ptr)
/opt/intelFPGA/20.1.1/nios2eds/bin/gnu/H-x86_64-pc-linux-gnu/bin/../lib/gcc/nios2-elf/10.1.1/../../../../../H-x86_64-pc-linux-gnu/nios2-elf/lib/mhw-mulx/libc.a(lib_a-mallocr.o)
                              /opt/intelFPGA/20.1.1/nios2eds/bin/gnu/H-x86_64-pc-linux-gnu/bin/../lib/gcc/nios2-elf/10.1.1/../../../../../H-x86_64-pc-linux-gnu/nios2-elf/lib/mhw-mulx/libc.a(lib_a-findfp.o) (_malloc_r)
/opt/intelFPGA/20.1.1/nios2eds/bin/gnu/H-x86_64-pc-linux-gnu/bin/../lib/gcc/nios2-elf/10.1.1/../../../../../H-x86_64-pc-linux-gnu/nios2-elf/lib/mhw-mulx/libc.a(lib_a-memchr.o)
                              /opt/intelFPGA/20.1.1/nios2eds/bin/gnu/H-x86_64-pc-linux-gnu/bin/../lib/gcc/nios2-elf/10.1.1/../../../../../H-x86_64-pc-linux-gnu/nios2-elf/lib/mhw-mulx/libc.a(lib_a-fvwrite.o) (memchr)
/opt/intelFPGA/20.1.1/nios2eds/bin/gnu/H-x86_64-pc-linux-gnu/bin/../lib/gcc/nios2-elf/10.1.1/../../../../../H-x86_64-pc-linux-gnu/nios2-elf/lib/mhw-mulx/libc.a(lib_a-memcpy.o)
                              /opt/intelFPGA/20.1.1/nios2eds/bin/gnu/H-x86_64-pc-linux-gnu/bin/../lib/gcc/nios2-elf/10.1.1/../../../../../H-x86_64-pc-linux-gnu/nios2-elf/lib/mhw-mulx/libc.a(lib_a-fvwrite.o) (memcpy)
/opt/intelFPGA/20.1.1/nios2eds/bin/gnu/H-x86_64-pc-linux-gnu/bin/../lib/gcc/nios2-elf/10.1.1/../../../../../H-x86_64-pc-linux-gnu/nios2-elf/lib/mhw-mulx/libc.a(lib_a-memmove.o)
                              /opt/intelFPGA/20.1.1/nios2eds/bin/gnu/H-x86_64-pc-linux-gnu/bin/../lib/gcc/nios2-elf/10.1.1/../../../../../H-x86_64-pc-linux-gnu/nios2-elf/lib/mhw-mulx/libc.a(lib_a-fvwrite.o) (memmove)
/opt/intelFPGA/20.1.1/nios2eds/bin/gnu/H-x86_64-pc-linux-gnu/bin/../lib/gcc/nios2-elf/10.1.1/../../../../../H-x86_64-pc-linux-gnu/nios2-elf/lib/mhw-mulx/libc.a(lib_a-memset.o)
                              /opt/intelFPGA/20.1.1/nios2eds/bin/gnu/H-x86_64-pc-linux-gnu/bin/../lib/gcc/nios2-elf/10.1.1/../../../../../H-x86_64-pc-linux-gnu/nios2-elf/lib/mhw-mulx/libc.a(lib_a-findfp.o) (memset)
/opt/intelFPGA/20.1.1/nios2eds/bin/gnu/H-x86_64-pc-linux-gnu/bin/../lib/gcc/nios2-elf/10.1.1/../../../../../H-x86_64-pc-linux-gnu/nios2-elf/lib/mhw-mulx/libc.a(lib_a-reallocr.o)
                              /opt/intelFPGA/20.1.1/nios2eds/bin/gnu/H-x86_64-pc-linux-gnu/bin/../lib/gcc/nios2-elf/10.1.1/../../../../../H-x86_64-pc-linux-gnu/nios2-elf/lib/mhw-mulx/libc.a(lib_a-fvwrite.o) (_realloc_r)
/opt/intelFPGA/20.1.1/nios2eds/bin/gnu/H-x86_64-pc-linux-gnu/bin/../lib/gcc/nios2-elf/10.1.1/../../../../../H-x86_64-pc-linux-gnu/nios2-elf/lib/mhw-mulx/libc.a(lib_a-sbrkr.o)
[...]
Memory Configuration

Name             Origin             Length             Attributes
reset            0x0000000000000000 0x0000000000000020
SDRAM            0x0000000000000020 0x0000000003ffffe0
VGA_Subsystem_Char_Buf_Subsystem_Onchip_SRAM 0x0000000009000000 0x0000000000002000
*default*        0x0000000000000000 0xffffffffffffffff

Linker script and memory map

LOAD /home/xix277/engr-ece/Winter_Sem_2022/CME332/test/test1_bsp//obj/HAL/src/crt0.o
LOAD obj/default/hello_ucosii.o
LOAD /opt/intelFPGA/20.1.1/nios2eds/bin/gnu/H-x86_64-pc-linux-gnu/bin/../lib/gcc/nios2-elf/10.1.1/../../../../../H-x86_64-pc-linux-gnu/nios2-elf/lib/mhw-mulx/libstdc++.a
LOAD /opt/intelFPGA/20.1.1/nios2eds/bin/gnu/H-x86_64-pc-linux-gnu/bin/../lib/gcc/nios2-elf/10.1.1/../../../../../H-x86_64-pc-linux-gnu/nios2-elf/lib/mhw-mulx/libm.a
LOAD /opt/intelFPGA/20.1.1/nios2eds/bin/gnu/H-x86_64-pc-linux-gnu/bin/../lib/gcc/nios2-elf/10.1.1/mhw-mulx/libgcc.a
START GROUP
LOAD /opt/intelFPGA/20.1.1/nios2eds/bin/gnu/H-x86_64-pc-linux-gnu/bin/../lib/gcc/nios2-elf/10.1.1/../../../../../H-x86_64-pc-linux-gnu/nios2-elf/lib/mhw-mulx/libc.a
LOAD /opt/intelFPGA/20.1.1/nios2eds/bin/gnu/H-x86_64-pc-linux-gnu/bin/../lib/gcc/nios2-elf/10.1.1/mhw-mulx/libgcc.a
LOAD /home/xix277/engr-ece/Winter_Sem_2022/CME332/test/test1_bsp//libucosii_bsp.a
LOAD /opt/intelFPGA/20.1.1/nios2eds/bin/gnu/H-x86_64-pc-linux-gnu/bin/../lib/gcc/nios2-elf/10.1.1/../../../../../H-x86_64-pc-linux-gnu/nios2-elf/lib/mhw-mulx/libm.a
END GROUP
LOAD /opt/intelFPGA/20.1.1/nios2eds/bin/gnu/H-x86_64-pc-linux-gnu/bin/../lib/gcc/nios2-elf/10.1.1/mhw-mulx/libgcc.a
                0x0000000000000000                __alt_mem_SDRAM = 0x0
                0x0000000009000000                __alt_mem_VGA_Subsystem_Char_Buf_Subsystem_Onchip_SRAM = 0x9000000

.entry          0x0000000000000000       0x20
 *(.entry)
 .entry         0x0000000000000000       0x20 /home/xix277/engr-ece/Winter_Sem_2022/CME332/test/test1_bsp//obj/HAL/src/crt0.o
                0x0000000000000000                __reset

.exceptions     0x0000000000000020      0x21c
                0x0000000000000020                PROVIDE (__ram_exceptions_start = ABSOLUTE (.))
                0x0000000000000020                . = ALIGN (0x20)
 *(.irq)
 *(.exceptions.entry.label)
 .exceptions.entry.label
                0x0000000000000020        0x0 /home/xix277/engr-ece/Winter_Sem_2022/CME332/test/test1_bsp//libucosii_bsp.a(alt_irq_entry.o)
                0x0000000000000020                alt_irq_entry
 .exceptions.entry.label
                0x0000000000000020        0x0 /home/xix277/engr-ece/Winter_Sem_2022/CME332/test/test1_bsp//libucosii_bsp.a(alt_exception_entry.o)
                0x0000000000000020                alt_exception
 *(.exceptions.entry.user)
 *(.exceptions.entry.ecc_fatal)
 *(.exceptions.entry)
 .exceptions.entry
                0x0000000000000020       0x54 /home/xix277/engr-ece/Winter_Sem_2022/CME332/test/test1_bsp//libucosii_bsp.a(alt_exception_entry.o)
 *(.exceptions.irqtest.user)
 *(.exceptions.irqtest)
 .exceptions.irqtest
                0x0000000000000074       0x10 /home/xix277/engr-ece/Winter_Sem_2022/CME332/test/test1_bsp//libucosii_bsp.a(alt_irq_entry.o)
 *(.exceptions.irqhandler.user)
 *(.exceptions.irqhandler)
 .exceptions.irqhandler
                0x0000000000000084        0x4 /home/xix277/engr-ece/Winter_Sem_2022/CME332/test/test1_bsp//libucosii_bsp.a(alt_irq_entry.o)
 *(.exceptions.irqreturn.user)
 *(.exceptions.irqreturn)
 .exceptions.irqreturn
                0x0000000000000088        0x4 /home/xix277/engr-ece/Winter_Sem_2022/CME332/test/test1_bsp//libucosii_bsp.a(alt_irq_entry.o)
 *(.exceptions.notirq.label)
 .exceptions.notirq.label
                0x000000000000008c        0x0 /home/xix277/engr-ece/Winter_Sem_2022/CME332/test/test1_bsp//libucosii_bsp.a(alt_irq_entry.o)
 *(.exceptions.notirq.user)
 *(.exceptions.notirq)
 .exceptions.notirq
                0x000000000000008c        0x8 /home/xix277/engr-ece/Winter_Sem_2022/CME332/test/test1_bsp//libucosii_bsp.a(alt_exception_entry.o)
 *(.exceptions.soft.user)
 *(.exceptions.soft)
 *(.exceptions.unknown.user)
 *(.exceptions.unknown)
 .exceptions.unknown
                0x0000000000000094       0x14 /home/xix277/engr-ece/Winter_Sem_2022/CME332/test/test1_bsp//libucosii_bsp.a(alt_exception_entry.o)
 *(.exceptions.exit.label)
 .exceptions.exit.label
                0x00000000000000a8        0x0 /home/xix277/engr-ece/Winter_Sem_2022/CME332/test/test1_bsp//libucosii_bsp.a(alt_irq_entry.o)
 .exceptions.exit.label
                0x00000000000000a8        0x0 /home/xix277/engr-ece/Winter_Sem_2022/CME332/test/test1_bsp//libucosii_bsp.a(alt_exception_entry.o)
 *(.exceptions.exit.user)
 *(.exceptions.exit)
 .exceptions.exit
                0x00000000000000a8       0x54 /home/xix277/engr-ece/Winter_Sem_2022/CME332/test/test1_bsp//libucosii_bsp.a(alt_exception_entry.o)
 *(.exceptions)
 .exceptions    0x00000000000000fc       0xcc /home/xix277/engr-ece/Winter_Sem_2022/CME332/test/test1_bsp//libucosii_bsp.a(alt_irq_handler.o)
                0x00000000000000fc                alt_irq_handler
 .exceptions    0x00000000000001c8       0x74 /home/xix277/engr-ece/Winter_Sem_2022/CME332/test/test1_bsp//libucosii_bsp.a(alt_instruction_exception_entry.o)
                0x00000000000001c8                alt_instruction_exception_entry
                0x000000000000023c                PROVIDE (__ram_exceptions_end = ABSOLUTE (.))
                0x0000000000000020                PROVIDE (__flash_exceptions_start = LOADADDR (.exceptions))

.text           0x000000000000023c     0xf2b0
                [!provide]                        PROVIDE (stext = ABSOLUTE (.))
 *(.interp)
 *(.hash)
 *(.dynsym)
 *(.dynstr)
 *(.gnu.version)
 *(.gnu.version_d)
 *(.gnu.version_r)
 *(.rel.init)
 *(.rela.init)
 *(.rel.text .rel.text.* .rel.gnu.linkonce.t.*)
 *(.rela.text .rela.text.* .rela.gnu.linkonce.t.*)
 *(.rel.fini)
 *(.rela.fini)
 *(.rel.rodata .rel.rodata.* .rel.gnu.linkonce.r.*)
 *(.rela.rodata .rela.rodata.* .rela.gnu.linkonce.r.*)
 *(.rel.data .rel.data.* .rel.gnu.linkonce.d.*)
 *(.rela.data .rela.data.* .rela.gnu.linkonce.d.*)
 *(.rel.tdata .rel.tdata.* .rel.gnu.linkonce.td.*)
 *(.rela.tdata .rela.tdata.* .rela.gnu.linkonce.td.*)
 *(.rel.tbss .rel.tbss.* .rel.gnu.linkonce.tb.*)
 *(.rela.tbss .rela.tbss.* .rela.gnu.linkonce.tb.*)
 *(.rel.ctors)
 *(.rela.ctors)
 *(.rel.dtors)
 *(.rela.dtors)
 *(.rel.got)
 *(.rela.got)
 *(.rel.sdata .rel.sdata.* .rel.gnu.linkonce.s.*)
 *(.rela.sdata .rela.sdata.* .rela.gnu.linkonce.s.*)
 *(.rel.sbss .rel.sbss.* .rel.gnu.linkonce.sb.*)
 *(.rela.sbss .rela.sbss.* .rela.gnu.linkonce.sb.*)
 *(.rel.sdata2 .rel.sdata2.* .rel.gnu.linkonce.s2.*)
 *(.rela.sdata2 .rela.sdata2.* .rela.gnu.linkonce.s2.*)
 *(.rel.sbss2 .rel.sbss2.* .rel.gnu.linkonce.sb2.*)
 *(.rela.sbss2 .rela.sbss2.* .rela.gnu.linkonce.sb2.*)
 *(.rel.bss .rel.bss.* .rel.gnu.linkonce.b.*)
 *(.rela.bss .rela.bss.* .rela.gnu.linkonce.b.*)
 *(.rel.plt)
 *(.rela.plt)
 *(.rel.dyn)
 *(.init)
 *(.plt)
 *(.text .stub .text.* .gnu.linkonce.t.*)
 .text          0x000000000000023c       0x3c /home/xix277/engr-ece/Winter_Sem_2022/CME332/test/test1_bsp//obj/HAL/src/crt0.o
                0x000000000000023c                _start
 .text          0x0000000000000278      0x1b8 obj/default/hello_ucosii.o
                0x0000000000000278                task1
                0x00000000000002b0                task2
                0x00000000000002e8                main
 .text          0x0000000000000430        0x0 /opt/intelFPGA/20.1.1/nios2eds/bin/gnu/H-x86_64-pc-linux-gnu/bin/../lib/gcc/nios2-elf/10.1.1/../../../../../H-x86_64-pc-linux-gnu/nios2-elf/lib/mhw-mulx/libc.a(lib_a-puts.o)
 .text._puts_r  0x0000000000000430       0xcc /opt/intelFPGA/20.1.1/nios2eds/bin/gnu/H-x86_64-pc-linux-gnu/bin/../lib/gcc/nios2-elf/10.1.1/../../../../../H-x86_64-pc-linux-gnu/nios2-elf/lib/mhw-mulx/libc.a(lib_a-puts.o)
                0x0000000000000430                _puts_r
 .text.puts     0x00000000000004fc       0x10 /opt/intelFPGA/20.1.1/nios2eds/bin/gnu/H-x86_64-pc-linux-gnu/bin/../lib/gcc/nios2-elf/10.1.1/../../../../../H-x86_64-pc-linux-gnu/nios2-elf/lib/mhw-mulx/libc.a(lib_a-puts.o)
                0x00000000000004fc                puts
 .text          0x000000000000050c        0x0 /opt/intelFPGA/20.1.1/nios2eds/bin/gnu/H-x86_64-pc-linux-gnu/bin/../lib/gcc/nios2-elf/10.1.1/../../../../../H-x86_64-pc-linux-gnu/nios2-elf/lib/mhw-mulx/libc.a(lib_a-strlen.o)
 .text.strlen   0x000000000000050c       0x98 /opt/intelFPGA/20.1.1/nios2eds/bin/gnu/H-x86_64-pc-linux-gnu/bin/../lib/gcc/nios2-elf/10.1.1/../../../../../H-x86_64-pc-linux-gnu/nios2-elf/lib/mhw-mulx/libc.a(lib_a-strlen.o)
                0x000000000000050c                strlen
 .text          0x00000000000005a4        0x0 /opt/intelFPGA/20.1.1/nios2eds/bin/gnu/H-x86_64-pc-linux-gnu/bin/../lib/gcc/nios2-elf/10.1.1/../../../../../H-x86_64-pc-linux-gnu/nios2-elf/lib/mhw-mulx/libc.a(lib_a-findfp.o)
 .text.__fp_lock
                0x00000000000005a4        0x8 /opt/intelFPGA/20.1.1/nios2eds/bin/gnu/H-x86_64-pc-linux-gnu/bin/../lib/gcc/nios2-elf/10.1.1/../../../../../H-x86_64-pc-linux-gnu/nios2-elf/lib/mhw-mulx/libc.a(lib_a-findfp.o)
 .text._cleanup_r
                0x00000000000005ac        0xc /opt/intelFPGA/20.1.1/nios2eds/bin/gnu/H-x86_64-pc-linux-gnu/bin/../lib/gcc/nios2-elf/10.1.1/../../../../../H-x86_64-pc-linux-gnu/nios2-elf/lib/mhw-mulx/libc.a(lib_a-findfp.o)
                0x00000000000005ac                _cleanup_r
 .text.__fp_unlock
                0x00000000000005b8        0x8 /opt/intelFPGA/20.1.1/nios2eds/bin/gnu/H-x86_64-pc-linux-gnu/bin/../lib/gcc/nios2-elf/10.1.1/../../../../../H-x86_64-pc-linux-gnu/nios2-elf/lib/mhw-mulx/libc.a(lib_a-findfp.o)
 .text.__sinit.part.0
                0x00000000000005c0      0x168 /opt/intelFPGA/20.1.1/nios2eds/bin/gnu/H-x86_64-pc-linux-gnu/bin/../lib/gcc/nios2-elf/10.1.1/../../../../../H-x86_64-pc-linux-gnu/nios2-elf/lib/mhw-mulx/libc.a(lib_a-findfp.o)
 .text.__sfmoreglue
                0x0000000000000728       0x68 /opt/intelFPGA/20.1.1/nios2eds/bin/gnu/H-x86_64-pc-linux-gnu/bin/../lib/gcc/nios2-elf/10.1.1/../../../../../H-x86_64-pc-linux-gnu/nios2-elf/lib/mhw-mulx/libc.a(lib_a-findfp.o)
                0x0000000000000728                __sfmoreglue
 .text.__sfp    0x0000000000000790      0x154 /opt/intelFPGA/20.1.1/nios2eds/bin/gnu/H-x86_64-pc-linux-gnu/bin/../lib/gcc/nios2-elf/10.1.1/../../../../../H-x86_64-pc-linux-gnu/nios2-elf/lib/mhw-mulx/libc.a(lib_a-findfp.o)
                0x0000000000000790                __sfp
 .text._cleanup
                0x00000000000008e4       0x14 /opt/intelFPGA/20.1.1/nios2eds/bin/gnu/H-x86_64-pc-linux-gnu/bin/../lib/gcc/nios2-elf/10.1.1/../../../../../H-x86_64-pc-linux-gnu/nios2-elf/lib/mhw-mulx/libc.a(lib_a-findfp.o)
                0x00000000000008e4                _cleanup
 .text.__sinit  0x00000000000008f8       0x10 /opt/intelFPGA/20.1.1/nios2eds/bin/gnu/H-x86_64-pc-linux-gnu/bin/../lib/gcc/nios2-elf/10.1.1/../../../../../H-x86_64-pc-linux-gnu/nios2-elf/lib/mhw-mulx/libc.a(lib_a-findfp.o)
                0x00000000000008f8                __sinit
 .text.__sfp_lock_acquire
                0x0000000000000908        0x4 /opt/intelFPGA/20.1.1/nios2eds/bin/gnu/H-x86_64-pc-linux-gnu/bin/../lib/gcc/nios2-elf/10.1.1/../../../../../H-x86_64-pc-linux-gnu/nios2-elf/lib/mhw-mulx/libc.a(lib_a-findfp.o)
                0x0000000000000908                __sfp_lock_acquire
 .text.__sfp_lock_release
                0x000000000000090c        0x4 /opt/intelFPGA/20.1.1/nios2eds/bin/gnu/H-x86_64-pc-linux-gnu/bin/../lib/gcc/nios2-elf/10.1.1/../../../../../H-x86_64-pc-linux-gnu/nios2-elf/lib/mhw-mulx/libc.a(lib_a-findfp.o)
                0x000000000000090c                __sfp_lock_release
 .text.__sinit_lock_acquire
                0x0000000000000910        0x4 /opt/intelFPGA/20.1.1/nios2eds/bin/gnu/H-x86_64-pc-linux-gnu/bin/../lib/gcc/nios2-elf/10.1.1/../../../../../H-x86_64-pc-linux-gnu/nios2-elf/lib/mhw-mulx/libc.a(lib_a-findfp.o)
                0x0000000000000910                __sinit_lock_acquire
 .text.__sinit_lock_release
                0x0000000000000914        0x4 /opt/intelFPGA/20.1.1/nios2eds/bin/gnu/H-x86_64-pc-linux-gnu/bin/../lib/gcc/nios2-elf/10.1.1/../../../../../H-x86_64-pc-linux-gnu/nios2-elf/lib/mhw-mulx/libc.a(lib_a-findfp.o)
                0x0000000000000914                __sinit_lock_release
 .text.__fp_lock_all
                0x0000000000000918       0x14 /opt/intelFPGA/20.1.1/nios2eds/bin/gnu/H-x86_64-pc-linux-gnu/bin/../lib/gcc/nios2-elf/10.1.1/../../../../../H-x86_64-pc-linux-gnu/nios2-elf/lib/mhw-mulx/libc.a(lib_a-findfp.o)
                0x0000000000000918                __fp_lock_all
 .text.__fp_unlock_all
                0x000000000000092c       0x14 /opt/intelFPGA/20.1.1/nios2eds/bin/gnu/H-x86_64-pc-linux-gnu/bin/../lib/gcc/nios2-elf/10.1.1/../../../../../H-x86_64-pc-linux-gnu/nios2-elf/lib/mhw-mulx/libc.a(lib_a-findfp.o)
                0x000000000000092c                __fp_unlock_all
 .text          0x0000000000000940        0x0 /opt/intelFPGA/20.1.1/nios2eds/bin/gnu/H-x86_64-pc-linux-gnu/bin/../lib/gcc/nios2-elf/10.1.1/../../../../../H-x86_64-pc-linux-gnu/nios2-elf/lib/mhw-mulx/libc.a(lib_a-fvwrite.o)
 .text.__sfvwrite_r
                0x0000000000000940      0x4b8 /opt/intelFPGA/20.1.1/nios2eds/bin/gnu/H-x86_64-pc-linux-gnu/bin/../lib/gcc/nios2-elf/10.1.1/../../../../../H-x86_64-pc-linux-gnu/nios2-elf/lib/mhw-mulx/libc.a(lib_a-fvwrite.o)
                0x0000000000000940                __sfvwrite_r
 .text          0x0000000000000df8        0x0 /opt/intelFPGA/20.1.1/nios2eds/bin/gnu/H-x86_64-pc-linux-gnu/bin/../lib/gcc/nios2-elf/10.1.1/../../../../../H-x86_64-pc-linux-gnu/nios2-elf/lib/mhw-mulx/libc.a(lib_a-fwalk.o)
 .text._fwalk   0x0000000000000df8       0x98 /opt/intelFPGA/20.1.1/nios2eds/bin/gnu/H-x86_64-pc-linux-gnu/bin/../lib/gcc/nios2-elf/10.1.1/../../../../../H-x86_64-pc-linux-gnu/nios2-elf/lib/mhw-mulx/libc.a(lib_a-fwalk.o)
                0x0000000000000df8                _fwalk
 .text._fwalk_reent
                0x0000000000000e90       0xa8 /opt/intelFPGA/20.1.1/nios2eds/bin/gnu/H-x86_64-pc-linux-gnu/bin/../lib/gcc/nios2-elf/10.1.1/../../../../../H-x86_64-pc-linux-gnu/nios2-elf/lib/mhw-mulx/libc.a(lib_a-fwalk.o)
                0x0000000000000e90                _fwalk_reent
 .text          0x0000000000000f38        0x0 /opt/intelFPGA/20.1.1/nios2eds/bin/gnu/H-x86_64-pc-linux-gnu/bin/../lib/gcc/nios2-elf/10.1.1/../../../../../H-x86_64-pc-linux-gnu/nios2-elf/lib/mhw-mulx/libc.a(lib_a-impure.o)
 .text          0x0000000000000f38        0x0 /opt/intelFPGA/20.1.1/nios2eds/bin/gnu/H-x86_64-pc-linux-gnu/bin/../lib/gcc/nios2-elf/10.1.1/../../../../../H-x86_64-pc-linux-gnu/nios2-elf/lib/mhw-mulx/libc.a(lib_a-mallocr.o)
 .text._malloc_r
                0x0000000000000f38      0x7e0 /opt/intelFPGA/20.1.1/nios2eds/bin/gnu/H-x86_64-pc-linux-gnu/bin/../lib/gcc/nios2-elf/10.1.1/../../../../../H-x86_64-pc-linux-gnu/nios2-elf/lib/mhw-mulx/libc.a(lib_a-mallocr.o)
                0x0000000000000f38                _malloc_r
 .text          0x0000000000001718        0x0 /opt/intelFPGA/20.1.1/nios2eds/bin/gnu/H-x86_64-pc-linux-gnu/bin/../lib/gcc/nios2-elf/10.1.1/../../../../../H-x86_64-pc-linux-gnu/nios2-elf/lib/mhw-mulx/libc.a(lib_a-memchr.o)
 .text.memchr   0x0000000000001718       0xd0 /opt/intelFPGA/20.1.1/nios2eds/bin/gnu/H-x86_64-pc-linux-gnu/bin/../lib/gcc/nios2-elf/10.1.1/../../../../../H-x86_64-pc-linux-gnu/nios2-elf/lib/mhw-mulx/libc.a(lib_a-memchr.o)
                0x0000000000001718                memchr
 .text          0x00000000000017e8        0x0 /opt/intelFPGA/20.1.1/nios2eds/bin/gnu/H-x86_64-pc-linux-gnu/bin/../lib/gcc/nios2-elf/10.1.1/../../../../../H-x86_64-pc-linux-gnu/nios2-elf/lib/mhw-mulx/libc.a(lib_a-memcpy.o)
 .text.memcpy   0x00000000000017e8      0x100 /opt/intelFPGA/20.1.1/nios2eds/bin/gnu/H-x86_64-pc-linux-gnu/bin/../lib/gcc/nios2-elf/10.1.1/../../../../../H-x86_64-pc-linux-gnu/nios2-elf/lib/mhw-mulx/libc.a(lib_a-memcpy.o)
                0x00000000000017e8                memcpy
 .text          0x00000000000018e8        0x0 /opt/intelFPGA/20.1.1/nios2eds/bin/gnu/H-x86_64-pc-linux-gnu/bin/../lib/gcc/nios2-elf/10.1.1/../../../../../H-x86_64-pc-linux-gnu/nios2-elf/lib/mhw-mulx/libc.a(lib_a-memmove.o)
 .text.memmove  0x00000000000018e8      0x12c /opt/intelFPGA/20.1.1/nios2eds/bin/gnu/H-x86_64-pc-linux-gnu/bin/../lib/gcc/nios2-elf/10.1.1/../../../../../H-x86_64-pc-linux-gnu/nios2-elf/lib/mhw-mulx/libc.a(lib_a-memmove.o)
                0x00000000000018e8                memmove
 .text          0x0000000000001a14        0x0 /opt/intelFPGA/20.1.1/nios2eds/bin/gnu/H-x86_64-pc-linux-gnu/bin/../lib/gcc/nios2-elf/10.1.1/../../../../../H-x86_64-pc-linux-gnu/nios2-elf/lib/mhw-mulx/libc.a(lib_a-memset.o)
 .text.memset   0x0000000000001a14       0xf0 /opt/intelFPGA/20.1.1/nios2eds/bin/gnu/H-x86_64-pc-linux-gnu/bin/../lib/gcc/nios2-elf/10.1.1/../../../../../H-x86_64-pc-linux-gnu/nios2-elf/lib/mhw-mulx/libc.a(lib_a-memset.o)
                0x0000000000001a14                memset
 .text          0x0000000000001b04        0x0 /opt/intelFPGA/20.1.1/nios2eds/bin/gnu/H-x86_64-pc-linux-gnu/bin/../lib/gcc/nios2-elf/10.1.1/../../../../../H-x86_64-pc-linux-gnu/nios2-elf/lib/mhw-mulx/libc.a(lib_a-reallocr.o)
 .text._realloc_r
                0x0000000000001b04      0x564 /opt/intelFPGA/20.1.1/nios2eds/bin/gnu/H-x86_64-pc-linux-gnu/bin/../lib/gcc/nios2-elf/10.1.1/../../../../../H-x86_64-pc-linux-gnu/nios2-elf/lib/mhw-mulx/libc.a(lib_a-reallocr.o)
                0x0000000000001b04                _realloc_r
 .text          0x0000000000002068        0x0 /opt/intelFPGA/20.1.1/nios2eds/bin/gnu/H-x86_64-pc-linux-gnu/bin/../lib/gcc/nios2-elf/10.1.1/../../../../../H-x86_64-pc-linux-gnu/nios2-elf/lib/mhw-mulx/libc.a(lib_a-sbrkr.o)
 .text._sbrk_r  0x0000000000002068       0x58 /opt/intelFPGA/20.1.1/nios2eds/bin/gnu/H-x86_64-pc-linux-gnu/bin/../lib/gcc/nios2-elf/10.1.1/../../../../../H-x86_64-pc-linux-gnu/nios2-elf/lib/mhw-mulx/libc.a(lib_a-sbrkr.o)
                0x0000000000002068                _sbrk_r
 .text          0x00000000000020c0        0x0 /opt/intelFPGA/20.1.1/nios2eds/bin/gnu/H-x86_64-pc-linux-gnu/bin/../lib/gcc/nios2-elf/10.1.1/../../../../../H-x86_64-pc-linux-gnu/nios2-elf/lib/mhw-mulx/libc.a(lib_a-stdio.o)
 .text.__sread  0x00000000000020c0       0x54 /opt/intelFPGA/20.1.1/nios2eds/bin/gnu/H-x86_64-pc-linux-gnu/bin/../lib/gcc/nios2-elf/10.1.1/../../../../../H-x86_64-pc-linux-gnu/nios2-elf/lib/mhw-mulx/libc.a(lib_a-stdio.o)
                0x00000000000020c0                __sread
 .text.__seofread
                0x0000000000002114        0x8 /opt/intelFPGA/20.1.1/nios2eds/bin/gnu/H-x86_64-pc-linux-gnu/bin/../lib/gcc/nios2-elf/10.1.1/../../../../../H-x86_64-pc-linux-gnu/nios2-elf/lib/mhw-mulx/libc.a(lib_a-stdio.o)
                0x0000000000002114                __seofread
 .text.__swrite
                0x000000000000211c       0x80 /opt/intelFPGA/20.1.1/nios2eds/bin/gnu/H-x86_64-pc-linux-gnu/bin/../lib/gcc/nios2-elf/10.1.1/../../../../../H-x86_64-pc-linux-gnu/nios2-elf/lib/mhw-mulx/libc.a(lib_a-stdio.o)
                0x000000000000211c                __swrite
 .text.__sseek  0x000000000000219c       0x5c /opt/intelFPGA/20.1.1/nios2eds/bin/gnu/H-x86_64-pc-linux-gnu/bin/../lib/gcc/nios2-elf/10.1.1/../../../../../H-x86_64-pc-linux-gnu/nios2-elf/lib/mhw-mulx/libc.a(lib_a-stdio.o)
                0x000000000000219c                __sseek
 .text.__sclose
                0x00000000000021f8        0x8 /opt/intelFPGA/20.1.1/nios2eds/bin/gnu/H-x86_64-pc-linux-gnu/bin/../lib/gcc/nios2-elf/10.1.1/../../../../../H-x86_64-pc-linux-gnu/nios2-elf/lib/mhw-mulx/libc.a(lib_a-stdio.o)
                0x00000000000021f8                __sclose
 .text          0x0000000000002200        0x0 /opt/intelFPGA/20.1.1/nios2eds/bin/gnu/H-x86_64-pc-linux-gnu/bin/../lib/gcc/nios2-elf/10.1.1/../../../../../H-x86_64-pc-linux-gnu/nios2-elf/lib/mhw-mulx/libc.a(lib_a-writer.o)
 .text._write_r
                0x0000000000002200       0x64 /opt/intelFPGA/20.1.1/nios2eds/bin/gnu/H-x86_64-pc-linux-gnu/bin/../lib/gcc/nios2-elf/10.1.1/../../../../../H-x86_64-pc-linux-gnu/nios2-elf/lib/mhw-mulx/libc.a(lib_a-writer.o)
                0x0000000000002200                _write_r
 .text          0x0000000000002264        0x0 /opt/intelFPGA/20.1.1/nios2eds/bin/gnu/H-x86_64-pc-linux-gnu/bin/../lib/gcc/nios2-elf/10.1.1/../../../../../H-x86_64-pc-linux-gnu/nios2-elf/lib/mhw-mulx/libc.a(lib_a-wsetup.o)
 .text.__swsetup_r
                0x0000000000002264      0x164 /opt/intelFPGA/20.1.1/nios2eds/bin/gnu/H-x86_64-pc-linux-gnu/bin/../lib/gcc/nios2-elf/10.1.1/../../../../../H-x86_64-pc-linux-gnu/nios2-elf/lib/mhw-mulx/libc.a(lib_a-wsetup.o)
                0x0000000000002264                __swsetup_r
 .text          0x00000000000023c8        0x0 /opt/intelFPGA/20.1.1/nios2eds/bin/gnu/H-x86_64-pc-linux-gnu/bin/../lib/gcc/nios2-elf/10.1.1/../../../../../H-x86_64-pc-linux-gnu/nios2-elf/lib/mhw-mulx/libc.a(closer.o)
 .text._close_r
                0x00000000000023c8       0x58 /opt/intelFPGA/20.1.1/nios2eds/bin/gnu/H-x86_64-pc-linux-gnu/bin/../lib/gcc/nios2-elf/10.1.1/../../../../../H-x86_64-pc-linux-gnu/nios2-elf/lib/mhw-mulx/libc.a(closer.o)
                0x00000000000023c8                _close_r
 .text          0x0000000000002420        0x0 /opt/intelFPGA/20.1.1/nios2eds/bin/gnu/H-x86_64-pc-linux-gnu/bin/../lib/gcc/nios2-elf/10.1.1/../../../../../H-x86_64-pc-linux-gnu/nios2-elf/lib/mhw-mulx/libc.a(lib_a-fclose.o)
 .text._fclose_r.part.0
                0x0000000000002420       0xc0 /opt/intelFPGA/20.1.1/nios2eds/bin/gnu/H-x86_64-pc-linux-gnu/bin/../lib/gcc/nios2-elf/10.1.1/../../../../../H-x86_64-pc-linux-gnu/nios2-elf/lib/mhw-mulx/libc.a(lib_a-fclose.o)
 .text._fclose_r
                0x00000000000024e0       0x70 /opt/intelFPGA/20.1.1/nios2eds/bin/gnu/H-x86_64-pc-linux-gnu/bin/../lib/gcc/nios2-elf/10.1.1/../../../../../H-x86_64-pc-linux-gnu/nios2-elf/lib/mhw-mulx/libc.a(lib_a-fclose.o)
                0x00000000000024e0                _fclose_r
 .text.fclose   0x0000000000002550       0x70 /opt/intelFPGA/20.1.1/nios2eds/bin/gnu/H-x86_64-pc-linux-gnu/bin/../lib/gcc/nios2-elf/10.1.1/../../../../../H-x86_64-pc-linux-gnu/nios2-elf/lib/mhw-mulx/libc.a(lib_a-fclose.o)
                0x0000000000002550                fclose
 .text          0x00000000000025c0        0x0 /opt/intelFPGA/20.1.1/nios2eds/bin/gnu/H-x86_64-pc-linux-gnu/bin/../lib/gcc/nios2-elf/10.1.1/../../../../../H-x86_64-pc-linux-gnu/nios2-elf/lib/mhw-mulx/libc.a(lib_a-fflush.o)
 .text.__sflush_r
                0x00000000000025c0      0x228 /opt/intelFPGA/20.1.1/nios2eds/bin/gnu/H-x86_64-pc-linux-gnu/bin/../lib/gcc/nios2-elf/10.1.1/../../../../../H-x86_64-pc-linux-gnu/nios2-elf/lib/mhw-mulx/libc.a(lib_a-fflush.o)
                0x00000000000025c0                __sflush_r
 .text._fflush_r
                0x00000000000027e8       0x60 /opt/intelFPGA/20.1.1/nios2eds/bin/gnu/H-x86_64-pc-linux-gnu/bin/../lib/gcc/nios2-elf/10.1.1/../../../../../H-x86_64-pc-linux-gnu/nios2-elf/lib/mhw-mulx/libc.a(lib_a-fflush.o)
                0x00000000000027e8                _fflush_r
 .text.fflush   0x0000000000002848       0x84 /opt/intelFPGA/20.1.1/nios2eds/bin/gnu/H-x86_64-pc-linux-gnu/bin/../lib/gcc/nios2-elf/10.1.1/../../../../../H-x86_64-pc-linux-gnu/nios2-elf/lib/mhw-mulx/libc.a(lib_a-fflush.o)
                0x0000000000002848                fflush
 .text          0x00000000000028cc        0x0 /opt/intelFPGA/20.1.1/nios2eds/bin/gnu/H-x86_64-pc-linux-gnu/bin/../lib/gcc/nios2-elf/10.1.1/../../../../../H-x86_64-pc-linux-gnu/nios2-elf/lib/mhw-mulx/libc.a(lib_a-freer.o)
 .text._malloc_trim_r
                0x00000000000028cc      0x11c /opt/intelFPGA/20.1.1/nios2eds/bin/gnu/H-x86_64-pc-linux-gnu/bin/../lib/gcc/nios2-elf/10.1.1/../../../../../H-x86_64-pc-linux-gnu/nios2-elf/lib/mhw-mulx/libc.a(lib_a-freer.o)
                0x00000000000028cc                _malloc_trim_r
 .text._free_r  0x00000000000029e8      0x2fc /opt/intelFPGA/20.1.1/nios2eds/bin/gnu/H-x86_64-pc-linux-gnu/bin/../lib/gcc/nios2-elf/10.1.1/../../../../../H-x86_64-pc-linux-gnu/nios2-elf/lib/mhw-mulx/libc.a(lib_a-freer.o)
                0x00000000000029e8                _free_r
 .text          0x0000000000002ce4        0x0 /opt/intelFPGA/20.1.1/nios2eds/bin/gnu/H-x86_64-pc-linux-gnu/bin/../lib/gcc/nios2-elf/10.1.1/../../../../../H-x86_64-pc-linux-gnu/nios2-elf/lib/mhw-mulx/libc.a(lib_a-int_errno.o)
 .text          0x0000000000002ce4        0x0 /opt/intelFPGA/20.1.1/nios2eds/bin/gnu/H-x86_64-pc-linux-gnu/bin/../lib/gcc/nios2-elf/10.1.1/../../../../../H-x86_64-pc-linux-gnu/nios2-elf/lib/mhw-mulx/libc.a(lib_a-lseekr.o)
 .text._lseek_r
                0x0000000000002ce4       0x64 /opt/intelFPGA/20.1.1/nios2eds/bin/gnu/H-x86_64-pc-linux-gnu/bin/../lib/gcc/nios2-elf/10.1.1/../../../../../H-x86_64-pc-linux-gnu/nios2-elf/lib/mhw-mulx/libc.a(lib_a-lseekr.o)
                0x0000000000002ce4                _lseek_r
 .text          0x0000000000002d48        0x0 /opt/intelFPGA/20.1.1/nios2eds/bin/gnu/H-x86_64-pc-linux-gnu/bin/../lib/gcc/nios2-elf/10.1.1/../../../../../H-x86_64-pc-linux-gnu/nios2-elf/lib/mhw-mulx/libc.a(lib_a-makebuf.o)
 .text.__smakebuf_r
                0x0000000000002d48      0x1b0 /opt/intelFPGA/20.1.1/nios2eds/bin/gnu/H-x86_64-pc-linux-gnu/bin/../lib/gcc/nios2-elf/10.1.1/../../../../../H-x86_64-pc-linux-gnu/nios2-elf/lib/mhw-mulx/libc.a(lib_a-makebuf.o)
                0x0000000000002d48                __smakebuf_r
 .text.__swhatbuf_r
                0x0000000000002ef8       0x98 /opt/intelFPGA/20.1.1/nios2eds/bin/gnu/H-x86_64-pc-linux-gnu/bin/../lib/gcc/nios2-elf/10.1.1/../../../../../H-x86_64-pc-linux-gnu/nios2-elf/lib/mhw-mulx/libc.a(lib_a-makebuf.o)
                0x0000000000002ef8                __swhatbuf_r
 .text          0x0000000000002f90        0x0 /opt/intelFPGA/20.1.1/nios2eds/bin/gnu/H-x86_64-pc-linux-gnu/bin/../lib/gcc/nios2-elf/10.1.1/../../../../../H-x86_64-pc-linux-gnu/nios2-elf/lib/mhw-mulx/libc.a(lib_a-readr.o)
 .text._read_r  0x0000000000002f90       0x64 /opt/intelFPGA/20.1.1/nios2eds/bin/gnu/H-x86_64-pc-linux-gnu/bin/../lib/gcc/nios2-elf/10.1.1/../../../../../H-x86_64-pc-linux-gnu/nios2-elf/lib/mhw-mulx/libc.a(lib_a-readr.o)
                0x0000000000002f90                _read_r
 .text          0x0000000000002ff4        0x0 /opt/intelFPGA/20.1.1/nios2eds/bin/gnu/H-x86_64-pc-linux-gnu/bin/../lib/gcc/nios2-elf/10.1.1/../../../../../H-x86_64-pc-linux-gnu/nios2-elf/lib/mhw-mulx/libc.a(lib_a-fstatr.o)
 .text._fstat_r
                0x0000000000002ff4       0x60 /opt/intelFPGA/20.1.1/nios2eds/bin/gnu/H-x86_64-pc-linux-gnu/bin/../lib/gcc/nios2-elf/10.1.1/../../../../../H-x86_64-pc-linux-gnu/nios2-elf/lib/mhw-mulx/libc.a(lib_a-fstatr.o)
                0x0000000000002ff4                _fstat_r
 .text          0x0000000000003054        0x0 /opt/intelFPGA/20.1.1/nios2eds/bin/gnu/H-x86_64-pc-linux-gnu/bin/../lib/gcc/nios2-elf/10.1.1/../../../../../H-x86_64-pc-linux-gnu/nios2-elf/lib/mhw-mulx/libc.a(lib_a-isattyr.o)
 .text._isatty_r
                0x0000000000003054       0x58 /opt/intelFPGA/20.1.1/nios2eds/bin/gnu/H-x86_64-pc-linux-gnu/bin/../lib/gcc/nios2-elf/10.1.1/../../../../../H-x86_64-pc-linux-gnu/nios2-elf/lib/mhw-mulx/libc.a(lib_a-isattyr.o)
                0x0000000000003054                _isatty_r
 .text          0x00000000000030ac      0x1b4 /opt/intelFPGA/20.1.1/nios2eds/bin/gnu/H-x86_64-pc-linux-gnu/bin/../lib/gcc/nios2-elf/10.1.1/mhw-mulx/libgcc.a(lib2-divmod.o)
                0x00000000000030ac                __divsi3
                0x000000000000312c                __modsi3
                0x00000000000031a0                __udivsi3
                0x0000000000003204                __umodsi3
 .text          0x0000000000003260      0x10c /home/xix277/engr-ece/Winter_Sem_2022/CME332/test/test1_bsp//libucosii_bsp.a(alt_close.o)
                0x000000000000329c                close
 .text          0x000000000000336c       0x2c /home/xix277/engr-ece/Winter_Sem_2022/CME332/test/test1_bsp//libucosii_bsp.a(alt_dev.o)
 .text          0x0000000000003398        0x0 /home/xix277/engr-ece/Winter_Sem_2022/CME332/test/test1_bsp//libucosii_bsp.a(alt_errno.o)
 .text          0x0000000000003398       0xec /home/xix277/engr-ece/Winter_Sem_2022/CME332/test/test1_bsp//libucosii_bsp.a(alt_fstat.o)
                0x00000000000033d4                fstat
 .text          0x0000000000003484       0xe0 /home/xix277/engr-ece/Winter_Sem_2022/CME332/test/test1_bsp//libucosii_bsp.a(alt_isatty.o)
                0x00000000000034c0                isatty
 .text          0x0000000000003564       0xec /home/xix277/engr-ece/Winter_Sem_2022/CME332/test/test1_bsp//libucosii_bsp.a(alt_load.o)
                0x00000000000035cc                alt_load
 .text          0x0000000000003650      0x110 /home/xix277/engr-ece/Winter_Sem_2022/CME332/test/test1_bsp//libucosii_bsp.a(alt_lseek.o)
                0x000000000000368c                lseek
 .text          0x0000000000003760       0xc0 /home/xix277/engr-ece/Winter_Sem_2022/CME332/test/test1_bsp//libucosii_bsp.a(alt_main.o)
                0x0000000000003760                alt_main
 .text          0x0000000000003820      0x138 /home/xix277/engr-ece/Winter_Sem_2022/CME332/test/test1_bsp//libucosii_bsp.a(alt_read.o)
                0x000000000000385c                read
 .text          0x0000000000003958       0x58 /home/xix277/engr-ece/Winter_Sem_2022/CME332/test/test1_bsp//libucosii_bsp.a(alt_release_fd.o)
                0x0000000000003958                alt_release_fd
 .text          0x00000000000039b0       0xb8 /home/xix277/engr-ece/Winter_Sem_2022/CME332/test/test1_bsp//libucosii_bsp.a(alt_sbrk.o)
                0x00000000000039b0                sbrk
 .text          0x0000000000003a68      0x134 /home/xix277/engr-ece/Winter_Sem_2022/CME332/test/test1_bsp//libucosii_bsp.a(alt_write.o)
                0x0000000000003aa4                write
 .text          0x0000000000003b9c      0x120 /home/xix277/engr-ece/Winter_Sem_2022/CME332/test/test1_bsp//libucosii_bsp.a(alt_env_lock.o)
                0x0000000000003b9c                __env_lock
                0x0000000000003c5c                __env_unlock
 .text          0x0000000000003cbc      0x1fc /home/xix277/engr-ece/Winter_Sem_2022/CME332/test/test1_bsp//libucosii_bsp.a(alt_malloc_lock.o)
                0x0000000000003cbc                __malloc_lock
                0x0000000000003de4                __malloc_unlock
 .text          0x0000000000003eb8     0x2040 /home/xix277/engr-ece/Winter_Sem_2022/CME332/test/test1_bsp//libucosii_bsp.a(os_core.o)
                0x0000000000003eb8                OSEventNameGet
                0x0000000000003fdc                OSEventNameSet
                0x0000000000004124                OSEventPendMulti
                0x000000000000475c                OSInit
                0x00000000000047b4                OSIntEnter
                0x0000000000004800                OSIntExit
                0x00000000000048f4                OSSchedLock
                0x0000000000004984                OSSchedUnlock
                0x0000000000004a68                OSStart
                0x0000000000004ad0                OSStatInit
                0x0000000000004b88                OSTimeTick
                0x0000000000004dbc                OSVersion
                0x0000000000004ddc                OS_Dummy
                0x0000000000004dfc                OS_EventTaskRdy
                0x0000000000004f84                OS_EventTaskWait
                0x000000000000508c                OS_EventTaskWaitMulti
                0x00000000000051d4                OS_EventTaskRemove
                0x0000000000005284                OS_EventTaskRemoveMulti
                0x0000000000005380                OS_EventWaitListInit
                0x000000000000576c                OS_MemClr
                0x00000000000057c4                OS_MemCopy
                0x0000000000005830                OS_Sched
                0x0000000000005968                OS_StrCopy
                0x00000000000059dc                OS_StrLen
                0x0000000000005a30                OS_TaskIdle
                0x0000000000005a90                OS_TaskStat
                0x0000000000005b54                OS_TaskStatStkChk
                0x0000000000005c18                OS_TCBInit
 .text          0x0000000000005ef8      0x190 /home/xix277/engr-ece/Winter_Sem_2022/CME332/test/test1_bsp//libucosii_bsp.a(os_dbg.o)
                0x0000000000005ef8                OSDebugInit
 .text          0x0000000000006088     0x17c4 /home/xix277/engr-ece/Winter_Sem_2022/CME332/test/test1_bsp//libucosii_bsp.a(os_flag.o)
                0x0000000000006088                OSFlagAccept
                0x00000000000063ac                OSFlagCreate
                0x00000000000064bc                OSFlagDel
                0x0000000000006714                OSFlagNameGet
                0x0000000000006844                OSFlagNameSet
                0x0000000000006998                OSFlagPend
                0x0000000000006f98                OSFlagPendGetFlagsRdy
                0x0000000000006ffc                OSFlagPost
                0x00000000000073a8                OSFlagQuery
                0x00000000000075d4                OS_FlagInit
                0x00000000000077a8                OS_FlagUnlink
 .text          0x000000000000784c      0x778 /home/xix277/engr-ece/Winter_Sem_2022/CME332/test/test1_bsp//libucosii_bsp.a(os_mem.o)
                0x000000000000784c                OSMemCreate
                0x0000000000007a24                OSMemGet
                0x0000000000007b1c                OSMemNameGet
                0x0000000000007c10                OSMemNameSet
                0x0000000000007d2c                OSMemPut
                0x0000000000007e0c                OSMemQuery
                0x0000000000007ef8                OS_MemInit
 .text          0x0000000000007fc4     0x115c /home/xix277/engr-ece/Winter_Sem_2022/CME332/test/test1_bsp//libucosii_bsp.a(os_q.o)
                0x0000000000007fc4                OSQAccept
                0x0000000000008108                OSQCreate
                0x00000000000082b8                OSQDel
                0x0000000000008548                OSQFlush
                0x0000000000008604                OSQPend
                0x000000000000889c                OSQPendAbort
                0x0000000000008a10                OSQPost
                0x0000000000008b84                OSQPostFront
                0x0000000000008d00                OSQPostOpt
                0x0000000000008f18                OSQQuery
                0x0000000000009078                OS_QInit
 .text          0x0000000000009120      0xa98 /home/xix277/engr-ece/Winter_Sem_2022/CME332/test/test1_bsp//libucosii_bsp.a(os_sem.o)
                0x0000000000009120                OSSemAccept
                0x00000000000091d4                OSSemCreate
                0x00000000000092b0                OSSemDel
                0x0000000000009500                OSSemPend
                0x0000000000009714                OSSemPendAbort
                0x0000000000009888                OSSemPost
                0x00000000000099a4                OSSemQuery
                0x0000000000009ab8                OSSemSet
 .text          0x0000000000009bb8     0x1750 /home/xix277/engr-ece/Winter_Sem_2022/CME332/test/test1_bsp//libucosii_bsp.a(os_task.o)
                0x0000000000009bb8                OSTaskChangePrio
                0x000000000000a07c                OSTaskCreate
                0x000000000000a220                OSTaskCreateExt
                0x000000000000a3fc                OSTaskDel
                0x000000000000a740                OSTaskDelReq
                0x000000000000a898                OSTaskNameGet
                0x000000000000aa34                OSTaskNameSet
                0x000000000000abf0                OSTaskResume
                0x000000000000add0                OSTaskStkChk
                0x000000000000af88                OSTaskSuspend
                0x000000000000b170                OSTaskQuery
                0x000000000000b298                OS_TaskStkClr
 .text          0x000000000000b308      0x500 /home/xix277/engr-ece/Winter_Sem_2022/CME332/test/test1_bsp//libucosii_bsp.a(os_time.o)
                0x000000000000b308                OSTimeDly
                0x000000000000b410                OSTimeDlyHMSM
                0x000000000000b564                OSTimeDlyResume
                0x000000000000b744                OSTimeGet
                0x000000000000b7a4                OSTimeSet
 .text          0x000000000000b808      0x844 /home/xix277/engr-ece/Winter_Sem_2022/CME332/test/test1_bsp//libucosii_bsp.a(alt_sys_init.o)
                0x000000000000b83c                alt_irq_init
                0x000000000000b878                alt_sys_init
 .text          0x000000000000c04c      0x164 /home/xix277/engr-ece/Winter_Sem_2022/CME332/test/test1_bsp//libucosii_bsp.a(altera_avalon_jtag_uart_fd.o)
                0x000000000000c04c                altera_avalon_jtag_uart_read_fd
                0x000000000000c0ac                altera_avalon_jtag_uart_write_fd
                0x000000000000c10c                altera_avalon_jtag_uart_close_fd
                0x000000000000c15c                altera_avalon_jtag_uart_ioctl_fd
 .text          0x000000000000c1b0      0x568 /home/xix277/engr-ece/Winter_Sem_2022/CME332/test/test1_bsp//libucosii_bsp.a(altera_avalon_jtag_uart_init.o)
                0x000000000000c1b0                altera_avalon_jtag_uart_init
                0x000000000000c6b0                altera_avalon_jtag_uart_close
 .text          0x000000000000c718       0xf4 /home/xix277/engr-ece/Winter_Sem_2022/CME332/test/test1_bsp//libucosii_bsp.a(altera_avalon_jtag_uart_ioctl.o)
                0x000000000000c718                altera_avalon_jtag_uart_ioctl
 .text          0x000000000000c80c      0x2c8 /home/xix277/engr-ece/Winter_Sem_2022/CME332/test/test1_bsp//libucosii_bsp.a(altera_avalon_jtag_uart_read.o)
                0x000000000000c80c                altera_avalon_jtag_uart_read
 .text          0x000000000000cad4      0x2d0 /home/xix277/engr-ece/Winter_Sem_2022/CME332/test/test1_bsp//libucosii_bsp.a(altera_avalon_jtag_uart_write.o)
                0x000000000000cad4                altera_avalon_jtag_uart_write
 .text          0x000000000000cda4       0xfc /home/xix277/engr-ece/Winter_Sem_2022/CME332/test/test1_bsp//libucosii_bsp.a(altera_avalon_timer_sc.o)
                0x000000000000ce24                alt_avalon_timer_sc_init
 .text          0x000000000000cea0      0x4fc /home/xix277/engr-ece/Winter_Sem_2022/CME332/test/test1_bsp//libucosii_bsp.a(altera_up_avalon_character_lcd.o)
                0x000000000000cea0                get_DDRAM_addr
                0x000000000000cf14                alt_up_character_lcd_send_cmd
                0x000000000000cf54                alt_up_character_lcd_init
                0x000000000000cf8c                alt_up_character_lcd_open_dev
                0x000000000000cfc8                alt_up_character_lcd_write
                0x000000000000d048                alt_up_character_lcd_string
                0x000000000000d0c4                alt_up_character_lcd_write_fd
                0x000000000000d114                alt_up_character_lcd_set_cursor_pos
                0x000000000000d188                alt_up_character_lcd_shift_cursor
                0x000000000000d214                alt_up_character_lcd_shift_display
                0x000000000000d2a0                alt_up_character_lcd_erase_pos
                0x000000000000d32c                alt_up_character_lcd_cursor_off
                0x000000000000d364                alt_up_character_lcd_cursor_blink_on
 .text          0x000000000000d39c      0x38c /home/xix277/engr-ece/Winter_Sem_2022/CME332/test/test1_bsp//libucosii_bsp.a(altera_up_avalon_irda.o)
                0x000000000000d39c                alt_up_irda_enable_read_interrupt
                0x000000000000d3f8                alt_up_irda_disable_read_interrupt
                0x000000000000d458                alt_up_irda_get_used_space_in_read_FIFO
                0x000000000000d498                alt_up_irda_get_available_space_in_write_FIFO
                0x000000000000d4d4                alt_up_irda_check_parity
                0x000000000000d518                alt_up_irda_write_data
                0x000000000000d558                alt_up_irda_read_data
                0x000000000000d5cc                alt_up_irda_read_fd
                0x000000000000d65c                alt_up_irda_write_fd
                0x000000000000d6ec                alt_up_irda_open_dev
 .text          0x000000000000d728      0x6b4 /home/xix277/engr-ece/Winter_Sem_2022/CME332/test/test1_bsp//libucosii_bsp.a(altera_up_avalon_ps2.o)
                0x000000000000d728                read_RI_bit
                0x000000000000d75c                read_RE_bit
                0x000000000000d78c                read_CE_bit
                0x000000000000d7c0                read_num_bytes_available
                0x000000000000d7f0                read_data_valid
                0x000000000000d824                read_data_byte
                0x000000000000d850                alt_up_ps2_init
                0x000000000000d918                alt_up_ps2_enable_read_interrupt
                0x000000000000d974                alt_up_ps2_disable_read_interrupt
                0x000000000000d9d4                alt_up_ps2_write_data_byte
                0x000000000000da48                alt_up_ps2_wait_for_ack
                0x000000000000dab0                alt_up_ps2_write_data_byte_with_ack
                0x000000000000db14                alt_up_ps2_read_data_byte_timeout
                0x000000000000dbb0                alt_up_ps2_read_data_byte
                0x000000000000dc20                alt_up_ps2_clear_fifo
                0x000000000000dc7c                alt_up_ps2_read_fd
                0x000000000000dd08                alt_up_ps2_write_fd
                0x000000000000dda0                alt_up_ps2_open_dev
 .text          0x000000000000dddc      0x390 /home/xix277/engr-ece/Winter_Sem_2022/CME332/test/test1_bsp//libucosii_bsp.a(altera_up_avalon_rs232.o)
                0x000000000000dddc                alt_up_rs232_enable_read_interrupt
                0x000000000000de38                alt_up_rs232_disable_read_interrupt
                0x000000000000de98                alt_up_rs232_get_used_space_in_read_FIFO
                0x000000000000ded8                alt_up_rs232_get_available_space_in_write_FIFO
                0x000000000000df14                alt_up_rs232_check_parity
                0x000000000000df58                alt_up_rs232_write_data
                0x000000000000df98                alt_up_rs232_read_data
                0x000000000000e00c                alt_up_rs232_read_fd
                0x000000000000e09c                alt_up_rs232_write_fd
                0x000000000000e130                alt_up_rs232_open_dev
 .text          0x000000000000e16c      0x134 /home/xix277/engr-ece/Winter_Sem_2022/CME332/test/test1_bsp//libucosii_bsp.a(alt_alarm_start.o)
                0x000000000000e16c                alt_alarm_start
 .text          0x000000000000e2a0       0x20 /home/xix277/engr-ece/Winter_Sem_2022/CME332/test/test1_bsp//libucosii_bsp.a(alt_dcache_flush_all.o)
                0x000000000000e2a0                alt_dcache_flush_all
 .text          0x000000000000e2c0       0xe4 /home/xix277/engr-ece/Winter_Sem_2022/CME332/test/test1_bsp//libucosii_bsp.a(alt_dev_llist_insert.o)
                0x000000000000e2fc                alt_dev_llist_insert
 .text          0x000000000000e3a4       0x64 /home/xix277/engr-ece/Winter_Sem_2022/CME332/test/test1_bsp//libucosii_bsp.a(alt_do_ctors.o)
                0x000000000000e3a4                _do_ctors
 .text          0x000000000000e408       0x64 /home/xix277/engr-ece/Winter_Sem_2022/CME332/test/test1_bsp//libucosii_bsp.a(alt_do_dtors.o)
                0x000000000000e408                _do_dtors
 .text          0x000000000000e46c       0x90 /home/xix277/engr-ece/Winter_Sem_2022/CME332/test/test1_bsp//libucosii_bsp.a(alt_find_dev.o)
                0x000000000000e46c                alt_find_dev
 .text          0x000000000000e4fc       0x34 /home/xix277/engr-ece/Winter_Sem_2022/CME332/test/test1_bsp//libucosii_bsp.a(alt_icache_flush_all.o)
                0x000000000000e4fc                alt_icache_flush_all
 .text          0x000000000000e530      0x12c /home/xix277/engr-ece/Winter_Sem_2022/CME332/test/test1_bsp//libucosii_bsp.a(alt_io_redirect.o)
                0x000000000000e5e0                alt_io_redirect
 .text          0x000000000000e65c      0x180 /home/xix277/engr-ece/Winter_Sem_2022/CME332/test/test1_bsp//libucosii_bsp.a(alt_irq_register.o)
                0x000000000000e65c                alt_irq_register
 .text          0x000000000000e7dc        0x0 /home/xix277/engr-ece/Winter_Sem_2022/CME332/test/test1_bsp//libucosii_bsp.a(alt_irq_vars.o)
 .text          0x000000000000e7dc      0x248 /home/xix277/engr-ece/Winter_Sem_2022/CME332/test/test1_bsp//libucosii_bsp.a(alt_open.o)
                0x000000000000e8d0                open
 .text          0x000000000000ea24      0x1ac /home/xix277/engr-ece/Winter_Sem_2022/CME332/test/test1_bsp//libucosii_bsp.a(alt_tick.o)
                0x000000000000ea24                alt_alarm_stop
                0x000000000000eac8                alt_tick
 .text          0x000000000000ebd0       0x24 /home/xix277/engr-ece/Winter_Sem_2022/CME332/test/test1_bsp//libucosii_bsp.a(altera_nios2_gen2_irq.o)
                0x000000000000ebd0                altera_nios2_gen2_irq_init
 .text          0x000000000000ebf4       0xd0 /home/xix277/engr-ece/Winter_Sem_2022/CME332/test/test1_bsp//libucosii_bsp.a(os_cpu_a.o)
                0x000000000000ebf4                OSCtxSw
                0x000000000000ebf4                OSIntCtxSw
                0x000000000000ec80                OSStartHighRdy
                0x000000000000eca0                OSStartTsk
 .text          0x000000000000ecc4      0x278 /home/xix277/engr-ece/Winter_Sem_2022/CME332/test/test1_bsp//libucosii_bsp.a(os_cpu_c.o)
                0x000000000000ecc4                OSTaskStkInit
                0x000000000000ee10                OSTaskCreateHook
                0x000000000000ee34                OSTaskDelHook
                0x000000000000ee58                OSTaskSwHook
                0x000000000000ee78                OSTaskStatHook
                0x000000000000ee98                OSTimeTickHook
                0x000000000000eeb8                OSInitHookBegin
                0x000000000000eed8                OSInitHookEnd
                0x000000000000eef8                OSTaskIdleHook
                0x000000000000ef18                OSTCBInitHook
 .text          0x000000000000ef3c      0x108 /home/xix277/engr-ece/Winter_Sem_2022/CME332/test/test1_bsp//libucosii_bsp.a(alt_find_file.o)
                0x000000000000ef3c                alt_find_file
 .text          0x000000000000f044       0xd8 /home/xix277/engr-ece/Winter_Sem_2022/CME332/test/test1_bsp//libucosii_bsp.a(alt_get_fd.o)
                0x000000000000f044                alt_get_fd
 .text          0x000000000000f11c       0x90 /home/xix277/engr-ece/Winter_Sem_2022/CME332/test/test1_bsp//libucosii_bsp.a(alt_icache_flush.o)
                0x000000000000f11c                alt_icache_flush
 .text          0x000000000000f1ac        0x0 /home/xix277/engr-ece/Winter_Sem_2022/CME332/test/test1_bsp//libucosii_bsp.a(alt_irq_entry.o)
 .text          0x000000000000f1ac        0x0 /home/xix277/engr-ece/Winter_Sem_2022/CME332/test/test1_bsp//libucosii_bsp.a(alt_irq_handler.o)
 .text          0x000000000000f1ac        0x0 /home/xix277/engr-ece/Winter_Sem_2022/CME332/test/test1_bsp//libucosii_bsp.a(alt_exception_entry.o)
 .text          0x000000000000f1ac       0x98 /home/xix277/engr-ece/Winter_Sem_2022/CME332/test/test1_bsp//libucosii_bsp.a(alt_instruction_exception_entry.o)
                0x000000000000f1ac                alt_exception_cause_generated_bad_addr
 .text          0x000000000000f244        0x0 /opt/intelFPGA/20.1.1/nios2eds/bin/gnu/H-x86_64-pc-linux-gnu/bin/../lib/gcc/nios2-elf/10.1.1/../../../../../H-x86_64-pc-linux-gnu/nios2-elf/lib/mhw-mulx/libc.a(lib_a-atexit.o)
 .text.atexit   0x000000000000f244       0x14 /opt/intelFPGA/20.1.1/nios2eds/bin/gnu/H-x86_64-pc-linux-gnu/bin/../lib/gcc/nios2-elf/10.1.1/../../../../../H-x86_64-pc-linux-gnu/nios2-elf/lib/mhw-mulx/libc.a(lib_a-atexit.o)
                0x000000000000f244                atexit
 .text          0x000000000000f258        0x0 /opt/intelFPGA/20.1.1/nios2eds/bin/gnu/H-x86_64-pc-linux-gnu/bin/../lib/gcc/nios2-elf/10.1.1/../../../../../H-x86_64-pc-linux-gnu/nios2-elf/lib/mhw-mulx/libc.a(lib_a-exit.o)
 .text.exit     0x000000000000f258       0x34 /opt/intelFPGA/20.1.1/nios2eds/bin/gnu/H-x86_64-pc-linux-gnu/bin/../lib/gcc/nios2-elf/10.1.1/../../../../../H-x86_64-pc-linux-gnu/nios2-elf/lib/mhw-mulx/libc.a(lib_a-exit.o)
                0x000000000000f258                exit
 .text          0x000000000000f28c        0x0 /opt/intelFPGA/20.1.1/nios2eds/bin/gnu/H-x86_64-pc-linux-gnu/bin/../lib/gcc/nios2-elf/10.1.1/../../../../../H-x86_64-pc-linux-gnu/nios2-elf/lib/mhw-mulx/libc.a(lib_a-memcmp.o)
 .text.memcmp   0x000000000000f28c       0x78 /opt/intelFPGA/20.1.1/nios2eds/bin/gnu/H-x86_64-pc-linux-gnu/bin/../lib/gcc/nios2-elf/10.1.1/../../../../../H-x86_64-pc-linux-gnu/nios2-elf/lib/mhw-mulx/libc.a(lib_a-memcmp.o)
                0x000000000000f28c                memcmp
 .text          0x000000000000f304        0x0 /opt/intelFPGA/20.1.1/nios2eds/bin/gnu/H-x86_64-pc-linux-gnu/bin/../lib/gcc/nios2-elf/10.1.1/../../../../../H-x86_64-pc-linux-gnu/nios2-elf/lib/mhw-mulx/libc.a(lib_a-__atexit.o)
 .text.__register_exitproc
                0x000000000000f304       0x90 /opt/intelFPGA/20.1.1/nios2eds/bin/gnu/H-x86_64-pc-linux-gnu/bin/../lib/gcc/nios2-elf/10.1.1/../../../../../H-x86_64-pc-linux-gnu/nios2-elf/lib/mhw-mulx/libc.a(lib_a-__atexit.o)
                0x000000000000f304                __register_exitproc
 .text          0x000000000000f394        0x0 /opt/intelFPGA/20.1.1/nios2eds/bin/gnu/H-x86_64-pc-linux-gnu/bin/../lib/gcc/nios2-elf/10.1.1/../../../../../H-x86_64-pc-linux-gnu/nios2-elf/lib/mhw-mulx/libc.a(lib_a-__call_atexit.o)
 .text.__call_exitprocs
                0x000000000000f394      0x120 /opt/intelFPGA/20.1.1/nios2eds/bin/gnu/H-x86_64-pc-linux-gnu/bin/../lib/gcc/nios2-elf/10.1.1/../../../../../H-x86_64-pc-linux-gnu/nios2-elf/lib/mhw-mulx/libc.a(lib_a-__call_atexit.o)
                0x000000000000f394                __call_exitprocs
 .text          0x000000000000f4b4       0x38 /home/xix277/engr-ece/Winter_Sem_2022/CME332/test/test1_bsp//libucosii_bsp.a(alt_exit.o)
                0x000000000000f4b4                _exit
 *(.gnu.warning.*)
 *(.fini)
                [!provide]                        PROVIDE (__etext = ABSOLUTE (.))
                [!provide]                        PROVIDE (_etext = ABSOLUTE (.))
                [!provide]                        PROVIDE (etext = ABSOLUTE (.))
 *(.eh_frame_hdr)
                0x000000000000f4ec                . = ALIGN (0x4)
                [!provide]                        PROVIDE (__preinit_array_start = ABSOLUTE (.))
 *(.preinit_array)
                [!provide]                        PROVIDE (__preinit_array_end = ABSOLUTE (.))
                [!provide]                        PROVIDE (__init_array_start = ABSOLUTE (.))
 *(.init_array)
                [!provide]                        PROVIDE (__init_array_end = ABSOLUTE (.))
                [!provide]                        PROVIDE (__fini_array_start = ABSOLUTE (.))
 *(.fini_array)
                [!provide]                        PROVIDE (__fini_array_end = ABSOLUTE (.))
 *(.eh_frame)
 *(.gcc_except_table .gcc_except_table.*)
 *(.dynamic)
                0x000000000000f4ec                PROVIDE (__CTOR_LIST__ = ABSOLUTE (.))
 *(.ctors)
 *(SORT_BY_NAME(.ctors.*))
                0x000000000000f4ec                PROVIDE (__CTOR_END__ = ABSOLUTE (.))
                0x000000000000f4ec                PROVIDE (__DTOR_LIST__ = ABSOLUTE (.))
 *(.dtors)
 *(SORT_BY_NAME(.dtors.*))
                0x000000000000f4ec                PROVIDE (__DTOR_END__ = ABSOLUTE (.))
 *(.jcr)
                0x000000000000f4ec                . = ALIGN (0x4)

.rodata         0x000000000000f4ec      0x5a8
                0x000000000000f4ec                PROVIDE (__ram_rodata_start = ABSOLUTE (.))
                0x000000000000f4ec                . = ALIGN (0x4)
 *(.rodata .rodata.* .gnu.linkonce.r.*)
 .rodata        0x000000000000f4ec      0x30b obj/default/hello_ucosii.o
 *fill*         0x000000000000f7f7        0x1 
 .rodata._puts_r.str1.4
                0x000000000000f7f8        0x2 /opt/intelFPGA/20.1.1/nios2eds/bin/gnu/H-x86_64-pc-linux-gnu/bin/../lib/gcc/nios2-elf/10.1.1/../../../../../H-x86_64-pc-linux-gnu/nios2-elf/lib/mhw-mulx/libc.a(lib_a-puts.o)
 *fill*         0x000000000000f7fa        0x2 
 .rodata        0x000000000000f7fc        0xa /home/xix277/engr-ece/Winter_Sem_2022/CME332/test/test1_bsp//libucosii_bsp.a(alt_dev.o)
 *fill*         0x000000000000f806        0x2 
 .rodata        0x000000000000f808        0xf /home/xix277/engr-ece/Winter_Sem_2022/CME332/test/test1_bsp//libucosii_bsp.a(alt_main.o)
 *fill*         0x000000000000f817        0x1 
 .rodata        0x000000000000f818      0x11e /home/xix277/engr-ece/Winter_Sem_2022/CME332/test/test1_bsp//libucosii_bsp.a(os_core.o)
                0x000000000000f818                OSUnMapTbl
 *fill*         0x000000000000f936        0x2 
 .rodata        0x000000000000f938      0x159 /home/xix277/engr-ece/Winter_Sem_2022/CME332/test/test1_bsp//libucosii_bsp.a(alt_sys_init.o)
 *(.rodata1)
                0x000000000000fa94                . = ALIGN (0x4)
 *fill*         0x000000000000fa91        0x3 
                0x000000000000fa94                PROVIDE (__ram_rodata_end = ABSOLUTE (.))
                0x000000000000f4ec                PROVIDE (__flash_rodata_start = LOADADDR (.rodata))

.rwdata         0x000000000000fa94     0x1e00 load address 0x0000000000011894
                0x000000000000fa94                PROVIDE (__ram_rwdata_start = ABSOLUTE (.))
                0x000000000000fa94                . = ALIGN (0x4)
 *(.got.plt)
 *(.got)
 *(.data1)
 *(.data .data.* .gnu.linkonce.d.*)
 .data          0x000000000000fa94        0x0 /home/xix277/engr-ece/Winter_Sem_2022/CME332/test/test1_bsp//obj/HAL/src/crt0.o
 .data          0x000000000000fa94        0x0 obj/default/hello_ucosii.o
 .data          0x000000000000fa94        0x0 /opt/intelFPGA/20.1.1/nios2eds/bin/gnu/H-x86_64-pc-linux-gnu/bin/../lib/gcc/nios2-elf/10.1.1/../../../../../H-x86_64-pc-linux-gnu/nios2-elf/lib/mhw-mulx/libc.a(lib_a-puts.o)
 .data          0x000000000000fa94        0x0 /opt/intelFPGA/20.1.1/nios2eds/bin/gnu/H-x86_64-pc-linux-gnu/bin/../lib/gcc/nios2-elf/10.1.1/../../../../../H-x86_64-pc-linux-gnu/nios2-elf/lib/mhw-mulx/libc.a(lib_a-strlen.o)
 .data          0x000000000000fa94        0x0 /opt/intelFPGA/20.1.1/nios2eds/bin/gnu/H-x86_64-pc-linux-gnu/bin/../lib/gcc/nios2-elf/10.1.1/../../../../../H-x86_64-pc-linux-gnu/nios2-elf/lib/mhw-mulx/libc.a(lib_a-findfp.o)
 .data          0x000000000000fa94        0x0 /opt/intelFPGA/20.1.1/nios2eds/bin/gnu/H-x86_64-pc-linux-gnu/bin/../lib/gcc/nios2-elf/10.1.1/../../../../../H-x86_64-pc-linux-gnu/nios2-elf/lib/mhw-mulx/libc.a(lib_a-fvwrite.o)
 .data          0x000000000000fa94        0x0 /opt/intelFPGA/20.1.1/nios2eds/bin/gnu/H-x86_64-pc-linux-gnu/bin/../lib/gcc/nios2-elf/10.1.1/../../../../../H-x86_64-pc-linux-gnu/nios2-elf/lib/mhw-mulx/libc.a(lib_a-fwalk.o)
 .data          0x000000000000fa94        0x0 /opt/intelFPGA/20.1.1/nios2eds/bin/gnu/H-x86_64-pc-linux-gnu/bin/../lib/gcc/nios2-elf/10.1.1/../../../../../H-x86_64-pc-linux-gnu/nios2-elf/lib/mhw-mulx/libc.a(lib_a-impure.o)
 .data.impure_data
                0x000000000000fa94      0x424 /opt/intelFPGA/20.1.1/nios2eds/bin/gnu/H-x86_64-pc-linux-gnu/bin/../lib/gcc/nios2-elf/10.1.1/../../../../../H-x86_64-pc-linux-gnu/nios2-elf/lib/mhw-mulx/libc.a(lib_a-impure.o)
 .data          0x000000000000feb8        0x0 /opt/intelFPGA/20.1.1/nios2eds/bin/gnu/H-x86_64-pc-linux-gnu/bin/../lib/gcc/nios2-elf/10.1.1/../../../../../H-x86_64-pc-linux-gnu/nios2-elf/lib/mhw-mulx/libc.a(lib_a-mallocr.o)
 .data.__malloc_av_
                0x000000000000feb8      0x408 /opt/intelFPGA/20.1.1/nios2eds/bin/gnu/H-x86_64-pc-linux-gnu/bin/../lib/gcc/nios2-elf/10.1.1/../../../../../H-x86_64-pc-linux-gnu/nios2-elf/lib/mhw-mulx/libc.a(lib_a-mallocr.o)
                0x000000000000feb8                __malloc_av_
 .data          0x00000000000102c0        0x0 /opt/intelFPGA/20.1.1/nios2eds/bin/gnu/H-x86_64-pc-linux-gnu/bin/../lib/gcc/nios2-elf/10.1.1/../../../../../H-x86_64-pc-linux-gnu/nios2-elf/lib/mhw-mulx/libc.a(lib_a-memchr.o)
 .data          0x00000000000102c0        0x0 /opt/intelFPGA/20.1.1/nios2eds/bin/gnu/H-x86_64-pc-linux-gnu/bin/../lib/gcc/nios2-elf/10.1.1/../../../../../H-x86_64-pc-linux-gnu/nios2-elf/lib/mhw-mulx/libc.a(lib_a-memcpy.o)
 .data          0x00000000000102c0        0x0 /opt/intelFPGA/20.1.1/nios2eds/bin/gnu/H-x86_64-pc-linux-gnu/bin/../lib/gcc/nios2-elf/10.1.1/../../../../../H-x86_64-pc-linux-gnu/nios2-elf/lib/mhw-mulx/libc.a(lib_a-memmove.o)
 .data          0x00000000000102c0        0x0 /opt/intelFPGA/20.1.1/nios2eds/bin/gnu/H-x86_64-pc-linux-gnu/bin/../lib/gcc/nios2-elf/10.1.1/../../../../../H-x86_64-pc-linux-gnu/nios2-elf/lib/mhw-mulx/libc.a(lib_a-memset.o)
 .data          0x00000000000102c0        0x0 /opt/intelFPGA/20.1.1/nios2eds/bin/gnu/H-x86_64-pc-linux-gnu/bin/../lib/gcc/nios2-elf/10.1.1/../../../../../H-x86_64-pc-linux-gnu/nios2-elf/lib/mhw-mulx/libc.a(lib_a-reallocr.o)
 .data          0x00000000000102c0        0x0 /opt/intelFPGA/20.1.1/nios2eds/bin/gnu/H-x86_64-pc-linux-gnu/bin/../lib/gcc/nios2-elf/10.1.1/../../../../../H-x86_64-pc-linux-gnu/nios2-elf/lib/mhw-mulx/libc.a(lib_a-sbrkr.o)
 .data          0x00000000000102c0        0x0 /opt/intelFPGA/20.1.1/nios2eds/bin/gnu/H-x86_64-pc-linux-gnu/bin/../lib/gcc/nios2-elf/10.1.1/../../../../../H-x86_64-pc-linux-gnu/nios2-elf/lib/mhw-mulx/libc.a(lib_a-stdio.o)
 .data          0x00000000000102c0        0x0 /opt/intelFPGA/20.1.1/nios2eds/bin/gnu/H-x86_64-pc-linux-gnu/bin/../lib/gcc/nios2-elf/10.1.1/../../../../../H-x86_64-pc-linux-gnu/nios2-elf/lib/mhw-mulx/libc.a(lib_a-writer.o)
 .data          0x00000000000102c0        0x0 /opt/intelFPGA/20.1.1/nios2eds/bin/gnu/H-x86_64-pc-linux-gnu/bin/../lib/gcc/nios2-elf/10.1.1/../../../../../H-x86_64-pc-linux-gnu/nios2-elf/lib/mhw-mulx/libc.a(lib_a-wsetup.o)
 .data          0x00000000000102c0        0x0 /opt/intelFPGA/20.1.1/nios2eds/bin/gnu/H-x86_64-pc-linux-gnu/bin/../lib/gcc/nios2-elf/10.1.1/../../../../../H-x86_64-pc-linux-gnu/nios2-elf/lib/mhw-mulx/libc.a(closer.o)
 .data          0x00000000000102c0        0x0 /opt/intelFPGA/20.1.1/nios2eds/bin/gnu/H-x86_64-pc-linux-gnu/bin/../lib/gcc/nios2-elf/10.1.1/../../../../../H-x86_64-pc-linux-gnu/nios2-elf/lib/mhw-mulx/libc.a(lib_a-fclose.o)
 .data          0x00000000000102c0        0x0 /opt/intelFPGA/20.1.1/nios2eds/bin/gnu/H-x86_64-pc-linux-gnu/bin/../lib/gcc/nios2-elf/10.1.1/../../../../../H-x86_64-pc-linux-gnu/nios2-elf/lib/mhw-mulx/libc.a(lib_a-fflush.o)
 .data          0x00000000000102c0        0x0 /opt/intelFPGA/20.1.1/nios2eds/bin/gnu/H-x86_64-pc-linux-gnu/bin/../lib/gcc/nios2-elf/10.1.1/../../../../../H-x86_64-pc-linux-gnu/nios2-elf/lib/mhw-mulx/libc.a(lib_a-freer.o)
 .data          0x00000000000102c0        0x0 /opt/intelFPGA/20.1.1/nios2eds/bin/gnu/H-x86_64-pc-linux-gnu/bin/../lib/gcc/nios2-elf/10.1.1/../../../../../H-x86_64-pc-linux-gnu/nios2-elf/lib/mhw-mulx/libc.a(lib_a-int_errno.o)
 .data          0x00000000000102c0        0x0 /opt/intelFPGA/20.1.1/nios2eds/bin/gnu/H-x86_64-pc-linux-gnu/bin/../lib/gcc/nios2-elf/10.1.1/../../../../../H-x86_64-pc-linux-gnu/nios2-elf/lib/mhw-mulx/libc.a(lib_a-lseekr.o)
 .data          0x00000000000102c0        0x0 /opt/intelFPGA/20.1.1/nios2eds/bin/gnu/H-x86_64-pc-linux-gnu/bin/../lib/gcc/nios2-elf/10.1.1/../../../../../H-x86_64-pc-linux-gnu/nios2-elf/lib/mhw-mulx/libc.a(lib_a-makebuf.o)
 .data          0x00000000000102c0        0x0 /opt/intelFPGA/20.1.1/nios2eds/bin/gnu/H-x86_64-pc-linux-gnu/bin/../lib/gcc/nios2-elf/10.1.1/../../../../../H-x86_64-pc-linux-gnu/nios2-elf/lib/mhw-mulx/libc.a(lib_a-readr.o)
 .data          0x00000000000102c0        0x0 /opt/intelFPGA/20.1.1/nios2eds/bin/gnu/H-x86_64-pc-linux-gnu/bin/../lib/gcc/nios2-elf/10.1.1/../../../../../H-x86_64-pc-linux-gnu/nios2-elf/lib/mhw-mulx/libc.a(lib_a-fstatr.o)
 .data          0x00000000000102c0        0x0 /opt/intelFPGA/20.1.1/nios2eds/bin/gnu/H-x86_64-pc-linux-gnu/bin/../lib/gcc/nios2-elf/10.1.1/../../../../../H-x86_64-pc-linux-gnu/nios2-elf/lib/mhw-mulx/libc.a(lib_a-isattyr.o)
 .data          0x00000000000102c0        0x0 /opt/intelFPGA/20.1.1/nios2eds/bin/gnu/H-x86_64-pc-linux-gnu/bin/../lib/gcc/nios2-elf/10.1.1/mhw-mulx/libgcc.a(lib2-divmod.o)
 .data          0x00000000000102c0        0x0 /home/xix277/engr-ece/Winter_Sem_2022/CME332/test/test1_bsp//libucosii_bsp.a(alt_close.o)
 .data          0x00000000000102c0      0x1a8 /home/xix277/engr-ece/Winter_Sem_2022/CME332/test/test1_bsp//libucosii_bsp.a(alt_dev.o)
                0x00000000000102c0                alt_dev_null
                0x00000000000102e8                alt_fd_list
 .data          0x0000000000010468        0x0 /home/xix277/engr-ece/Winter_Sem_2022/CME332/test/test1_bsp//libucosii_bsp.a(alt_errno.o)
 .data          0x0000000000010468        0x0 /home/xix277/engr-ece/Winter_Sem_2022/CME332/test/test1_bsp//libucosii_bsp.a(alt_fstat.o)
 .data          0x0000000000010468        0x0 /home/xix277/engr-ece/Winter_Sem_2022/CME332/test/test1_bsp//libucosii_bsp.a(alt_isatty.o)
 .data          0x0000000000010468        0x0 /home/xix277/engr-ece/Winter_Sem_2022/CME332/test/test1_bsp//libucosii_bsp.a(alt_load.o)
 .data          0x0000000000010468        0x0 /home/xix277/engr-ece/Winter_Sem_2022/CME332/test/test1_bsp//libucosii_bsp.a(alt_lseek.o)
 .data          0x0000000000010468        0x0 /home/xix277/engr-ece/Winter_Sem_2022/CME332/test/test1_bsp//libucosii_bsp.a(alt_main.o)
 .data          0x0000000000010468        0x0 /home/xix277/engr-ece/Winter_Sem_2022/CME332/test/test1_bsp//libucosii_bsp.a(alt_read.o)
 .data          0x0000000000010468        0x0 /home/xix277/engr-ece/Winter_Sem_2022/CME332/test/test1_bsp//libucosii_bsp.a(alt_release_fd.o)
 .data          0x0000000000010468        0x0 /home/xix277/engr-ece/Winter_Sem_2022/CME332/test/test1_bsp//libucosii_bsp.a(alt_sbrk.o)
 .data          0x0000000000010468        0x0 /home/xix277/engr-ece/Winter_Sem_2022/CME332/test/test1_bsp//libucosii_bsp.a(alt_write.o)
 .data          0x0000000000010468        0x0 /home/xix277/engr-ece/Winter_Sem_2022/CME332/test/test1_bsp//libucosii_bsp.a(alt_env_lock.o)
 .data          0x0000000000010468        0x0 /home/xix277/engr-ece/Winter_Sem_2022/CME332/test/test1_bsp//libucosii_bsp.a(alt_malloc_lock.o)
 .data          0x0000000000010468        0x0 /home/xix277/engr-ece/Winter_Sem_2022/CME332/test/test1_bsp//libucosii_bsp.a(os_core.o)
 .data          0x0000000000010468        0x0 /home/xix277/engr-ece/Winter_Sem_2022/CME332/test/test1_bsp//libucosii_bsp.a(os_dbg.o)
 .data          0x0000000000010468        0x0 /home/xix277/engr-ece/Winter_Sem_2022/CME332/test/test1_bsp//libucosii_bsp.a(os_flag.o)
 .data          0x0000000000010468        0x0 /home/xix277/engr-ece/Winter_Sem_2022/CME332/test/test1_bsp//libucosii_bsp.a(os_mem.o)
 .data          0x0000000000010468        0x0 /home/xix277/engr-ece/Winter_Sem_2022/CME332/test/test1_bsp//libucosii_bsp.a(os_q.o)
 .data          0x0000000000010468        0x0 /home/xix277/engr-ece/Winter_Sem_2022/CME332/test/test1_bsp//libucosii_bsp.a(os_sem.o)
 .data          0x0000000000010468        0x0 /home/xix277/engr-ece/Winter_Sem_2022/CME332/test/test1_bsp//libucosii_bsp.a(os_task.o)
 .data          0x0000000000010468        0x0 /home/xix277/engr-ece/Winter_Sem_2022/CME332/test/test1_bsp//libucosii_bsp.a(os_time.o)
 .data          0x0000000000010468     0x1378 /home/xix277/engr-ece/Winter_Sem_2022/CME332/test/test1_bsp//libucosii_bsp.a(alt_sys_init.o)
 .data          0x00000000000117e0        0x0 /home/xix277/engr-ece/Winter_Sem_2022/CME332/test/test1_bsp//libucosii_bsp.a(altera_avalon_jtag_uart_fd.o)
 .data          0x00000000000117e0        0x0 /home/xix277/engr-ece/Winter_Sem_2022/CME332/test/test1_bsp//libucosii_bsp.a(altera_avalon_jtag_uart_init.o)
 .data          0x00000000000117e0        0x0 /home/xix277/engr-ece/Winter_Sem_2022/CME332/test/test1_bsp//libucosii_bsp.a(altera_avalon_jtag_uart_ioctl.o)
 .data          0x00000000000117e0        0x0 /home/xix277/engr-ece/Winter_Sem_2022/CME332/test/test1_bsp//libucosii_bsp.a(altera_avalon_jtag_uart_read.o)
 .data          0x00000000000117e0        0x0 /home/xix277/engr-ece/Winter_Sem_2022/CME332/test/test1_bsp//libucosii_bsp.a(altera_avalon_jtag_uart_write.o)
 .data          0x00000000000117e0        0x0 /home/xix277/engr-ece/Winter_Sem_2022/CME332/test/test1_bsp//libucosii_bsp.a(altera_avalon_timer_sc.o)
 .data          0x00000000000117e0        0x0 /home/xix277/engr-ece/Winter_Sem_2022/CME332/test/test1_bsp//libucosii_bsp.a(altera_up_avalon_character_lcd.o)
 .data          0x00000000000117e0        0x0 /home/xix277/engr-ece/Winter_Sem_2022/CME332/test/test1_bsp//libucosii_bsp.a(altera_up_avalon_irda.o)
 .data          0x00000000000117e0        0x0 /home/xix277/engr-ece/Winter_Sem_2022/CME332/test/test1_bsp//libucosii_bsp.a(altera_up_avalon_ps2.o)
 .data          0x00000000000117e0        0x0 /home/xix277/engr-ece/Winter_Sem_2022/CME332/test/test1_bsp//libucosii_bsp.a(altera_up_avalon_rs232.o)
 .data          0x00000000000117e0        0x0 /home/xix277/engr-ece/Winter_Sem_2022/CME332/test/test1_bsp//libucosii_bsp.a(alt_alarm_start.o)
 .data          0x00000000000117e0        0x0 /home/xix277/engr-ece/Winter_Sem_2022/CME332/test/test1_bsp//libucosii_bsp.a(alt_dcache_flush_all.o)
 .data          0x00000000000117e0        0x0 /home/xix277/engr-ece/Winter_Sem_2022/CME332/test/test1_bsp//libucosii_bsp.a(alt_dev_llist_insert.o)
 .data          0x00000000000117e0        0x0 /home/xix277/engr-ece/Winter_Sem_2022/CME332/test/test1_bsp//libucosii_bsp.a(alt_do_ctors.o)
 .data          0x00000000000117e0        0x0 /home/xix277/engr-ece/Winter_Sem_2022/CME332/test/test1_bsp//libucosii_bsp.a(alt_do_dtors.o)
 .data          0x00000000000117e0        0x0 /home/xix277/engr-ece/Winter_Sem_2022/CME332/test/test1_bsp//libucosii_bsp.a(alt_find_dev.o)
 .data          0x00000000000117e0        0x0 /home/xix277/engr-ece/Winter_Sem_2022/CME332/test/test1_bsp//libucosii_bsp.a(alt_icache_flush_all.o)
 .data          0x00000000000117e0        0x0 /home/xix277/engr-ece/Winter_Sem_2022/CME332/test/test1_bsp//libucosii_bsp.a(alt_io_redirect.o)
 .data          0x00000000000117e0        0x0 /home/xix277/engr-ece/Winter_Sem_2022/CME332/test/test1_bsp//libucosii_bsp.a(alt_irq_register.o)
 .data          0x00000000000117e0        0x0 /home/xix277/engr-ece/Winter_Sem_2022/CME332/test/test1_bsp//libucosii_bsp.a(alt_irq_vars.o)
 .data          0x00000000000117e0        0x0 /home/xix277/engr-ece/Winter_Sem_2022/CME332/test/test1_bsp//libucosii_bsp.a(alt_open.o)
 .data          0x00000000000117e0        0x0 /home/xix277/engr-ece/Winter_Sem_2022/CME332/test/test1_bsp//libucosii_bsp.a(alt_tick.o)
 .data          0x00000000000117e0        0x0 /home/xix277/engr-ece/Winter_Sem_2022/CME332/test/test1_bsp//libucosii_bsp.a(altera_nios2_gen2_irq.o)
 .data          0x00000000000117e0        0x0 /home/xix277/engr-ece/Winter_Sem_2022/CME332/test/test1_bsp//libucosii_bsp.a(os_cpu_a.o)
 .data          0x00000000000117e0        0x0 /home/xix277/engr-ece/Winter_Sem_2022/CME332/test/test1_bsp//libucosii_bsp.a(os_cpu_c.o)
 .data          0x00000000000117e0        0x0 /home/xix277/engr-ece/Winter_Sem_2022/CME332/test/test1_bsp//libucosii_bsp.a(alt_find_file.o)
 .data          0x00000000000117e0        0x0 /home/xix277/engr-ece/Winter_Sem_2022/CME332/test/test1_bsp//libucosii_bsp.a(alt_get_fd.o)
 .data          0x00000000000117e0        0x0 /home/xix277/engr-ece/Winter_Sem_2022/CME332/test/test1_bsp//libucosii_bsp.a(alt_icache_flush.o)
 .data          0x00000000000117e0        0x0 /home/xix277/engr-ece/Winter_Sem_2022/CME332/test/test1_bsp//libucosii_bsp.a(alt_irq_entry.o)
 .data          0x00000000000117e0        0x0 /home/xix277/engr-ece/Winter_Sem_2022/CME332/test/test1_bsp//libucosii_bsp.a(alt_irq_handler.o)
 .data          0x00000000000117e0        0x0 /home/xix277/engr-ece/Winter_Sem_2022/CME332/test/test1_bsp//libucosii_bsp.a(alt_exception_entry.o)
 .data          0x00000000000117e0        0x0 /home/xix277/engr-ece/Winter_Sem_2022/CME332/test/test1_bsp//libucosii_bsp.a(alt_instruction_exception_entry.o)
 .data          0x00000000000117e0        0x0 /opt/intelFPGA/20.1.1/nios2eds/bin/gnu/H-x86_64-pc-linux-gnu/bin/../lib/gcc/nios2-elf/10.1.1/../../../../../H-x86_64-pc-linux-gnu/nios2-elf/lib/mhw-mulx/libc.a(lib_a-atexit.o)
 .data          0x00000000000117e0        0x0 /opt/intelFPGA/20.1.1/nios2eds/bin/gnu/H-x86_64-pc-linux-gnu/bin/../lib/gcc/nios2-elf/10.1.1/../../../../../H-x86_64-pc-linux-gnu/nios2-elf/lib/mhw-mulx/libc.a(lib_a-exit.o)
 .data          0x00000000000117e0        0x0 /opt/intelFPGA/20.1.1/nios2eds/bin/gnu/H-x86_64-pc-linux-gnu/bin/../lib/gcc/nios2-elf/10.1.1/../../../../../H-x86_64-pc-linux-gnu/nios2-elf/lib/mhw-mulx/libc.a(lib_a-memcmp.o)
 .data          0x00000000000117e0        0x0 /opt/intelFPGA/20.1.1/nios2eds/bin/gnu/H-x86_64-pc-linux-gnu/bin/../lib/gcc/nios2-elf/10.1.1/../../../../../H-x86_64-pc-linux-gnu/nios2-elf/lib/mhw-mulx/libc.a(lib_a-__atexit.o)
 .data          0x00000000000117e0        0x0 /opt/intelFPGA/20.1.1/nios2eds/bin/gnu/H-x86_64-pc-linux-gnu/bin/../lib/gcc/nios2-elf/10.1.1/../../../../../H-x86_64-pc-linux-gnu/nios2-elf/lib/mhw-mulx/libc.a(lib_a-__call_atexit.o)
 .data          0x00000000000117e0        0x0 /home/xix277/engr-ece/Winter_Sem_2022/CME332/test/test1_bsp//libucosii_bsp.a(alt_exit.o)
                0x00000000000197e0                _gp = ABSOLUTE ((. + 0x8000))
                [!provide]                        PROVIDE (gp = _gp)
 *(.rwdata .rwdata.*)
 *(.sdata .sdata.* .gnu.linkonce.s.*)
 .sdata._global_impure_ptr
                0x00000000000117e0        0x4 /opt/intelFPGA/20.1.1/nios2eds/bin/gnu/H-x86_64-pc-linux-gnu/bin/../lib/gcc/nios2-elf/10.1.1/../../../../../H-x86_64-pc-linux-gnu/nios2-elf/lib/mhw-mulx/libc.a(lib_a-impure.o)
                0x00000000000117e0                _global_impure_ptr
 .sdata._impure_ptr
                0x00000000000117e4        0x4 /opt/intelFPGA/20.1.1/nios2eds/bin/gnu/H-x86_64-pc-linux-gnu/bin/../lib/gcc/nios2-elf/10.1.1/../../../../../H-x86_64-pc-linux-gnu/nios2-elf/lib/mhw-mulx/libc.a(lib_a-impure.o)
                0x00000000000117e4                _impure_ptr
 .sdata.__malloc_sbrk_base
                0x00000000000117e8        0x4 /opt/intelFPGA/20.1.1/nios2eds/bin/gnu/H-x86_64-pc-linux-gnu/bin/../lib/gcc/nios2-elf/10.1.1/../../../../../H-x86_64-pc-linux-gnu/nios2-elf/lib/mhw-mulx/libc.a(lib_a-mallocr.o)
                0x00000000000117e8                __malloc_sbrk_base
 .sdata.__malloc_trim_threshold
                0x00000000000117ec        0x4 /opt/intelFPGA/20.1.1/nios2eds/bin/gnu/H-x86_64-pc-linux-gnu/bin/../lib/gcc/nios2-elf/10.1.1/../../../../../H-x86_64-pc-linux-gnu/nios2-elf/lib/mhw-mulx/libc.a(lib_a-mallocr.o)
                0x00000000000117ec                __malloc_trim_threshold
 .sdata         0x00000000000117f0       0x14 /home/xix277/engr-ece/Winter_Sem_2022/CME332/test/test1_bsp//libucosii_bsp.a(alt_dev.o)
                0x00000000000117f0                alt_fs_list
                0x00000000000117f8                alt_dev_list
                0x0000000000011800                alt_max_fd
 .sdata         0x0000000000011804        0x4 /home/xix277/engr-ece/Winter_Sem_2022/CME332/test/test1_bsp//libucosii_bsp.a(alt_errno.o)
                0x0000000000011804                alt_errno
 .sdata         0x0000000000011808        0x4 /home/xix277/engr-ece/Winter_Sem_2022/CME332/test/test1_bsp//libucosii_bsp.a(alt_sbrk.o)
 .sdata         0x000000000001180c        0x4 /home/xix277/engr-ece/Winter_Sem_2022/CME332/test/test1_bsp//libucosii_bsp.a(alt_env_lock.o)
 .sdata         0x0000000000011810        0x4 /home/xix277/engr-ece/Winter_Sem_2022/CME332/test/test1_bsp//libucosii_bsp.a(alt_malloc_lock.o)
 .sdata         0x0000000000011814       0x72 /home/xix277/engr-ece/Winter_Sem_2022/CME332/test/test1_bsp//libucosii_bsp.a(os_dbg.o)
                0x0000000000011814                OSDebugEn
                0x0000000000011818                OSEndiannessTest
                0x000000000001181c                OSEventEn
                0x000000000001181e                OSEventMax
                0x0000000000011820                OSEventNameSize
                0x0000000000011822                OSEventSize
                0x0000000000011824                OSEventTblSize
                0x0000000000011826                OSEventMultiEn
                0x0000000000011828                OSFlagEn
                0x000000000001182a                OSFlagGrpSize
                0x000000000001182c                OSFlagNodeSize
                0x000000000001182e                OSFlagWidth
                0x0000000000011830                OSFlagMax
                0x0000000000011832                OSFlagNameSize
                0x0000000000011834                OSLowestPrio
                0x0000000000011836                OSMboxEn
                0x0000000000011838                OSMemEn
                0x000000000001183a                OSMemMax
                0x000000000001183c                OSMemNameSize
                0x000000000001183e                OSMemSize
                0x0000000000011840                OSMemTblSize
                0x0000000000011842                OSMutexEn
                0x0000000000011844                OSPtrSize
                0x0000000000011846                OSQEn
                0x0000000000011848                OSQMax
                0x000000000001184a                OSQSize
                0x000000000001184c                OSRdyTblSize
                0x000000000001184e                OSSemEn
                0x0000000000011850                OSStkWidth
                0x0000000000011852                OSTaskCreateEn
                0x0000000000011854                OSTaskCreateExtEn
                0x0000000000011856                OSTaskDelEn
                0x0000000000011858                OSTaskIdleStkSize
                0x000000000001185a                OSTaskProfileEn
                0x000000000001185c                OSTaskMax
                0x000000000001185e                OSTaskNameSize
                0x0000000000011860                OSTaskStatEn
                0x0000000000011862                OSTaskStatStkSize
                0x0000000000011864                OSTaskStatStkChkEn
                0x0000000000011866                OSTaskSwHookEn
                0x0000000000011868                OSTCBPrioTblMax
                0x000000000001186a                OSTCBSize
                0x000000000001186c                OSTicksPerSec
                0x000000000001186e                OSTimeTickHookEn
                0x0000000000011870                OSVersionNbr
                0x0000000000011872                OSTmrEn
                0x0000000000011874                OSTmrCfgMax
                0x0000000000011876                OSTmrCfgNameSize
                0x0000000000011878                OSTmrCfgWheelSize
                0x000000000001187a                OSTmrCfgTicksPerSec
                0x000000000001187c                OSTmrSize
                0x000000000001187e                OSTmrTblSize
                0x0000000000011880                OSTmrWheelSize
                0x0000000000011882                OSTmrWheelTblSize
                0x0000000000011884                OSDataSize
 *fill*         0x0000000000011886        0x2 
 .sdata         0x0000000000011888        0x4 /home/xix277/engr-ece/Winter_Sem_2022/CME332/test/test1_bsp//libucosii_bsp.a(alt_irq_vars.o)
                0x0000000000011888                alt_priority_mask
 .sdata         0x000000000001188c        0x8 /home/xix277/engr-ece/Winter_Sem_2022/CME332/test/test1_bsp//libucosii_bsp.a(alt_tick.o)
                0x000000000001188c                alt_alarm_list
 *(.sdata2 .sdata2.* .gnu.linkonce.s2.*)
                0x0000000000011894                . = ALIGN (0x4)
                0x0000000000011894                _edata = ABSOLUTE (.)
                [!provide]                        PROVIDE (edata = ABSOLUTE (.))
                0x0000000000011894                PROVIDE (__ram_rwdata_end = ABSOLUTE (.))
                0x0000000000011894                PROVIDE (__flash_rwdata_start = LOADADDR (.rwdata))

.bss            0x0000000000013694     0x73d4
                0x0000000000013694                __bss_start = ABSOLUTE (.)
                [!provide]                        PROVIDE (__sbss_start = ABSOLUTE (.))
                [!provide]                        PROVIDE (___sbss_start = ABSOLUTE (.))
 *(.dynsbss)
 *(.sbss .sbss.* .gnu.linkonce.sb.*)
 .sbss.__malloc_max_total_mem
                0x0000000000013694        0x4 /opt/intelFPGA/20.1.1/nios2eds/bin/gnu/H-x86_64-pc-linux-gnu/bin/../lib/gcc/nios2-elf/10.1.1/../../../../../H-x86_64-pc-linux-gnu/nios2-elf/lib/mhw-mulx/libc.a(lib_a-mallocr.o)
                0x0000000000013694                __malloc_max_total_mem
 .sbss.__malloc_max_sbrked_mem
                0x0000000000013698        0x4 /opt/intelFPGA/20.1.1/nios2eds/bin/gnu/H-x86_64-pc-linux-gnu/bin/../lib/gcc/nios2-elf/10.1.1/../../../../../H-x86_64-pc-linux-gnu/nios2-elf/lib/mhw-mulx/libc.a(lib_a-mallocr.o)
                0x0000000000013698                __malloc_max_sbrked_mem
 .sbss.__malloc_top_pad
                0x000000000001369c        0x4 /opt/intelFPGA/20.1.1/nios2eds/bin/gnu/H-x86_64-pc-linux-gnu/bin/../lib/gcc/nios2-elf/10.1.1/../../../../../H-x86_64-pc-linux-gnu/nios2-elf/lib/mhw-mulx/libc.a(lib_a-mallocr.o)
                0x000000000001369c                __malloc_top_pad
 .sbss.errno    0x00000000000136a0        0x4 /opt/intelFPGA/20.1.1/nios2eds/bin/gnu/H-x86_64-pc-linux-gnu/bin/../lib/gcc/nios2-elf/10.1.1/../../../../../H-x86_64-pc-linux-gnu/nios2-elf/lib/mhw-mulx/libc.a(lib_a-int_errno.o)
                0x00000000000136a0                errno
 .sbss          0x00000000000136a4        0x4 /home/xix277/engr-ece/Winter_Sem_2022/CME332/test/test1_bsp//libucosii_bsp.a(alt_dev.o)
                0x00000000000136a4                alt_fd_list_lock
 .sbss          0x00000000000136a8        0xc /home/xix277/engr-ece/Winter_Sem_2022/CME332/test/test1_bsp//libucosii_bsp.a(alt_main.o)
                0x00000000000136a8                alt_argc
                0x00000000000136ac                alt_argv
                0x00000000000136b0                alt_envp
 .sbss          0x00000000000136b4        0x8 /home/xix277/engr-ece/Winter_Sem_2022/CME332/test/test1_bsp//libucosii_bsp.a(alt_env_lock.o)
                0x00000000000136b4                alt_envsem
 .sbss          0x00000000000136bc        0x8 /home/xix277/engr-ece/Winter_Sem_2022/CME332/test/test1_bsp//libucosii_bsp.a(alt_malloc_lock.o)
                0x00000000000136bc                alt_heapsem
 .sbss          0x00000000000136c4       0x48 /home/xix277/engr-ece/Winter_Sem_2022/CME332/test/test1_bsp//libucosii_bsp.a(os_core.o)
                0x00000000000136c4                OSCtxSwCtr
                0x00000000000136c8                OSEventFreeList
                0x00000000000136cc                OSFlagFreeList
                0x00000000000136d0                OSCPUUsage
                0x00000000000136d4                OSIdleCtrMax
                0x00000000000136d8                OSIdleCtrRun
                0x00000000000136dc                OSStatRdy
                0x00000000000136dd                OSIntNesting
                0x00000000000136de                OSLockNesting
                0x00000000000136df                OSPrioCur
                0x00000000000136e0                OSPrioHighRdy
                0x00000000000136e1                OSRdyGrp
                0x00000000000136e2                OSRdyTbl
                0x00000000000136e5                OSRunning
                0x00000000000136e6                OSTaskCtr
                0x00000000000136e8                OSIdleCtr
                0x00000000000136ec                OSTCBCur
                0x00000000000136f0                OSTCBFreeList
                0x00000000000136f4                OSTCBHighRdy
                0x00000000000136f8                OSTCBList
                0x00000000000136fc                OSTickStepState
                0x0000000000013700                OSMemFreeList
                0x0000000000013704                OSQFreeList
                0x0000000000013708                OSTime
 .sbss          0x000000000001370c        0x4 /home/xix277/engr-ece/Winter_Sem_2022/CME332/test/test1_bsp//libucosii_bsp.a(alt_irq_vars.o)
                0x000000000001370c                alt_irq_active
 .sbss          0x0000000000013710        0x8 /home/xix277/engr-ece/Winter_Sem_2022/CME332/test/test1_bsp//libucosii_bsp.a(alt_tick.o)
                0x0000000000013710                _alt_tick_rate
                0x0000000000013714                _alt_nticks
 .sbss          0x0000000000013718        0x4 /home/xix277/engr-ece/Winter_Sem_2022/CME332/test/test1_bsp//libucosii_bsp.a(alt_instruction_exception_entry.o)
                0x0000000000013718                alt_instruction_exception_handler
 *(.sbss2 .sbss2.* .gnu.linkonce.sb2.*)
 *(.scommon)
                [!provide]                        PROVIDE (__sbss_end = ABSOLUTE (.))
                [!provide]                        PROVIDE (___sbss_end = ABSOLUTE (.))
 *(.dynbss)
 *(.bss .bss.* .gnu.linkonce.b.*)
 .bss           0x000000000001371c        0x0 /home/xix277/engr-ece/Winter_Sem_2022/CME332/test/test1_bsp//obj/HAL/src/crt0.o
 .bss           0x000000000001371c     0x4000 obj/default/hello_ucosii.o
                0x000000000001371c                task1_stk
                0x000000000001571c                task2_stk
 .bss           0x000000000001771c        0x0 /opt/intelFPGA/20.1.1/nios2eds/bin/gnu/H-x86_64-pc-linux-gnu/bin/../lib/gcc/nios2-elf/10.1.1/../../../../../H-x86_64-pc-linux-gnu/nios2-elf/lib/mhw-mulx/libc.a(lib_a-puts.o)
 .bss           0x000000000001771c        0x0 /opt/intelFPGA/20.1.1/nios2eds/bin/gnu/H-x86_64-pc-linux-gnu/bin/../lib/gcc/nios2-elf/10.1.1/../../../../../H-x86_64-pc-linux-gnu/nios2-elf/lib/mhw-mulx/libc.a(lib_a-strlen.o)
 .bss           0x000000000001771c        0x0 /opt/intelFPGA/20.1.1/nios2eds/bin/gnu/H-x86_64-pc-linux-gnu/bin/../lib/gcc/nios2-elf/10.1.1/../../../../../H-x86_64-pc-linux-gnu/nios2-elf/lib/mhw-mulx/libc.a(lib_a-findfp.o)
 .bss           0x000000000001771c        0x0 /opt/intelFPGA/20.1.1/nios2eds/bin/gnu/H-x86_64-pc-linux-gnu/bin/../lib/gcc/nios2-elf/10.1.1/../../../../../H-x86_64-pc-linux-gnu/nios2-elf/lib/mhw-mulx/libc.a(lib_a-fvwrite.o)
 .bss           0x000000000001771c        0x0 /opt/intelFPGA/20.1.1/nios2eds/bin/gnu/H-x86_64-pc-linux-gnu/bin/../lib/gcc/nios2-elf/10.1.1/../../../../../H-x86_64-pc-linux-gnu/nios2-elf/lib/mhw-mulx/libc.a(lib_a-fwalk.o)
 .bss           0x000000000001771c        0x0 /opt/intelFPGA/20.1.1/nios2eds/bin/gnu/H-x86_64-pc-linux-gnu/bin/../lib/gcc/nios2-elf/10.1.1/../../../../../H-x86_64-pc-linux-gnu/nios2-elf/lib/mhw-mulx/libc.a(lib_a-impure.o)
 .bss           0x000000000001771c        0x0 /opt/intelFPGA/20.1.1/nios2eds/bin/gnu/H-x86_64-pc-linux-gnu/bin/../lib/gcc/nios2-elf/10.1.1/../../../../../H-x86_64-pc-linux-gnu/nios2-elf/lib/mhw-mulx/libc.a(lib_a-mallocr.o)
 .bss.__malloc_current_mallinfo
                0x000000000001771c       0x28 /opt/intelFPGA/20.1.1/nios2eds/bin/gnu/H-x86_64-pc-linux-gnu/bin/../lib/gcc/nios2-elf/10.1.1/../../../../../H-x86_64-pc-linux-gnu/nios2-elf/lib/mhw-mulx/libc.a(lib_a-mallocr.o)
                0x000000000001771c                __malloc_current_mallinfo
 .bss           0x0000000000017744        0x0 /opt/intelFPGA/20.1.1/nios2eds/bin/gnu/H-x86_64-pc-linux-gnu/bin/../lib/gcc/nios2-elf/10.1.1/../../../../../H-x86_64-pc-linux-gnu/nios2-elf/lib/mhw-mulx/libc.a(lib_a-memchr.o)
 .bss           0x0000000000017744        0x0 /opt/intelFPGA/20.1.1/nios2eds/bin/gnu/H-x86_64-pc-linux-gnu/bin/../lib/gcc/nios2-elf/10.1.1/../../../../../H-x86_64-pc-linux-gnu/nios2-elf/lib/mhw-mulx/libc.a(lib_a-memcpy.o)
 .bss           0x0000000000017744        0x0 /opt/intelFPGA/20.1.1/nios2eds/bin/gnu/H-x86_64-pc-linux-gnu/bin/../lib/gcc/nios2-elf/10.1.1/../../../../../H-x86_64-pc-linux-gnu/nios2-elf/lib/mhw-mulx/libc.a(lib_a-memmove.o)
 .bss           0x0000000000017744        0x0 /opt/intelFPGA/20.1.1/nios2eds/bin/gnu/H-x86_64-pc-linux-gnu/bin/../lib/gcc/nios2-elf/10.1.1/../../../../../H-x86_64-pc-linux-gnu/nios2-elf/lib/mhw-mulx/libc.a(lib_a-memset.o)
 .bss           0x0000000000017744        0x0 /opt/intelFPGA/20.1.1/nios2eds/bin/gnu/H-x86_64-pc-linux-gnu/bin/../lib/gcc/nios2-elf/10.1.1/../../../../../H-x86_64-pc-linux-gnu/nios2-elf/lib/mhw-mulx/libc.a(lib_a-reallocr.o)
 .bss           0x0000000000017744        0x0 /opt/intelFPGA/20.1.1/nios2eds/bin/gnu/H-x86_64-pc-linux-gnu/bin/../lib/gcc/nios2-elf/10.1.1/../../../../../H-x86_64-pc-linux-gnu/nios2-elf/lib/mhw-mulx/libc.a(lib_a-sbrkr.o)
 .bss           0x0000000000017744        0x0 /opt/intelFPGA/20.1.1/nios2eds/bin/gnu/H-x86_64-pc-linux-gnu/bin/../lib/gcc/nios2-elf/10.1.1/../../../../../H-x86_64-pc-linux-gnu/nios2-elf/lib/mhw-mulx/libc.a(lib_a-stdio.o)
 .bss           0x0000000000017744        0x0 /opt/intelFPGA/20.1.1/nios2eds/bin/gnu/H-x86_64-pc-linux-gnu/bin/../lib/gcc/nios2-elf/10.1.1/../../../../../H-x86_64-pc-linux-gnu/nios2-elf/lib/mhw-mulx/libc.a(lib_a-writer.o)
 .bss           0x0000000000017744        0x0 /opt/intelFPGA/20.1.1/nios2eds/bin/gnu/H-x86_64-pc-linux-gnu/bin/../lib/gcc/nios2-elf/10.1.1/../../../../../H-x86_64-pc-linux-gnu/nios2-elf/lib/mhw-mulx/libc.a(lib_a-wsetup.o)
 .bss           0x0000000000017744        0x0 /opt/intelFPGA/20.1.1/nios2eds/bin/gnu/H-x86_64-pc-linux-gnu/bin/../lib/gcc/nios2-elf/10.1.1/../../../../../H-x86_64-pc-linux-gnu/nios2-elf/lib/mhw-mulx/libc.a(closer.o)
 .bss           0x0000000000017744        0x0 /opt/intelFPGA/20.1.1/nios2eds/bin/gnu/H-x86_64-pc-linux-gnu/bin/../lib/gcc/nios2-elf/10.1.1/../../../../../H-x86_64-pc-linux-gnu/nios2-elf/lib/mhw-mulx/libc.a(lib_a-fclose.o)
 .bss           0x0000000000017744        0x0 /opt/intelFPGA/20.1.1/nios2eds/bin/gnu/H-x86_64-pc-linux-gnu/bin/../lib/gcc/nios2-elf/10.1.1/../../../../../H-x86_64-pc-linux-gnu/nios2-elf/lib/mhw-mulx/libc.a(lib_a-fflush.o)
 .bss           0x0000000000017744        0x0 /opt/intelFPGA/20.1.1/nios2eds/bin/gnu/H-x86_64-pc-linux-gnu/bin/../lib/gcc/nios2-elf/10.1.1/../../../../../H-x86_64-pc-linux-gnu/nios2-elf/lib/mhw-mulx/libc.a(lib_a-freer.o)
 .bss           0x0000000000017744        0x0 /opt/intelFPGA/20.1.1/nios2eds/bin/gnu/H-x86_64-pc-linux-gnu/bin/../lib/gcc/nios2-elf/10.1.1/../../../../../H-x86_64-pc-linux-gnu/nios2-elf/lib/mhw-mulx/libc.a(lib_a-int_errno.o)
 .bss           0x0000000000017744        0x0 /opt/intelFPGA/20.1.1/nios2eds/bin/gnu/H-x86_64-pc-linux-gnu/bin/../lib/gcc/nios2-elf/10.1.1/../../../../../H-x86_64-pc-linux-gnu/nios2-elf/lib/mhw-mulx/libc.a(lib_a-lseekr.o)
 .bss           0x0000000000017744        0x0 /opt/intelFPGA/20.1.1/nios2eds/bin/gnu/H-x86_64-pc-linux-gnu/bin/../lib/gcc/nios2-elf/10.1.1/../../../../../H-x86_64-pc-linux-gnu/nios2-elf/lib/mhw-mulx/libc.a(lib_a-makebuf.o)
 .bss           0x0000000000017744        0x0 /opt/intelFPGA/20.1.1/nios2eds/bin/gnu/H-x86_64-pc-linux-gnu/bin/../lib/gcc/nios2-elf/10.1.1/../../../../../H-x86_64-pc-linux-gnu/nios2-elf/lib/mhw-mulx/libc.a(lib_a-readr.o)
 .bss           0x0000000000017744        0x0 /opt/intelFPGA/20.1.1/nios2eds/bin/gnu/H-x86_64-pc-linux-gnu/bin/../lib/gcc/nios2-elf/10.1.1/../../../../../H-x86_64-pc-linux-gnu/nios2-elf/lib/mhw-mulx/libc.a(lib_a-fstatr.o)
 .bss           0x0000000000017744        0x0 /opt/intelFPGA/20.1.1/nios2eds/bin/gnu/H-x86_64-pc-linux-gnu/bin/../lib/gcc/nios2-elf/10.1.1/../../../../../H-x86_64-pc-linux-gnu/nios2-elf/lib/mhw-mulx/libc.a(lib_a-isattyr.o)
 .bss           0x0000000000017744        0x0 /opt/intelFPGA/20.1.1/nios2eds/bin/gnu/H-x86_64-pc-linux-gnu/bin/../lib/gcc/nios2-elf/10.1.1/mhw-mulx/libgcc.a(lib2-divmod.o)
 .bss           0x0000000000017744        0x0 /home/xix277/engr-ece/Winter_Sem_2022/CME332/test/test1_bsp//libucosii_bsp.a(alt_close.o)
 .bss           0x0000000000017744        0x0 /home/xix277/engr-ece/Winter_Sem_2022/CME332/test/test1_bsp//libucosii_bsp.a(alt_dev.o)
 .bss           0x0000000000017744        0x0 /home/xix277/engr-ece/Winter_Sem_2022/CME332/test/test1_bsp//libucosii_bsp.a(alt_errno.o)
 .bss           0x0000000000017744        0x0 /home/xix277/engr-ece/Winter_Sem_2022/CME332/test/test1_bsp//libucosii_bsp.a(alt_fstat.o)
 .bss           0x0000000000017744        0x0 /home/xix277/engr-ece/Winter_Sem_2022/CME332/test/test1_bsp//libucosii_bsp.a(alt_isatty.o)
 .bss           0x0000000000017744        0x0 /home/xix277/engr-ece/Winter_Sem_2022/CME332/test/test1_bsp//libucosii_bsp.a(alt_load.o)
 .bss           0x0000000000017744        0x0 /home/xix277/engr-ece/Winter_Sem_2022/CME332/test/test1_bsp//libucosii_bsp.a(alt_lseek.o)
 .bss           0x0000000000017744        0x0 /home/xix277/engr-ece/Winter_Sem_2022/CME332/test/test1_bsp//libucosii_bsp.a(alt_main.o)
 .bss           0x0000000000017744        0x0 /home/xix277/engr-ece/Winter_Sem_2022/CME332/test/test1_bsp//libucosii_bsp.a(alt_read.o)
 .bss           0x0000000000017744        0x0 /home/xix277/engr-ece/Winter_Sem_2022/CME332/test/test1_bsp//libucosii_bsp.a(alt_release_fd.o)
 .bss           0x0000000000017744        0x0 /home/xix277/engr-ece/Winter_Sem_2022/CME332/test/test1_bsp//libucosii_bsp.a(alt_sbrk.o)
 .bss           0x0000000000017744        0x0 /home/xix277/engr-ece/Winter_Sem_2022/CME332/test/test1_bsp//libucosii_bsp.a(alt_write.o)
 .bss           0x0000000000017744        0x0 /home/xix277/engr-ece/Winter_Sem_2022/CME332/test/test1_bsp//libucosii_bsp.a(alt_env_lock.o)
 .bss           0x0000000000017744        0x0 /home/xix277/engr-ece/Winter_Sem_2022/CME332/test/test1_bsp//libucosii_bsp.a(alt_malloc_lock.o)
 .bss           0x0000000000017744     0x3224 /home/xix277/engr-ece/Winter_Sem_2022/CME332/test/test1_bsp//libucosii_bsp.a(os_core.o)
                0x0000000000017744                OSEventTbl
                0x0000000000018284                OSFlagTbl
                0x00000000000185f4                OSTaskStatStk
                0x0000000000018df4                OSTaskIdleStk
                0x00000000000195f4                OSTCBPrioTbl
                0x0000000000019648                OSTCBTbl
                0x0000000000019b58                OSMemTbl
                0x000000000001a788                OSQTbl
 .bss           0x000000000001a968        0x0 /home/xix277/engr-ece/Winter_Sem_2022/CME332/test/test1_bsp//libucosii_bsp.a(os_dbg.o)
 .bss           0x000000000001a968        0x0 /home/xix277/engr-ece/Winter_Sem_2022/CME332/test/test1_bsp//libucosii_bsp.a(os_flag.o)
 .bss           0x000000000001a968        0x0 /home/xix277/engr-ece/Winter_Sem_2022/CME332/test/test1_bsp//libucosii_bsp.a(os_mem.o)
 .bss           0x000000000001a968        0x0 /home/xix277/engr-ece/Winter_Sem_2022/CME332/test/test1_bsp//libucosii_bsp.a(os_q.o)
 .bss           0x000000000001a968        0x0 /home/xix277/engr-ece/Winter_Sem_2022/CME332/test/test1_bsp//libucosii_bsp.a(os_sem.o)
 .bss           0x000000000001a968        0x0 /home/xix277/engr-ece/Winter_Sem_2022/CME332/test/test1_bsp//libucosii_bsp.a(os_task.o)
 .bss           0x000000000001a968        0x0 /home/xix277/engr-ece/Winter_Sem_2022/CME332/test/test1_bsp//libucosii_bsp.a(os_time.o)
 .bss           0x000000000001a968        0x0 /home/xix277/engr-ece/Winter_Sem_2022/CME332/test/test1_bsp//libucosii_bsp.a(alt_sys_init.o)
 .bss           0x000000000001a968        0x0 /home/xix277/engr-ece/Winter_Sem_2022/CME332/test/test1_bsp//libucosii_bsp.a(altera_avalon_jtag_uart_fd.o)
 .bss           0x000000000001a968        0x0 /home/xix277/engr-ece/Winter_Sem_2022/CME332/test/test1_bsp//libucosii_bsp.a(altera_avalon_jtag_uart_init.o)
 .bss           0x000000000001a968        0x0 /home/xix277/engr-ece/Winter_Sem_2022/CME332/test/test1_bsp//libucosii_bsp.a(altera_avalon_jtag_uart_ioctl.o)
 .bss           0x000000000001a968        0x0 /home/xix277/engr-ece/Winter_Sem_2022/CME332/test/test1_bsp//libucosii_bsp.a(altera_avalon_jtag_uart_read.o)
 .bss           0x000000000001a968        0x0 /home/xix277/engr-ece/Winter_Sem_2022/CME332/test/test1_bsp//libucosii_bsp.a(altera_avalon_jtag_uart_write.o)
 .bss           0x000000000001a968        0x0 /home/xix277/engr-ece/Winter_Sem_2022/CME332/test/test1_bsp//libucosii_bsp.a(altera_avalon_timer_sc.o)
 .bss           0x000000000001a968        0x0 /home/xix277/engr-ece/Winter_Sem_2022/CME332/test/test1_bsp//libucosii_bsp.a(altera_up_avalon_character_lcd.o)
 .bss           0x000000000001a968        0x0 /home/xix277/engr-ece/Winter_Sem_2022/CME332/test/test1_bsp//libucosii_bsp.a(altera_up_avalon_irda.o)
 .bss           0x000000000001a968        0x0 /home/xix277/engr-ece/Winter_Sem_2022/CME332/test/test1_bsp//libucosii_bsp.a(altera_up_avalon_ps2.o)
 .bss           0x000000000001a968        0x0 /home/xix277/engr-ece/Winter_Sem_2022/CME332/test/test1_bsp//libucosii_bsp.a(altera_up_avalon_rs232.o)
 .bss           0x000000000001a968        0x0 /home/xix277/engr-ece/Winter_Sem_2022/CME332/test/test1_bsp//libucosii_bsp.a(alt_alarm_start.o)
 .bss           0x000000000001a968        0x0 /home/xix277/engr-ece/Winter_Sem_2022/CME332/test/test1_bsp//libucosii_bsp.a(alt_dcache_flush_all.o)
 .bss           0x000000000001a968        0x0 /home/xix277/engr-ece/Winter_Sem_2022/CME332/test/test1_bsp//libucosii_bsp.a(alt_dev_llist_insert.o)