Archive member included to satisfy reference by file (symbol)

/opt/intelFPGA/20.1.1/nios2eds/bin/gnu/H-x86_64-pc-linux-gnu/bin/../lib/gcc/nios2-elf/10.1.1/../../../../../H-x86_64-pc-linux-gnu/nios2-elf/lib/mhw-mulx/libc.a(lib_a-puts.o)
                              obj/default/hello_ucosii.o (puts)
/opt/intelFPGA/20.1.1/nios2eds/bin/gnu/H-x86_64-pc-linux-gnu/bin/../lib/gcc/nios2-elf/10.1.1/../../../../../H-x86_64-pc-linux-gnu/nios2-elf/lib/mhw-mulx/libc.a(lib_a-strlen.o)
                              /opt/intelFPGA/20.1.1/nios2eds/bin/gnu/H-x86_64-pc-linux-gnu/bin/../lib/gcc/nios2-elf/10.1.1/../../../../../H-x86_64-pc-linux-gnu/nios2-elf/lib/mhw-mulx/libc.a(lib_a-puts.o) (strlen)
/opt/intelFPGA/20.1.1/nios2eds/bin/gnu/H-x86_64-pc-linux-gnu/bin/../lib/gcc/nios2-elf/10.1.1/../../../../../H-x86_64-pc-linux-gnu/nios2-elf/lib/mhw-mulx/libc.a(lib_a-findfp.o)
                              /opt/intelFPGA/20.1.1/nios2eds/bin/gnu/H-x86_64-pc-linux-gnu/bin/../lib/gcc/nios2-elf/10.1.1/../../../../../H-x86_64-pc-linux-gnu/nios2-elf/lib/mhw-mulx/libc.a(lib_a-puts.o) (__sinit)
/opt/intelFPGA/20.1.1/nios2eds/bin/gnu/H-x86_64-pc-linux-gnu/bin/../lib/gcc/nios2-elf/10.1.1/../../../../../H-x86_64-pc-linux-gnu/nios2-elf/lib/mhw-mulx/libc.a(lib_a-fvwrite.o)
                              /opt/intelFPGA/20.1.1/nios2eds/bin/gnu/H-x86_64-pc-linux-gnu/bin/../lib/gcc/nios2-elf/10.1.1/../../../../../H-x86_64-pc-linux-gnu/nios2-elf/lib/mhw-mulx/libc.a(lib_a-puts.o) (__sfvwrite_r)
/opt/intelFPGA/20.1.1/nios2eds/bin/gnu/H-x86_64-pc-linux-gnu/bin/../lib/gcc/nios2-elf/10.1.1/../../../../../H-x86_64-pc-linux-gnu/nios2-elf/lib/mhw-mulx/libc.a(lib_a-fwalk.o)
                              /opt/intelFPGA/20.1.1/nios2eds/bin/gnu/H-x86_64-pc-linux-gnu/bin/../lib/gcc/nios2-elf/10.1.1/../../../../../H-x86_64-pc-linux-gnu/nios2-elf/lib/mhw-mulx/libc.a(lib_a-findfp.o) (_fwalk)
/opt/intelFPGA/20.1.1/nios2eds/bin/gnu/H-x86_64-pc-linux-gnu/bin/../lib/gcc/nios2-elf/10.1.1/../../../../../H-x86_64-pc-linux-gnu/nios2-elf/lib/mhw-mulx/libc.a(lib_a-impure.o)
                              /opt/intelFPGA/20.1.1/nios2eds/bin/gnu/H-x86_64-pc-linux-gnu/bin/../lib/gcc/nios2-elf/10.1.1/../../../../../H-x86_64-pc-linux-gnu/nios2-elf/lib/mhw-mulx/libc.a(lib_a-findfp.o) (_global_impure_ptr)
/opt/intelFPGA/20.1.1/nios2eds/bin/gnu/H-x86_64-pc-linux-gnu/bin/../lib/gcc/nios2-elf/10.1.1/../../../../../H-x86_64-pc-linux-gnu/nios2-elf/lib/mhw-mulx/libc.a(lib_a-mallocr.o)
                              /opt/intelFPGA/20.1.1/nios2eds/bin/gnu/H-x86_64-pc-linux-gnu/bin/../lib/gcc/nios2-elf/10.1.1/../../../../../H-x86_64-pc-linux-gnu/nios2-elf/lib/mhw-mulx/libc.a(lib_a-findfp.o) (_malloc_r)
/opt/intelFPGA/20.1.1/nios2eds/bin/gnu/H-x86_64-pc-linux-gnu/bin/../lib/gcc/nios2-elf/10.1.1/../../../../../H-x86_64-pc-linux-gnu/nios2-elf/lib/mhw-mulx/libc.a(lib_a-memchr.o)
                              /opt/intelFPGA/20.1.1/nios2eds/bin/gnu/H-x86_64-pc-linux-gnu/bin/../lib/gcc/nios2-elf/10.1.1/../../../../../H-x86_64-pc-linux-gnu/nios2-elf/lib/mhw-mulx/libc.a(lib_a-fvwrite.o) (memchr)
/opt/intelFPGA/20.1.1/nios2eds/bin/gnu/H-x86_64-pc-linux-gnu/bin/../lib/gcc/nios2-elf/10.1.1/../../../../../H-x86_64-pc-linux-gnu/nios2-elf/lib/mhw-mulx/libc.a(lib_a-memcpy.o)
                              /opt/intelFPGA/20.1.1/nios2eds/bin/gnu/H-x86_64-pc-linux-gnu/bin/../lib/gcc/nios2-elf/10.1.1/../../../../../H-x86_64-pc-linux-gnu/nios2-elf/lib/mhw-mulx/libc.a(lib_a-fvwrite.o) (memcpy)
/opt/intelFPGA/20.1.1/nios2eds/bin/gnu/H-x86_64-pc-linux-gnu/bin/../lib/gcc/nios2-elf/10.1.1/../../../../../H-x86_64-pc-linux-gnu/nios2-elf/lib/mhw-mulx/libc.a(lib_a-memmove.o)
                              /opt/intelFPGA/20.1.1/nios2eds/bin/gnu/H-x86_64-pc-linux-gnu/bin/../lib/gcc/nios2-elf/10.1.1/../../../../../H-x86_64-pc-linux-gnu/nios2-elf/lib/mhw-mulx/libc.a(lib_a-fvwrite.o) (memmove)
/opt/intelFPGA/20.1.1/nios2eds/bin/gnu/H-x86_64-pc-linux-gnu/bin/../lib/gcc/nios2-elf/10.1.1/../../../../../H-x86_64-pc-linux-gnu/nios2-elf/lib/mhw-mulx/libc.a(lib_a-memset.o)
                              /opt/intelFPGA/20.1.1/nios2eds/bin/gnu/H-x86_64-pc-linux-gnu/bin/../lib/gcc/nios2-elf/10.1.1/../../../../../H-x86_64-pc-linux-gnu/nios2-elf/lib/mhw-mulx/libc.a(lib_a-findfp.o) (memset)
/opt/intelFPGA/20.1.1/nios2eds/bin/gnu/H-x86_64-pc-linux-gnu/bin/../lib/gcc/nios2-elf/10.1.1/../../../../../H-x86_64-pc-linux-gnu/nios2-elf/lib/mhw-mulx/libc.a(lib_a-reallocr.o)
                              /opt/intelFPGA/20.1.1/nios2eds/bin/gnu/H-x86_64-pc-linux-gnu/bin/../lib/gcc/nios2-elf/10.1.1/../../../../../H-x86_64-pc-linux-gnu/nios2-elf/lib/mhw-mulx/libc.a(lib_a-fvwrite.o) (_realloc_r)
/opt/intelFPGA/20.1.1/nios2eds/bin/gnu/H-x86_64-pc-linux-gnu/bin/../lib/gcc/nios2-elf/10.1.1/../../../../../H-x86_64-pc-linux-gnu/nios2-elf/lib/mhw-mulx/libc.a(lib_a-sbrkr.o)
[...]
Memory Configuration

Name             Origin             Length             Attributes
reset            0x0000000000000000 0x0000000000000020
SDRAM            0x0000000000000020 0x0000000003ffffe0
VGA_Subsystem_Char_Buf_Subsystem_Onchip_SRAM 0x0000000009000000 0x0000000000002000
*default*        0x0000000000000000 0xffffffffffffffff

Linker script and memory map

LOAD /home/xix277/engr-ece/Winter_Sem_2022/CME332/asn_test/test_prob_6_bsp//obj/HAL/src/crt0.o
LOAD obj/default/hello_ucosii.o
LOAD /opt/intelFPGA/20.1.1/nios2eds/bin/gnu/H-x86_64-pc-linux-gnu/bin/../lib/gcc/nios2-elf/10.1.1/../../../../../H-x86_64-pc-linux-gnu/nios2-elf/lib/mhw-mulx/libstdc++.a
LOAD /opt/intelFPGA/20.1.1/nios2eds/bin/gnu/H-x86_64-pc-linux-gnu/bin/../lib/gcc/nios2-elf/10.1.1/../../../../../H-x86_64-pc-linux-gnu/nios2-elf/lib/mhw-mulx/libm.a
LOAD /opt/intelFPGA/20.1.1/nios2eds/bin/gnu/H-x86_64-pc-linux-gnu/bin/../lib/gcc/nios2-elf/10.1.1/mhw-mulx/libgcc.a
START GROUP
LOAD /opt/intelFPGA/20.1.1/nios2eds/bin/gnu/H-x86_64-pc-linux-gnu/bin/../lib/gcc/nios2-elf/10.1.1/../../../../../H-x86_64-pc-linux-gnu/nios2-elf/lib/mhw-mulx/libc.a
LOAD /opt/intelFPGA/20.1.1/nios2eds/bin/gnu/H-x86_64-pc-linux-gnu/bin/../lib/gcc/nios2-elf/10.1.1/mhw-mulx/libgcc.a
LOAD /home/xix277/engr-ece/Winter_Sem_2022/CME332/asn_test/test_prob_6_bsp//libucosii_bsp.a
LOAD /opt/intelFPGA/20.1.1/nios2eds/bin/gnu/H-x86_64-pc-linux-gnu/bin/../lib/gcc/nios2-elf/10.1.1/../../../../../H-x86_64-pc-linux-gnu/nios2-elf/lib/mhw-mulx/libm.a
END GROUP
LOAD /opt/intelFPGA/20.1.1/nios2eds/bin/gnu/H-x86_64-pc-linux-gnu/bin/../lib/gcc/nios2-elf/10.1.1/mhw-mulx/libgcc.a
                0x0000000000000000                __alt_mem_SDRAM = 0x0
                0x0000000009000000                __alt_mem_VGA_Subsystem_Char_Buf_Subsystem_Onchip_SRAM = 0x9000000

.entry          0x0000000000000000       0x20
 *(.entry)
 .entry         0x0000000000000000       0x20 /home/xix277/engr-ece/Winter_Sem_2022/CME332/asn_test/test_prob_6_bsp//obj/HAL/src/crt0.o
                0x0000000000000000                __reset

.exceptions     0x0000000000000020      0x21c
                0x0000000000000020                PROVIDE (__ram_exceptions_start = ABSOLUTE (.))
                0x0000000000000020                . = ALIGN (0x20)
 *(.irq)
 *(.exceptions.entry.label)
 .exceptions.entry.label
                0x0000000000000020        0x0 /home/xix277/engr-ece/Winter_Sem_2022/CME332/asn_test/test_prob_6_bsp//libucosii_bsp.a(alt_irq_entry.o)
                0x0000000000000020                alt_irq_entry
 .exceptions.entry.label
                0x0000000000000020        0x0 /home/xix277/engr-ece/Winter_Sem_2022/CME332/asn_test/test_prob_6_bsp//libucosii_bsp.a(alt_exception_entry.o)
                0x0000000000000020                alt_exception
 *(.exceptions.entry.user)
 *(.exceptions.entry.ecc_fatal)
 *(.exceptions.entry)
 .exceptions.entry
                0x0000000000000020       0x54 /home/xix277/engr-ece/Winter_Sem_2022/CME332/asn_test/test_prob_6_bsp//libucosii_bsp.a(alt_exception_entry.o)
 *(.exceptions.irqtest.user)
 *(.exceptions.irqtest)
 .exceptions.irqtest
                0x0000000000000074       0x10 /home/xix277/engr-ece/Winter_Sem_2022/CME332/asn_test/test_prob_6_bsp//libucosii_bsp.a(alt_irq_entry.o)
 *(.exceptions.irqhandler.user)
 *(.exceptions.irqhandler)
 .exceptions.irqhandler
                0x0000000000000084        0x4 /home/xix277/engr-ece/Winter_Sem_2022/CME332/asn_test/test_prob_6_bsp//libucosii_bsp.a(alt_irq_entry.o)
 *(.exceptions.irqreturn.user)
 *(.exceptions.irqreturn)
 .exceptions.irqreturn
                0x0000000000000088        0x4 /home/xix277/engr-ece/Winter_Sem_2022/CME332/asn_test/test_prob_6_bsp//libucosii_bsp.a(alt_irq_entry.o)
 *(.exceptions.notirq.label)
 .exceptions.notirq.label
                0x000000000000008c        0x0 /home/xix277/engr-ece/Winter_Sem_2022/CME332/asn_test/test_prob_6_bsp//libucosii_bsp.a(alt_irq_entry.o)
 *(.exceptions.notirq.user)
 *(.exceptions.notirq)
 .exceptions.notirq
                0x000000000000008c        0x8 /home/xix277/engr-ece/Winter_Sem_2022/CME332/asn_test/test_prob_6_bsp//libucosii_bsp.a(alt_exception_entry.o)
 *(.exceptions.soft.user)
 *(.exceptions.soft)
 *(.exceptions.unknown.user)
 *(.exceptions.unknown)
 .exceptions.unknown
                0x0000000000000094       0x14 /home/xix277/engr-ece/Winter_Sem_2022/CME332/asn_test/test_prob_6_bsp//libucosii_bsp.a(alt_exception_entry.o)
 *(.exceptions.exit.label)
 .exceptions.exit.label
                0x00000000000000a8        0x0 /home/xix277/engr-ece/Winter_Sem_2022/CME332/asn_test/test_prob_6_bsp//libucosii_bsp.a(alt_irq_entry.o)
 .exceptions.exit.label
                0x00000000000000a8        0x0 /home/xix277/engr-ece/Winter_Sem_2022/CME332/asn_test/test_prob_6_bsp//libucosii_bsp.a(alt_exception_entry.o)
 *(.exceptions.exit.user)
 *(.exceptions.exit)
 .exceptions.exit
                0x00000000000000a8       0x54 /home/xix277/engr-ece/Winter_Sem_2022/CME332/asn_test/test_prob_6_bsp//libucosii_bsp.a(alt_exception_entry.o)
 *(.exceptions)
 .exceptions    0x00000000000000fc       0xcc /home/xix277/engr-ece/Winter_Sem_2022/CME332/asn_test/test_prob_6_bsp//libucosii_bsp.a(alt_irq_handler.o)
                0x00000000000000fc                alt_irq_handler
 .exceptions    0x00000000000001c8       0x74 /home/xix277/engr-ece/Winter_Sem_2022/CME332/asn_test/test_prob_6_bsp//libucosii_bsp.a(alt_instruction_exception_entry.o)
                0x00000000000001c8                alt_instruction_exception_entry
                0x000000000000023c                PROVIDE (__ram_exceptions_end = ABSOLUTE (.))
                0x0000000000000020                PROVIDE (__flash_exceptions_start = LOADADDR (.exceptions))

.text           0x000000000000023c     0xf264
                [!provide]                        PROVIDE (stext = ABSOLUTE (.))
 *(.interp)
 *(.hash)
 *(.dynsym)
 *(.dynstr)
 *(.gnu.version)
 *(.gnu.version_d)
 *(.gnu.version_r)
 *(.rel.init)
 *(.rela.init)
 *(.rel.text .rel.text.* .rel.gnu.linkonce.t.*)
 *(.rela.text .rela.text.* .rela.gnu.linkonce.t.*)
 *(.rel.fini)
 *(.rela.fini)
 *(.rel.rodata .rel.rodata.* .rel.gnu.linkonce.r.*)
 *(.rela.rodata .rela.rodata.* .rela.gnu.linkonce.r.*)
 *(.rel.data .rel.data.* .rel.gnu.linkonce.d.*)
 *(.rela.data .rela.data.* .rela.gnu.linkonce.d.*)
 *(.rel.tdata .rel.tdata.* .rel.gnu.linkonce.td.*)
 *(.rela.tdata .rela.tdata.* .rela.gnu.linkonce.td.*)
 *(.rel.tbss .rel.tbss.* .rel.gnu.linkonce.tb.*)
 *(.rela.tbss .rela.tbss.* .rela.gnu.linkonce.tb.*)
 *(.rel.ctors)
 *(.rela.ctors)
 *(.rel.dtors)
 *(.rela.dtors)
 *(.rel.got)
 *(.rela.got)
 *(.rel.sdata .rel.sdata.* .rel.gnu.linkonce.s.*)
 *(.rela.sdata .rela.sdata.* .rela.gnu.linkonce.s.*)
 *(.rel.sbss .rel.sbss.* .rel.gnu.linkonce.sb.*)
 *(.rela.sbss .rela.sbss.* .rela.gnu.linkonce.sb.*)
 *(.rel.sdata2 .rel.sdata2.* .rel.gnu.linkonce.s2.*)
 *(.rela.sdata2 .rela.sdata2.* .rela.gnu.linkonce.s2.*)
 *(.rel.sbss2 .rel.sbss2.* .rel.gnu.linkonce.sb2.*)
 *(.rela.sbss2 .rela.sbss2.* .rela.gnu.linkonce.sb2.*)
 *(.rel.bss .rel.bss.* .rel.gnu.linkonce.b.*)
 *(.rela.bss .rela.bss.* .rela.gnu.linkonce.b.*)
 *(.rel.plt)
 *(.rela.plt)
 *(.rel.dyn)
 *(.init)
 *(.plt)
 *(.text .stub .text.* .gnu.linkonce.t.*)
 .text          0x000000000000023c       0x3c /home/xix277/engr-ece/Winter_Sem_2022/CME332/asn_test/test_prob_6_bsp//obj/HAL/src/crt0.o
                0x000000000000023c                _start
 .text          0x0000000000000278      0x16c obj/default/hello_ucosii.o
                0x0000000000000278                main
                0x00000000000002c0                TestTaskA
                0x000000000000034c                TestTaskB
                0x0000000000000384                TestTaskC
                0x00000000000003b0                TestTaskD
 .text          0x00000000000003e4        0x0 /opt/intelFPGA/20.1.1/nios2eds/bin/gnu/H-x86_64-pc-linux-gnu/bin/../lib/gcc/nios2-elf/10.1.1/../../../../../H-x86_64-pc-linux-gnu/nios2-elf/lib/mhw-mulx/libc.a(lib_a-puts.o)
 .text._puts_r  0x00000000000003e4       0xcc /opt/intelFPGA/20.1.1/nios2eds/bin/gnu/H-x86_64-pc-linux-gnu/bin/../lib/gcc/nios2-elf/10.1.1/../../../../../H-x86_64-pc-linux-gnu/nios2-elf/lib/mhw-mulx/libc.a(lib_a-puts.o)
                0x00000000000003e4                _puts_r
 .text.puts     0x00000000000004b0       0x10 /opt/intelFPGA/20.1.1/nios2eds/bin/gnu/H-x86_64-pc-linux-gnu/bin/../lib/gcc/nios2-elf/10.1.1/../../../../../H-x86_64-pc-linux-gnu/nios2-elf/lib/mhw-mulx/libc.a(lib_a-puts.o)
                0x00000000000004b0                puts
 .text          0x00000000000004c0        0x0 /opt/intelFPGA/20.1.1/nios2eds/bin/gnu/H-x86_64-pc-linux-gnu/bin/../lib/gcc/nios2-elf/10.1.1/../../../../../H-x86_64-pc-linux-gnu/nios2-elf/lib/mhw-mulx/libc.a(lib_a-strlen.o)
 .text.strlen   0x00000000000004c0       0x98 /opt/intelFPGA/20.1.1/nios2eds/bin/gnu/H-x86_64-pc-linux-gnu/bin/../lib/gcc/nios2-elf/10.1.1/../../../../../H-x86_64-pc-linux-gnu/nios2-elf/lib/mhw-mulx/libc.a(lib_a-strlen.o)
                0x00000000000004c0                strlen
 .text          0x0000000000000558        0x0 /opt/intelFPGA/20.1.1/nios2eds/bin/gnu/H-x86_64-pc-linux-gnu/bin/../lib/gcc/nios2-elf/10.1.1/../../../../../H-x86_64-pc-linux-gnu/nios2-elf/lib/mhw-mulx/libc.a(lib_a-findfp.o)
 .text.__fp_lock
                0x0000000000000558        0x8 /opt/intelFPGA/20.1.1/nios2eds/bin/gnu/H-x86_64-pc-linux-gnu/bin/../lib/gcc/nios2-elf/10.1.1/../../../../../H-x86_64-pc-linux-gnu/nios2-elf/lib/mhw-mulx/libc.a(lib_a-findfp.o)
 .text._cleanup_r
                0x0000000000000560        0xc /opt/intelFPGA/20.1.1/nios2eds/bin/gnu/H-x86_64-pc-linux-gnu/bin/../lib/gcc/nios2-elf/10.1.1/../../../../../H-x86_64-pc-linux-gnu/nios2-elf/lib/mhw-mulx/libc.a(lib_a-findfp.o)
                0x0000000000000560                _cleanup_r
 .text.__fp_unlock
                0x000000000000056c        0x8 /opt/intelFPGA/20.1.1/nios2eds/bin/gnu/H-x86_64-pc-linux-gnu/bin/../lib/gcc/nios2-elf/10.1.1/../../../../../H-x86_64-pc-linux-gnu/nios2-elf/lib/mhw-mulx/libc.a(lib_a-findfp.o)
 .text.__sinit.part.0
                0x0000000000000574      0x168 /opt/intelFPGA/20.1.1/nios2eds/bin/gnu/H-x86_64-pc-linux-gnu/bin/../lib/gcc/nios2-elf/10.1.1/../../../../../H-x86_64-pc-linux-gnu/nios2-elf/lib/mhw-mulx/libc.a(lib_a-findfp.o)
 .text.__sfmoreglue
                0x00000000000006dc       0x68 /opt/intelFPGA/20.1.1/nios2eds/bin/gnu/H-x86_64-pc-linux-gnu/bin/../lib/gcc/nios2-elf/10.1.1/../../../../../H-x86_64-pc-linux-gnu/nios2-elf/lib/mhw-mulx/libc.a(lib_a-findfp.o)
                0x00000000000006dc                __sfmoreglue
 .text.__sfp    0x0000000000000744      0x154 /opt/intelFPGA/20.1.1/nios2eds/bin/gnu/H-x86_64-pc-linux-gnu/bin/../lib/gcc/nios2-elf/10.1.1/../../../../../H-x86_64-pc-linux-gnu/nios2-elf/lib/mhw-mulx/libc.a(lib_a-findfp.o)
                0x0000000000000744                __sfp
 .text._cleanup
                0x0000000000000898       0x14 /opt/intelFPGA/20.1.1/nios2eds/bin/gnu/H-x86_64-pc-linux-gnu/bin/../lib/gcc/nios2-elf/10.1.1/../../../../../H-x86_64-pc-linux-gnu/nios2-elf/lib/mhw-mulx/libc.a(lib_a-findfp.o)
                0x0000000000000898                _cleanup
 .text.__sinit  0x00000000000008ac       0x10 /opt/intelFPGA/20.1.1/nios2eds/bin/gnu/H-x86_64-pc-linux-gnu/bin/../lib/gcc/nios2-elf/10.1.1/../../../../../H-x86_64-pc-linux-gnu/nios2-elf/lib/mhw-mulx/libc.a(lib_a-findfp.o)
                0x00000000000008ac                __sinit
 .text.__sfp_lock_acquire
                0x00000000000008bc        0x4 /opt/intelFPGA/20.1.1/nios2eds/bin/gnu/H-x86_64-pc-linux-gnu/bin/../lib/gcc/nios2-elf/10.1.1/../../../../../H-x86_64-pc-linux-gnu/nios2-elf/lib/mhw-mulx/libc.a(lib_a-findfp.o)
                0x00000000000008bc                __sfp_lock_acquire
 .text.__sfp_lock_release
                0x00000000000008c0        0x4 /opt/intelFPGA/20.1.1/nios2eds/bin/gnu/H-x86_64-pc-linux-gnu/bin/../lib/gcc/nios2-elf/10.1.1/../../../../../H-x86_64-pc-linux-gnu/nios2-elf/lib/mhw-mulx/libc.a(lib_a-findfp.o)
                0x00000000000008c0                __sfp_lock_release
 .text.__sinit_lock_acquire
                0x00000000000008c4        0x4 /opt/intelFPGA/20.1.1/nios2eds/bin/gnu/H-x86_64-pc-linux-gnu/bin/../lib/gcc/nios2-elf/10.1.1/../../../../../H-x86_64-pc-linux-gnu/nios2-elf/lib/mhw-mulx/libc.a(lib_a-findfp.o)
                0x00000000000008c4                __sinit_lock_acquire
 .text.__sinit_lock_release
                0x00000000000008c8        0x4 /opt/intelFPGA/20.1.1/nios2eds/bin/gnu/H-x86_64-pc-linux-gnu/bin/../lib/gcc/nios2-elf/10.1.1/../../../../../H-x86_64-pc-linux-gnu/nios2-elf/lib/mhw-mulx/libc.a(lib_a-findfp.o)
                0x00000000000008c8                __sinit_lock_release
 .text.__fp_lock_all
                0x00000000000008cc       0x14 /opt/intelFPGA/20.1.1/nios2eds/bin/gnu/H-x86_64-pc-linux-gnu/bin/../lib/gcc/nios2-elf/10.1.1/../../../../../H-x86_64-pc-linux-gnu/nios2-elf/lib/mhw-mulx/libc.a(lib_a-findfp.o)
                0x00000000000008cc                __fp_lock_all
 .text.__fp_unlock_all
                0x00000000000008e0       0x14 /opt/intelFPGA/20.1.1/nios2eds/bin/gnu/H-x86_64-pc-linux-gnu/bin/../lib/gcc/nios2-elf/10.1.1/../../../../../H-x86_64-pc-linux-gnu/nios2-elf/lib/mhw-mulx/libc.a(lib_a-findfp.o)
                0x00000000000008e0                __fp_unlock_all
 .text          0x00000000000008f4        0x0 /opt/intelFPGA/20.1.1/nios2eds/bin/gnu/H-x86_64-pc-linux-gnu/bin/../lib/gcc/nios2-elf/10.1.1/../../../../../H-x86_64-pc-linux-gnu/nios2-elf/lib/mhw-mulx/libc.a(lib_a-fvwrite.o)
 .text.__sfvwrite_r
                0x00000000000008f4      0x4b8 /opt/intelFPGA/20.1.1/nios2eds/bin/gnu/H-x86_64-pc-linux-gnu/bin/../lib/gcc/nios2-elf/10.1.1/../../../../../H-x86_64-pc-linux-gnu/nios2-elf/lib/mhw-mulx/libc.a(lib_a-fvwrite.o)
                0x00000000000008f4                __sfvwrite_r
 .text          0x0000000000000dac        0x0 /opt/intelFPGA/20.1.1/nios2eds/bin/gnu/H-x86_64-pc-linux-gnu/bin/../lib/gcc/nios2-elf/10.1.1/../../../../../H-x86_64-pc-linux-gnu/nios2-elf/lib/mhw-mulx/libc.a(lib_a-fwalk.o)
 .text._fwalk   0x0000000000000dac       0x98 /opt/intelFPGA/20.1.1/nios2eds/bin/gnu/H-x86_64-pc-linux-gnu/bin/../lib/gcc/nios2-elf/10.1.1/../../../../../H-x86_64-pc-linux-gnu/nios2-elf/lib/mhw-mulx/libc.a(lib_a-fwalk.o)
                0x0000000000000dac                _fwalk
 .text._fwalk_reent
                0x0000000000000e44       0xa8 /opt/intelFPGA/20.1.1/nios2eds/bin/gnu/H-x86_64-pc-linux-gnu/bin/../lib/gcc/nios2-elf/10.1.1/../../../../../H-x86_64-pc-linux-gnu/nios2-elf/lib/mhw-mulx/libc.a(lib_a-fwalk.o)
                0x0000000000000e44                _fwalk_reent
 .text          0x0000000000000eec        0x0 /opt/intelFPGA/20.1.1/nios2eds/bin/gnu/H-x86_64-pc-linux-gnu/bin/../lib/gcc/nios2-elf/10.1.1/../../../../../H-x86_64-pc-linux-gnu/nios2-elf/lib/mhw-mulx/libc.a(lib_a-impure.o)
 .text          0x0000000000000eec        0x0 /opt/intelFPGA/20.1.1/nios2eds/bin/gnu/H-x86_64-pc-linux-gnu/bin/../lib/gcc/nios2-elf/10.1.1/../../../../../H-x86_64-pc-linux-gnu/nios2-elf/lib/mhw-mulx/libc.a(lib_a-mallocr.o)
 .text._malloc_r
                0x0000000000000eec      0x7e0 /opt/intelFPGA/20.1.1/nios2eds/bin/gnu/H-x86_64-pc-linux-gnu/bin/../lib/gcc/nios2-elf/10.1.1/../../../../../H-x86_64-pc-linux-gnu/nios2-elf/lib/mhw-mulx/libc.a(lib_a-mallocr.o)
                0x0000000000000eec                _malloc_r
 .text          0x00000000000016cc        0x0 /opt/intelFPGA/20.1.1/nios2eds/bin/gnu/H-x86_64-pc-linux-gnu/bin/../lib/gcc/nios2-elf/10.1.1/../../../../../H-x86_64-pc-linux-gnu/nios2-elf/lib/mhw-mulx/libc.a(lib_a-memchr.o)
 .text.memchr   0x00000000000016cc       0xd0 /opt/intelFPGA/20.1.1/nios2eds/bin/gnu/H-x86_64-pc-linux-gnu/bin/../lib/gcc/nios2-elf/10.1.1/../../../../../H-x86_64-pc-linux-gnu/nios2-elf/lib/mhw-mulx/libc.a(lib_a-memchr.o)
                0x00000000000016cc                memchr
 .text          0x000000000000179c        0x0 /opt/intelFPGA/20.1.1/nios2eds/bin/gnu/H-x86_64-pc-linux-gnu/bin/../lib/gcc/nios2-elf/10.1.1/../../../../../H-x86_64-pc-linux-gnu/nios2-elf/lib/mhw-mulx/libc.a(lib_a-memcpy.o)
 .text.memcpy   0x000000000000179c      0x100 /opt/intelFPGA/20.1.1/nios2eds/bin/gnu/H-x86_64-pc-linux-gnu/bin/../lib/gcc/nios2-elf/10.1.1/../../../../../H-x86_64-pc-linux-gnu/nios2-elf/lib/mhw-mulx/libc.a(lib_a-memcpy.o)
                0x000000000000179c                memcpy
 .text          0x000000000000189c        0x0 /opt/intelFPGA/20.1.1/nios2eds/bin/gnu/H-x86_64-pc-linux-gnu/bin/../lib/gcc/nios2-elf/10.1.1/../../../../../H-x86_64-pc-linux-gnu/nios2-elf/lib/mhw-mulx/libc.a(lib_a-memmove.o)
 .text.memmove  0x000000000000189c      0x12c /opt/intelFPGA/20.1.1/nios2eds/bin/gnu/H-x86_64-pc-linux-gnu/bin/../lib/gcc/nios2-elf/10.1.1/../../../../../H-x86_64-pc-linux-gnu/nios2-elf/lib/mhw-mulx/libc.a(lib_a-memmove.o)
                0x000000000000189c                memmove
 .text          0x00000000000019c8        0x0 /opt/intelFPGA/20.1.1/nios2eds/bin/gnu/H-x86_64-pc-linux-gnu/bin/../lib/gcc/nios2-elf/10.1.1/../../../../../H-x86_64-pc-linux-gnu/nios2-elf/lib/mhw-mulx/libc.a(lib_a-memset.o)
 .text.memset   0x00000000000019c8       0xf0 /opt/intelFPGA/20.1.1/nios2eds/bin/gnu/H-x86_64-pc-linux-gnu/bin/../lib/gcc/nios2-elf/10.1.1/../../../../../H-x86_64-pc-linux-gnu/nios2-elf/lib/mhw-mulx/libc.a(lib_a-memset.o)
                0x00000000000019c8                memset
 .text          0x0000000000001ab8        0x0 /opt/intelFPGA/20.1.1/nios2eds/bin/gnu/H-x86_64-pc-linux-gnu/bin/../lib/gcc/nios2-elf/10.1.1/../../../../../H-x86_64-pc-linux-gnu/nios2-elf/lib/mhw-mulx/libc.a(lib_a-reallocr.o)
 .text._realloc_r
                0x0000000000001ab8      0x564 /opt/intelFPGA/20.1.1/nios2eds/bin/gnu/H-x86_64-pc-linux-gnu/bin/../lib/gcc/nios2-elf/10.1.1/../../../../../H-x86_64-pc-linux-gnu/nios2-elf/lib/mhw-mulx/libc.a(lib_a-reallocr.o)
                0x0000000000001ab8                _realloc_r
 .text          0x000000000000201c        0x0 /opt/intelFPGA/20.1.1/nios2eds/bin/gnu/H-x86_64-pc-linux-gnu/bin/../lib/gcc/nios2-elf/10.1.1/../../../../../H-x86_64-pc-linux-gnu/nios2-elf/lib/mhw-mulx/libc.a(lib_a-sbrkr.o)
 .text._sbrk_r  0x000000000000201c       0x58 /opt/intelFPGA/20.1.1/nios2eds/bin/gnu/H-x86_64-pc-linux-gnu/bin/../lib/gcc/nios2-elf/10.1.1/../../../../../H-x86_64-pc-linux-gnu/nios2-elf/lib/mhw-mulx/libc.a(lib_a-sbrkr.o)
                0x000000000000201c                _sbrk_r
 .text          0x0000000000002074        0x0 /opt/intelFPGA/20.1.1/nios2eds/bin/gnu/H-x86_64-pc-linux-gnu/bin/../lib/gcc/nios2-elf/10.1.1/../../../../../H-x86_64-pc-linux-gnu/nios2-elf/lib/mhw-mulx/libc.a(lib_a-stdio.o)
 .text.__sread  0x0000000000002074       0x54 /opt/intelFPGA/20.1.1/nios2eds/bin/gnu/H-x86_64-pc-linux-gnu/bin/../lib/gcc/nios2-elf/10.1.1/../../../../../H-x86_64-pc-linux-gnu/nios2-elf/lib/mhw-mulx/libc.a(lib_a-stdio.o)
                0x0000000000002074                __sread
 .text.__seofread
                0x00000000000020c8        0x8 /opt/intelFPGA/20.1.1/nios2eds/bin/gnu/H-x86_64-pc-linux-gnu/bin/../lib/gcc/nios2-elf/10.1.1/../../../../../H-x86_64-pc-linux-gnu/nios2-elf/lib/mhw-mulx/libc.a(lib_a-stdio.o)
                0x00000000000020c8                __seofread
 .text.__swrite
                0x00000000000020d0       0x80 /opt/intelFPGA/20.1.1/nios2eds/bin/gnu/H-x86_64-pc-linux-gnu/bin/../lib/gcc/nios2-elf/10.1.1/../../../../../H-x86_64-pc-linux-gnu/nios2-elf/lib/mhw-mulx/libc.a(lib_a-stdio.o)
                0x00000000000020d0                __swrite
 .text.__sseek  0x0000000000002150       0x5c /opt/intelFPGA/20.1.1/nios2eds/bin/gnu/H-x86_64-pc-linux-gnu/bin/../lib/gcc/nios2-elf/10.1.1/../../../../../H-x86_64-pc-linux-gnu/nios2-elf/lib/mhw-mulx/libc.a(lib_a-stdio.o)
                0x0000000000002150                __sseek
 .text.__sclose
                0x00000000000021ac        0x8 /opt/intelFPGA/20.1.1/nios2eds/bin/gnu/H-x86_64-pc-linux-gnu/bin/../lib/gcc/nios2-elf/10.1.1/../../../../../H-x86_64-pc-linux-gnu/nios2-elf/lib/mhw-mulx/libc.a(lib_a-stdio.o)
                0x00000000000021ac                __sclose
 .text          0x00000000000021b4        0x0 /opt/intelFPGA/20.1.1/nios2eds/bin/gnu/H-x86_64-pc-linux-gnu/bin/../lib/gcc/nios2-elf/10.1.1/../../../../../H-x86_64-pc-linux-gnu/nios2-elf/lib/mhw-mulx/libc.a(lib_a-writer.o)
 .text._write_r
                0x00000000000021b4       0x64 /opt/intelFPGA/20.1.1/nios2eds/bin/gnu/H-x86_64-pc-linux-gnu/bin/../lib/gcc/nios2-elf/10.1.1/../../../../../H-x86_64-pc-linux-gnu/nios2-elf/lib/mhw-mulx/libc.a(lib_a-writer.o)
                0x00000000000021b4                _write_r
 .text          0x0000000000002218        0x0 /opt/intelFPGA/20.1.1/nios2eds/bin/gnu/H-x86_64-pc-linux-gnu/bin/../lib/gcc/nios2-elf/10.1.1/../../../../../H-x86_64-pc-linux-gnu/nios2-elf/lib/mhw-mulx/libc.a(lib_a-wsetup.o)
 .text.__swsetup_r
                0x0000000000002218      0x164 /opt/intelFPGA/20.1.1/nios2eds/bin/gnu/H-x86_64-pc-linux-gnu/bin/../lib/gcc/nios2-elf/10.1.1/../../../../../H-x86_64-pc-linux-gnu/nios2-elf/lib/mhw-mulx/libc.a(lib_a-wsetup.o)
                0x0000000000002218                __swsetup_r
 .text          0x000000000000237c        0x0 /opt/intelFPGA/20.1.1/nios2eds/bin/gnu/H-x86_64-pc-linux-gnu/bin/../lib/gcc/nios2-elf/10.1.1/../../../../../H-x86_64-pc-linux-gnu/nios2-elf/lib/mhw-mulx/libc.a(closer.o)
 .text._close_r
                0x000000000000237c       0x58 /opt/intelFPGA/20.1.1/nios2eds/bin/gnu/H-x86_64-pc-linux-gnu/bin/../lib/gcc/nios2-elf/10.1.1/../../../../../H-x86_64-pc-linux-gnu/nios2-elf/lib/mhw-mulx/libc.a(closer.o)
                0x000000000000237c                _close_r
 .text          0x00000000000023d4        0x0 /opt/intelFPGA/20.1.1/nios2eds/bin/gnu/H-x86_64-pc-linux-gnu/bin/../lib/gcc/nios2-elf/10.1.1/../../../../../H-x86_64-pc-linux-gnu/nios2-elf/lib/mhw-mulx/libc.a(lib_a-fclose.o)
 .text._fclose_r.part.0
                0x00000000000023d4       0xc0 /opt/intelFPGA/20.1.1/nios2eds/bin/gnu/H-x86_64-pc-linux-gnu/bin/../lib/gcc/nios2-elf/10.1.1/../../../../../H-x86_64-pc-linux-gnu/nios2-elf/lib/mhw-mulx/libc.a(lib_a-fclose.o)
 .text._fclose_r
                0x0000000000002494       0x70 /opt/intelFPGA/20.1.1/nios2eds/bin/gnu/H-x86_64-pc-linux-gnu/bin/../lib/gcc/nios2-elf/10.1.1/../../../../../H-x86_64-pc-linux-gnu/nios2-elf/lib/mhw-mulx/libc.a(lib_a-fclose.o)
                0x0000000000002494                _fclose_r
 .text.fclose   0x0000000000002504       0x70 /opt/intelFPGA/20.1.1/nios2eds/bin/gnu/H-x86_64-pc-linux-gnu/bin/../lib/gcc/nios2-elf/10.1.1/../../../../../H-x86_64-pc-linux-gnu/nios2-elf/lib/mhw-mulx/libc.a(lib_a-fclose.o)
                0x0000000000002504                fclose
 .text          0x0000000000002574        0x0 /opt/intelFPGA/20.1.1/nios2eds/bin/gnu/H-x86_64-pc-linux-gnu/bin/../lib/gcc/nios2-elf/10.1.1/../../../../../H-x86_64-pc-linux-gnu/nios2-elf/lib/mhw-mulx/libc.a(lib_a-fflush.o)
 .text.__sflush_r
                0x0000000000002574      0x228 /opt/intelFPGA/20.1.1/nios2eds/bin/gnu/H-x86_64-pc-linux-gnu/bin/../lib/gcc/nios2-elf/10.1.1/../../../../../H-x86_64-pc-linux-gnu/nios2-elf/lib/mhw-mulx/libc.a(lib_a-fflush.o)
                0x0000000000002574                __sflush_r
 .text._fflush_r
                0x000000000000279c       0x60 /opt/intelFPGA/20.1.1/nios2eds/bin/gnu/H-x86_64-pc-linux-gnu/bin/../lib/gcc/nios2-elf/10.1.1/../../../../../H-x86_64-pc-linux-gnu/nios2-elf/lib/mhw-mulx/libc.a(lib_a-fflush.o)
                0x000000000000279c                _fflush_r
 .text.fflush   0x00000000000027fc       0x84 /opt/intelFPGA/20.1.1/nios2eds/bin/gnu/H-x86_64-pc-linux-gnu/bin/../lib/gcc/nios2-elf/10.1.1/../../../../../H-x86_64-pc-linux-gnu/nios2-elf/lib/mhw-mulx/libc.a(lib_a-fflush.o)
                0x00000000000027fc                fflush
 .text          0x0000000000002880        0x0 /opt/intelFPGA/20.1.1/nios2eds/bin/gnu/H-x86_64-pc-linux-gnu/bin/../lib/gcc/nios2-elf/10.1.1/../../../../../H-x86_64-pc-linux-gnu/nios2-elf/lib/mhw-mulx/libc.a(lib_a-freer.o)
 .text._malloc_trim_r
                0x0000000000002880      0x11c /opt/intelFPGA/20.1.1/nios2eds/bin/gnu/H-x86_64-pc-linux-gnu/bin/../lib/gcc/nios2-elf/10.1.1/../../../../../H-x86_64-pc-linux-gnu/nios2-elf/lib/mhw-mulx/libc.a(lib_a-freer.o)
                0x0000000000002880                _malloc_trim_r
 .text._free_r  0x000000000000299c      0x2fc /opt/intelFPGA/20.1.1/nios2eds/bin/gnu/H-x86_64-pc-linux-gnu/bin/../lib/gcc/nios2-elf/10.1.1/../../../../../H-x86_64-pc-linux-gnu/nios2-elf/lib/mhw-mulx/libc.a(lib_a-freer.o)
                0x000000000000299c                _free_r
 .text          0x0000000000002c98        0x0 /opt/intelFPGA/20.1.1/nios2eds/bin/gnu/H-x86_64-pc-linux-gnu/bin/../lib/gcc/nios2-elf/10.1.1/../../../../../H-x86_64-pc-linux-gnu/nios2-elf/lib/mhw-mulx/libc.a(lib_a-int_errno.o)
 .text          0x0000000000002c98        0x0 /opt/intelFPGA/20.1.1/nios2eds/bin/gnu/H-x86_64-pc-linux-gnu/bin/../lib/gcc/nios2-elf/10.1.1/../../../../../H-x86_64-pc-linux-gnu/nios2-elf/lib/mhw-mulx/libc.a(lib_a-lseekr.o)
 .text._lseek_r
                0x0000000000002c98       0x64 /opt/intelFPGA/20.1.1/nios2eds/bin/gnu/H-x86_64-pc-linux-gnu/bin/../lib/gcc/nios2-elf/10.1.1/../../../../../H-x86_64-pc-linux-gnu/nios2-elf/lib/mhw-mulx/libc.a(lib_a-lseekr.o)
                0x0000000000002c98                _lseek_r
 .text          0x0000000000002cfc        0x0 /opt/intelFPGA/20.1.1/nios2eds/bin/gnu/H-x86_64-pc-linux-gnu/bin/../lib/gcc/nios2-elf/10.1.1/../../../../../H-x86_64-pc-linux-gnu/nios2-elf/lib/mhw-mulx/libc.a(lib_a-makebuf.o)
 .text.__smakebuf_r
                0x0000000000002cfc      0x1b0 /opt/intelFPGA/20.1.1/nios2eds/bin/gnu/H-x86_64-pc-linux-gnu/bin/../lib/gcc/nios2-elf/10.1.1/../../../../../H-x86_64-pc-linux-gnu/nios2-elf/lib/mhw-mulx/libc.a(lib_a-makebuf.o)
                0x0000000000002cfc                __smakebuf_r
 .text.__swhatbuf_r
                0x0000000000002eac       0x98 /opt/intelFPGA/20.1.1/nios2eds/bin/gnu/H-x86_64-pc-linux-gnu/bin/../lib/gcc/nios2-elf/10.1.1/../../../../../H-x86_64-pc-linux-gnu/nios2-elf/lib/mhw-mulx/libc.a(lib_a-makebuf.o)
                0x0000000000002eac                __swhatbuf_r
 .text          0x0000000000002f44        0x0 /opt/intelFPGA/20.1.1/nios2eds/bin/gnu/H-x86_64-pc-linux-gnu/bin/../lib/gcc/nios2-elf/10.1.1/../../../../../H-x86_64-pc-linux-gnu/nios2-elf/lib/mhw-mulx/libc.a(lib_a-readr.o)
 .text._read_r  0x0000000000002f44       0x64 /opt/intelFPGA/20.1.1/nios2eds/bin/gnu/H-x86_64-pc-linux-gnu/bin/../lib/gcc/nios2-elf/10.1.1/../../../../../H-x86_64-pc-linux-gnu/nios2-elf/lib/mhw-mulx/libc.a(lib_a-readr.o)
                0x0000000000002f44                _read_r
 .text          0x0000000000002fa8        0x0 /opt/intelFPGA/20.1.1/nios2eds/bin/gnu/H-x86_64-pc-linux-gnu/bin/../lib/gcc/nios2-elf/10.1.1/../../../../../H-x86_64-pc-linux-gnu/nios2-elf/lib/mhw-mulx/libc.a(lib_a-fstatr.o)
 .text._fstat_r
                0x0000000000002fa8       0x60 /opt/intelFPGA/20.1.1/nios2eds/bin/gnu/H-x86_64-pc-linux-gnu/bin/../lib/gcc/nios2-elf/10.1.1/../../../../../H-x86_64-pc-linux-gnu/nios2-elf/lib/mhw-mulx/libc.a(lib_a-fstatr.o)
                0x0000000000002fa8                _fstat_r
 .text          0x0000000000003008        0x0 /opt/intelFPGA/20.1.1/nios2eds/bin/gnu/H-x86_64-pc-linux-gnu/bin/../lib/gcc/nios2-elf/10.1.1/../../../../../H-x86_64-pc-linux-gnu/nios2-elf/lib/mhw-mulx/libc.a(lib_a-isattyr.o)
 .text._isatty_r
                0x0000000000003008       0x58 /opt/intelFPGA/20.1.1/nios2eds/bin/gnu/H-x86_64-pc-linux-gnu/bin/../lib/gcc/nios2-elf/10.1.1/../../../../../H-x86_64-pc-linux-gnu/nios2-elf/lib/mhw-mulx/libc.a(lib_a-isattyr.o)
                0x0000000000003008                _isatty_r
 .text          0x0000000000003060      0x1b4 /opt/intelFPGA/20.1.1/nios2eds/bin/gnu/H-x86_64-pc-linux-gnu/bin/../lib/gcc/nios2-elf/10.1.1/mhw-mulx/libgcc.a(lib2-divmod.o)
                0x0000000000003060                __divsi3
                0x00000000000030e0                __modsi3
                0x0000000000003154                __udivsi3
                0x00000000000031b8                __umodsi3
 .text          0x0000000000003214      0x10c /home/xix277/engr-ece/Winter_Sem_2022/CME332/asn_test/test_prob_6_bsp//libucosii_bsp.a(alt_close.o)
                0x0000000000003250                close
 .text          0x0000000000003320       0x2c /home/xix277/engr-ece/Winter_Sem_2022/CME332/asn_test/test_prob_6_bsp//libucosii_bsp.a(alt_dev.o)
 .text          0x000000000000334c        0x0 /home/xix277/engr-ece/Winter_Sem_2022/CME332/asn_test/test_prob_6_bsp//libucosii_bsp.a(alt_errno.o)
 .text          0x000000000000334c       0xec /home/xix277/engr-ece/Winter_Sem_2022/CME332/asn_test/test_prob_6_bsp//libucosii_bsp.a(alt_fstat.o)
                0x0000000000003388                fstat
 .text          0x0000000000003438       0xe0 /home/xix277/engr-ece/Winter_Sem_2022/CME332/asn_test/test_prob_6_bsp//libucosii_bsp.a(alt_isatty.o)
                0x0000000000003474                isatty
 .text          0x0000000000003518       0xec /home/xix277/engr-ece/Winter_Sem_2022/CME332/asn_test/test_prob_6_bsp//libucosii_bsp.a(alt_load.o)
                0x0000000000003580                alt_load
 .text          0x0000000000003604      0x110 /home/xix277/engr-ece/Winter_Sem_2022/CME332/asn_test/test_prob_6_bsp//libucosii_bsp.a(alt_lseek.o)
                0x0000000000003640                lseek
 .text          0x0000000000003714       0xc0 /home/xix277/engr-ece/Winter_Sem_2022/CME332/asn_test/test_prob_6_bsp//libucosii_bsp.a(alt_main.o)
                0x0000000000003714                alt_main
 .text          0x00000000000037d4      0x138 /home/xix277/engr-ece/Winter_Sem_2022/CME332/asn_test/test_prob_6_bsp//libucosii_bsp.a(alt_read.o)
                0x0000000000003810                read
 .text          0x000000000000390c       0x58 /home/xix277/engr-ece/Winter_Sem_2022/CME332/asn_test/test_prob_6_bsp//libucosii_bsp.a(alt_release_fd.o)
                0x000000000000390c                alt_release_fd
 .text          0x0000000000003964       0xb8 /home/xix277/engr-ece/Winter_Sem_2022/CME332/asn_test/test_prob_6_bsp//libucosii_bsp.a(alt_sbrk.o)
                0x0000000000003964                sbrk
 .text          0x0000000000003a1c      0x134 /home/xix277/engr-ece/Winter_Sem_2022/CME332/asn_test/test_prob_6_bsp//libucosii_bsp.a(alt_write.o)
                0x0000000000003a58                write
 .text          0x0000000000003b50      0x120 /home/xix277/engr-ece/Winter_Sem_2022/CME332/asn_test/test_prob_6_bsp//libucosii_bsp.a(alt_env_lock.o)
                0x0000000000003b50                __env_lock
                0x0000000000003c10                __env_unlock
 .text          0x0000000000003c70      0x1fc /home/xix277/engr-ece/Winter_Sem_2022/CME332/asn_test/test_prob_6_bsp//libucosii_bsp.a(alt_malloc_lock.o)
                0x0000000000003c70                __malloc_lock
                0x0000000000003d98                __malloc_unlock
 .text          0x0000000000003e6c     0x2040 /home/xix277/engr-ece/Winter_Sem_2022/CME332/asn_test/test_prob_6_bsp//libucosii_bsp.a(os_core.o)
                0x0000000000003e6c                OSEventNameGet
                0x0000000000003f90                OSEventNameSet
                0x00000000000040d8                OSEventPendMulti
                0x0000000000004710                OSInit
                0x0000000000004768                OSIntEnter
                0x00000000000047b4                OSIntExit
                0x00000000000048a8                OSSchedLock
                0x0000000000004938                OSSchedUnlock
                0x0000000000004a1c                OSStart
                0x0000000000004a84                OSStatInit
                0x0000000000004b3c                OSTimeTick
                0x0000000000004d70                OSVersion
                0x0000000000004d90                OS_Dummy
                0x0000000000004db0                OS_EventTaskRdy
                0x0000000000004f38                OS_EventTaskWait
                0x0000000000005040                OS_EventTaskWaitMulti
                0x0000000000005188                OS_EventTaskRemove
                0x0000000000005238                OS_EventTaskRemoveMulti
                0x0000000000005334                OS_EventWaitListInit
                0x0000000000005720                OS_MemClr
                0x0000000000005778                OS_MemCopy
                0x00000000000057e4                OS_Sched
                0x000000000000591c                OS_StrCopy
                0x0000000000005990                OS_StrLen
                0x00000000000059e4                OS_TaskIdle
                0x0000000000005a44                OS_TaskStat
                0x0000000000005b08                OS_TaskStatStkChk
                0x0000000000005bcc                OS_TCBInit
 .text          0x0000000000005eac      0x190 /home/xix277/engr-ece/Winter_Sem_2022/CME332/asn_test/test_prob_6_bsp//libucosii_bsp.a(os_dbg.o)
                0x0000000000005eac                OSDebugInit
 .text          0x000000000000603c     0x17c4 /home/xix277/engr-ece/Winter_Sem_2022/CME332/asn_test/test_prob_6_bsp//libucosii_bsp.a(os_flag.o)
                0x000000000000603c                OSFlagAccept
                0x0000000000006360                OSFlagCreate
                0x0000000000006470                OSFlagDel
                0x00000000000066c8                OSFlagNameGet
                0x00000000000067f8                OSFlagNameSet
                0x000000000000694c                OSFlagPend
                0x0000000000006f4c                OSFlagPendGetFlagsRdy
                0x0000000000006fb0                OSFlagPost
                0x000000000000735c                OSFlagQuery
                0x0000000000007588                OS_FlagInit
                0x000000000000775c                OS_FlagUnlink
 .text          0x0000000000007800      0x778 /home/xix277/engr-ece/Winter_Sem_2022/CME332/asn_test/test_prob_6_bsp//libucosii_bsp.a(os_mem.o)
                0x0000000000007800                OSMemCreate
                0x00000000000079d8                OSMemGet
                0x0000000000007ad0                OSMemNameGet
                0x0000000000007bc4                OSMemNameSet
                0x0000000000007ce0                OSMemPut
                0x0000000000007dc0                OSMemQuery
                0x0000000000007eac                OS_MemInit
 .text          0x0000000000007f78     0x115c /home/xix277/engr-ece/Winter_Sem_2022/CME332/asn_test/test_prob_6_bsp//libucosii_bsp.a(os_q.o)
                0x0000000000007f78                OSQAccept
                0x00000000000080bc                OSQCreate
                0x000000000000826c                OSQDel
                0x00000000000084fc                OSQFlush
                0x00000000000085b8                OSQPend
                0x0000000000008850                OSQPendAbort
                0x00000000000089c4                OSQPost
                0x0000000000008b38                OSQPostFront
                0x0000000000008cb4                OSQPostOpt
                0x0000000000008ecc                OSQQuery
                0x000000000000902c                OS_QInit
 .text          0x00000000000090d4      0xa98 /home/xix277/engr-ece/Winter_Sem_2022/CME332/asn_test/test_prob_6_bsp//libucosii_bsp.a(os_sem.o)
                0x00000000000090d4                OSSemAccept
                0x0000000000009188                OSSemCreate
                0x0000000000009264                OSSemDel
                0x00000000000094b4                OSSemPend
                0x00000000000096c8                OSSemPendAbort
                0x000000000000983c                OSSemPost
                0x0000000000009958                OSSemQuery
                0x0000000000009a6c                OSSemSet
 .text          0x0000000000009b6c     0x1750 /home/xix277/engr-ece/Winter_Sem_2022/CME332/asn_test/test_prob_6_bsp//libucosii_bsp.a(os_task.o)
                0x0000000000009b6c                OSTaskChangePrio
                0x000000000000a030                OSTaskCreate
                0x000000000000a1d4                OSTaskCreateExt
                0x000000000000a3b0                OSTaskDel
                0x000000000000a6f4                OSTaskDelReq
                0x000000000000a84c                OSTaskNameGet
                0x000000000000a9e8                OSTaskNameSet
                0x000000000000aba4                OSTaskResume
                0x000000000000ad84                OSTaskStkChk
                0x000000000000af3c                OSTaskSuspend
                0x000000000000b124                OSTaskQuery
                0x000000000000b24c                OS_TaskStkClr
 .text          0x000000000000b2bc      0x500 /home/xix277/engr-ece/Winter_Sem_2022/CME332/asn_test/test_prob_6_bsp//libucosii_bsp.a(os_time.o)
                0x000000000000b2bc                OSTimeDly
                0x000000000000b3c4                OSTimeDlyHMSM
                0x000000000000b518                OSTimeDlyResume
                0x000000000000b6f8                OSTimeGet
                0x000000000000b758                OSTimeSet
 .text          0x000000000000b7bc      0x844 /home/xix277/engr-ece/Winter_Sem_2022/CME332/asn_test/test_prob_6_bsp//libucosii_bsp.a(alt_sys_init.o)
                0x000000000000b7f0                alt_irq_init
                0x000000000000b82c                alt_sys_init
 .text          0x000000000000c000      0x164 /home/xix277/engr-ece/Winter_Sem_2022/CME332/asn_test/test_prob_6_bsp//libucosii_bsp.a(altera_avalon_jtag_uart_fd.o)
                0x000000000000c000                altera_avalon_jtag_uart_read_fd
                0x000000000000c060                altera_avalon_jtag_uart_write_fd
                0x000000000000c0c0                altera_avalon_jtag_uart_close_fd
                0x000000000000c110                altera_avalon_jtag_uart_ioctl_fd
 .text          0x000000000000c164      0x568 /home/xix277/engr-ece/Winter_Sem_2022/CME332/asn_test/test_prob_6_bsp//libucosii_bsp.a(altera_avalon_jtag_uart_init.o)
                0x000000000000c164                altera_avalon_jtag_uart_init
                0x000000000000c664                altera_avalon_jtag_uart_close
 .text          0x000000000000c6cc       0xf4 /home/xix277/engr-ece/Winter_Sem_2022/CME332/asn_test/test_prob_6_bsp//libucosii_bsp.a(altera_avalon_jtag_uart_ioctl.o)
                0x000000000000c6cc                altera_avalon_jtag_uart_ioctl
 .text          0x000000000000c7c0      0x2c8 /home/xix277/engr-ece/Winter_Sem_2022/CME332/asn_test/test_prob_6_bsp//libucosii_bsp.a(altera_avalon_jtag_uart_read.o)
                0x000000000000c7c0                altera_avalon_jtag_uart_read
 .text          0x000000000000ca88      0x2d0 /home/xix277/engr-ece/Winter_Sem_2022/CME332/asn_test/test_prob_6_bsp//libucosii_bsp.a(altera_avalon_jtag_uart_write.o)
                0x000000000000ca88                altera_avalon_jtag_uart_write
 .text          0x000000000000cd58       0xfc /home/xix277/engr-ece/Winter_Sem_2022/CME332/asn_test/test_prob_6_bsp//libucosii_bsp.a(altera_avalon_timer_sc.o)
                0x000000000000cdd8                alt_avalon_timer_sc_init
 .text          0x000000000000ce54      0x4fc /home/xix277/engr-ece/Winter_Sem_2022/CME332/asn_test/test_prob_6_bsp//libucosii_bsp.a(altera_up_avalon_character_lcd.o)
                0x000000000000ce54                get_DDRAM_addr
                0x000000000000cec8                alt_up_character_lcd_send_cmd
                0x000000000000cf08                alt_up_character_lcd_init
                0x000000000000cf40                alt_up_character_lcd_open_dev
                0x000000000000cf7c                alt_up_character_lcd_write
                0x000000000000cffc                alt_up_character_lcd_string
                0x000000000000d078                alt_up_character_lcd_write_fd
                0x000000000000d0c8                alt_up_character_lcd_set_cursor_pos
                0x000000000000d13c                alt_up_character_lcd_shift_cursor
                0x000000000000d1c8                alt_up_character_lcd_shift_display
                0x000000000000d254                alt_up_character_lcd_erase_pos
                0x000000000000d2e0                alt_up_character_lcd_cursor_off
                0x000000000000d318                alt_up_character_lcd_cursor_blink_on
 .text          0x000000000000d350      0x38c /home/xix277/engr-ece/Winter_Sem_2022/CME332/asn_test/test_prob_6_bsp//libucosii_bsp.a(altera_up_avalon_irda.o)
                0x000000000000d350                alt_up_irda_enable_read_interrupt
                0x000000000000d3ac                alt_up_irda_disable_read_interrupt
                0x000000000000d40c                alt_up_irda_get_used_space_in_read_FIFO
                0x000000000000d44c                alt_up_irda_get_available_space_in_write_FIFO
                0x000000000000d488                alt_up_irda_check_parity
                0x000000000000d4cc                alt_up_irda_write_data
                0x000000000000d50c                alt_up_irda_read_data
                0x000000000000d580                alt_up_irda_read_fd
                0x000000000000d610                alt_up_irda_write_fd
                0x000000000000d6a0                alt_up_irda_open_dev
 .text          0x000000000000d6dc      0x6b4 /home/xix277/engr-ece/Winter_Sem_2022/CME332/asn_test/test_prob_6_bsp//libucosii_bsp.a(altera_up_avalon_ps2.o)
                0x000000000000d6dc                read_RI_bit
                0x000000000000d710                read_RE_bit
                0x000000000000d740                read_CE_bit
                0x000000000000d774                read_num_bytes_available
                0x000000000000d7a4                read_data_valid
                0x000000000000d7d8                read_data_byte
                0x000000000000d804                alt_up_ps2_init
                0x000000000000d8cc                alt_up_ps2_enable_read_interrupt
                0x000000000000d928                alt_up_ps2_disable_read_interrupt
                0x000000000000d988                alt_up_ps2_write_data_byte
                0x000000000000d9fc                alt_up_ps2_wait_for_ack
                0x000000000000da64                alt_up_ps2_write_data_byte_with_ack
                0x000000000000dac8                alt_up_ps2_read_data_byte_timeout
                0x000000000000db64                alt_up_ps2_read_data_byte
                0x000000000000dbd4                alt_up_ps2_clear_fifo
                0x000000000000dc30                alt_up_ps2_read_fd
                0x000000000000dcbc                alt_up_ps2_write_fd
                0x000000000000dd54                alt_up_ps2_open_dev
 .text          0x000000000000dd90      0x390 /home/xix277/engr-ece/Winter_Sem_2022/CME332/asn_test/test_prob_6_bsp//libucosii_bsp.a(altera_up_avalon_rs232.o)
                0x000000000000dd90                alt_up_rs232_enable_read_interrupt
                0x000000000000ddec                alt_up_rs232_disable_read_interrupt
                0x000000000000de4c                alt_up_rs232_get_used_space_in_read_FIFO
                0x000000000000de8c                alt_up_rs232_get_available_space_in_write_FIFO
                0x000000000000dec8                alt_up_rs232_check_parity
                0x000000000000df0c                alt_up_rs232_write_data
                0x000000000000df4c                alt_up_rs232_read_data
                0x000000000000dfc0                alt_up_rs232_read_fd
                0x000000000000e050                alt_up_rs232_write_fd
                0x000000000000e0e4                alt_up_rs232_open_dev
 .text          0x000000000000e120      0x134 /home/xix277/engr-ece/Winter_Sem_2022/CME332/asn_test/test_prob_6_bsp//libucosii_bsp.a(alt_alarm_start.o)
                0x000000000000e120                alt_alarm_start
 .text          0x000000000000e254       0x20 /home/xix277/engr-ece/Winter_Sem_2022/CME332/asn_test/test_prob_6_bsp//libucosii_bsp.a(alt_dcache_flush_all.o)
                0x000000000000e254                alt_dcache_flush_all
 .text          0x000000000000e274       0xe4 /home/xix277/engr-ece/Winter_Sem_2022/CME332/asn_test/test_prob_6_bsp//libucosii_bsp.a(alt_dev_llist_insert.o)
                0x000000000000e2b0                alt_dev_llist_insert
 .text          0x000000000000e358       0x64 /home/xix277/engr-ece/Winter_Sem_2022/CME332/asn_test/test_prob_6_bsp//libucosii_bsp.a(alt_do_ctors.o)
                0x000000000000e358                _do_ctors
 .text          0x000000000000e3bc       0x64 /home/xix277/engr-ece/Winter_Sem_2022/CME332/asn_test/test_prob_6_bsp//libucosii_bsp.a(alt_do_dtors.o)
                0x000000000000e3bc                _do_dtors
 .text          0x000000000000e420       0x90 /home/xix277/engr-ece/Winter_Sem_2022/CME332/asn_test/test_prob_6_bsp//libucosii_bsp.a(alt_find_dev.o)
                0x000000000000e420                alt_find_dev
 .text          0x000000000000e4b0       0x34 /home/xix277/engr-ece/Winter_Sem_2022/CME332/asn_test/test_prob_6_bsp//libucosii_bsp.a(alt_icache_flush_all.o)
                0x000000000000e4b0                alt_icache_flush_all
 .text          0x000000000000e4e4      0x12c /home/xix277/engr-ece/Winter_Sem_2022/CME332/asn_test/test_prob_6_bsp//libucosii_bsp.a(alt_io_redirect.o)
                0x000000000000e594                alt_io_redirect
 .text          0x000000000000e610      0x180 /home/xix277/engr-ece/Winter_Sem_2022/CME332/asn_test/test_prob_6_bsp//libucosii_bsp.a(alt_irq_register.o)
                0x000000000000e610                alt_irq_register
 .text          0x000000000000e790        0x0 /home/xix277/engr-ece/Winter_Sem_2022/CME332/asn_test/test_prob_6_bsp//libucosii_bsp.a(alt_irq_vars.o)
 .text          0x000000000000e790      0x248 /home/xix277/engr-ece/Winter_Sem_2022/CME332/asn_test/test_prob_6_bsp//libucosii_bsp.a(alt_open.o)
                0x000000000000e884                open
 .text          0x000000000000e9d8      0x1ac /home/xix277/engr-ece/Winter_Sem_2022/CME332/asn_test/test_prob_6_bsp//libucosii_bsp.a(alt_tick.o)
                0x000000000000e9d8                alt_alarm_stop
                0x000000000000ea7c                alt_tick
 .text          0x000000000000eb84       0x24 /home/xix277/engr-ece/Winter_Sem_2022/CME332/asn_test/test_prob_6_bsp//libucosii_bsp.a(altera_nios2_gen2_irq.o)
                0x000000000000eb84                altera_nios2_gen2_irq_init
 .text          0x000000000000eba8       0xd0 /home/xix277/engr-ece/Winter_Sem_2022/CME332/asn_test/test_prob_6_bsp//libucosii_bsp.a(os_cpu_a.o)
                0x000000000000eba8                OSCtxSw
                0x000000000000eba8                OSIntCtxSw
                0x000000000000ec34                OSStartHighRdy
                0x000000000000ec54                OSStartTsk
 .text          0x000000000000ec78      0x278 /home/xix277/engr-ece/Winter_Sem_2022/CME332/asn_test/test_prob_6_bsp//libucosii_bsp.a(os_cpu_c.o)
                0x000000000000ec78                OSTaskStkInit
                0x000000000000edc4                OSTaskCreateHook
                0x000000000000ede8                OSTaskDelHook
                0x000000000000ee0c                OSTaskSwHook
                0x000000000000ee2c                OSTaskStatHook
                0x000000000000ee4c                OSTimeTickHook
                0x000000000000ee6c                OSInitHookBegin
                0x000000000000ee8c                OSInitHookEnd
                0x000000000000eeac                OSTaskIdleHook
                0x000000000000eecc                OSTCBInitHook
 .text          0x000000000000eef0      0x108 /home/xix277/engr-ece/Winter_Sem_2022/CME332/asn_test/test_prob_6_bsp//libucosii_bsp.a(alt_find_file.o)
                0x000000000000eef0                alt_find_file
 .text          0x000000000000eff8       0xd8 /home/xix277/engr-ece/Winter_Sem_2022/CME332/asn_test/test_prob_6_bsp//libucosii_bsp.a(alt_get_fd.o)
                0x000000000000eff8                alt_get_fd
 .text          0x000000000000f0d0       0x90 /home/xix277/engr-ece/Winter_Sem_2022/CME332/asn_test/test_prob_6_bsp//libucosii_bsp.a(alt_icache_flush.o)
                0x000000000000f0d0                alt_icache_flush
 .text          0x000000000000f160        0x0 /home/xix277/engr-ece/Winter_Sem_2022/CME332/asn_test/test_prob_6_bsp//libucosii_bsp.a(alt_irq_entry.o)
 .text          0x000000000000f160        0x0 /home/xix277/engr-ece/Winter_Sem_2022/CME332/asn_test/test_prob_6_bsp//libucosii_bsp.a(alt_irq_handler.o)
 .text          0x000000000000f160        0x0 /home/xix277/engr-ece/Winter_Sem_2022/CME332/asn_test/test_prob_6_bsp//libucosii_bsp.a(alt_exception_entry.o)
 .text          0x000000000000f160       0x98 /home/xix277/engr-ece/Winter_Sem_2022/CME332/asn_test/test_prob_6_bsp//libucosii_bsp.a(alt_instruction_exception_entry.o)
                0x000000000000f160                alt_exception_cause_generated_bad_addr
 .text          0x000000000000f1f8        0x0 /opt/intelFPGA/20.1.1/nios2eds/bin/gnu/H-x86_64-pc-linux-gnu/bin/../lib/gcc/nios2-elf/10.1.1/../../../../../H-x86_64-pc-linux-gnu/nios2-elf/lib/mhw-mulx/libc.a(lib_a-atexit.o)
 .text.atexit   0x000000000000f1f8       0x14 /opt/intelFPGA/20.1.1/nios2eds/bin/gnu/H-x86_64-pc-linux-gnu/bin/../lib/gcc/nios2-elf/10.1.1/../../../../../H-x86_64-pc-linux-gnu/nios2-elf/lib/mhw-mulx/libc.a(lib_a-atexit.o)
                0x000000000000f1f8                atexit
 .text          0x000000000000f20c        0x0 /opt/intelFPGA/20.1.1/nios2eds/bin/gnu/H-x86_64-pc-linux-gnu/bin/../lib/gcc/nios2-elf/10.1.1/../../../../../H-x86_64-pc-linux-gnu/nios2-elf/lib/mhw-mulx/libc.a(lib_a-exit.o)
 .text.exit     0x000000000000f20c       0x34 /opt/intelFPGA/20.1.1/nios2eds/bin/gnu/H-x86_64-pc-linux-gnu/bin/../lib/gcc/nios2-elf/10.1.1/../../../../../H-x86_64-pc-linux-gnu/nios2-elf/lib/mhw-mulx/libc.a(lib_a-exit.o)
                0x000000000000f20c                exit
 .text          0x000000000000f240        0x0 /opt/intelFPGA/20.1.1/nios2eds/bin/gnu/H-x86_64-pc-linux-gnu/bin/../lib/gcc/nios2-elf/10.1.1/../../../../../H-x86_64-pc-linux-gnu/nios2-elf/lib/mhw-mulx/libc.a(lib_a-memcmp.o)
 .text.memcmp   0x000000000000f240       0x78 /opt/intelFPGA/20.1.1/nios2eds/bin/gnu/H-x86_64-pc-linux-gnu/bin/../lib/gcc/nios2-elf/10.1.1/../../../../../H-x86_64-pc-linux-gnu/nios2-elf/lib/mhw-mulx/libc.a(lib_a-memcmp.o)
                0x000000000000f240                memcmp
 .text          0x000000000000f2b8        0x0 /opt/intelFPGA/20.1.1/nios2eds/bin/gnu/H-x86_64-pc-linux-gnu/bin/../lib/gcc/nios2-elf/10.1.1/../../../../../H-x86_64-pc-linux-gnu/nios2-elf/lib/mhw-mulx/libc.a(lib_a-__atexit.o)
 .text.__register_exitproc
                0x000000000000f2b8       0x90 /opt/intelFPGA/20.1.1/nios2eds/bin/gnu/H-x86_64-pc-linux-gnu/bin/../lib/gcc/nios2-elf/10.1.1/../../../../../H-x86_64-pc-linux-gnu/nios2-elf/lib/mhw-mulx/libc.a(lib_a-__atexit.o)
                0x000000000000f2b8                __register_exitproc
 .text          0x000000000000f348        0x0 /opt/intelFPGA/20.1.1/nios2eds/bin/gnu/H-x86_64-pc-linux-gnu/bin/../lib/gcc/nios2-elf/10.1.1/../../../../../H-x86_64-pc-linux-gnu/nios2-elf/lib/mhw-mulx/libc.a(lib_a-__call_atexit.o)
 .text.__call_exitprocs
                0x000000000000f348      0x120 /opt/intelFPGA/20.1.1/nios2eds/bin/gnu/H-x86_64-pc-linux-gnu/bin/../lib/gcc/nios2-elf/10.1.1/../../../../../H-x86_64-pc-linux-gnu/nios2-elf/lib/mhw-mulx/libc.a(lib_a-__call_atexit.o)
                0x000000000000f348                __call_exitprocs
 .text          0x000000000000f468       0x38 /home/xix277/engr-ece/Winter_Sem_2022/CME332/asn_test/test_prob_6_bsp//libucosii_bsp.a(alt_exit.o)
                0x000000000000f468                _exit
 *(.gnu.warning.*)
 *(.fini)
                [!provide]                        PROVIDE (__etext = ABSOLUTE (.))
                [!provide]                        PROVIDE (_etext = ABSOLUTE (.))
                [!provide]                        PROVIDE (etext = ABSOLUTE (.))
 *(.eh_frame_hdr)
                0x000000000000f4a0                . = ALIGN (0x4)
                [!provide]                        PROVIDE (__preinit_array_start = ABSOLUTE (.))
 *(.preinit_array)
                [!provide]                        PROVIDE (__preinit_array_end = ABSOLUTE (.))
                [!provide]                        PROVIDE (__init_array_start = ABSOLUTE (.))
 *(.init_array)
                [!provide]                        PROVIDE (__init_array_end = ABSOLUTE (.))
                [!provide]                        PROVIDE (__fini_array_start = ABSOLUTE (.))
 *(.fini_array)
                [!provide]                        PROVIDE (__fini_array_end = ABSOLUTE (.))
 *(.eh_frame)
 *(.gcc_except_table .gcc_except_table.*)
 *(.dynamic)
                0x000000000000f4a0                PROVIDE (__CTOR_LIST__ = ABSOLUTE (.))
 *(.ctors)
 *(SORT_BY_NAME(.ctors.*))
                0x000000000000f4a0                PROVIDE (__CTOR_END__ = ABSOLUTE (.))
                0x000000000000f4a0                PROVIDE (__DTOR_LIST__ = ABSOLUTE (.))
 *(.dtors)
 *(SORT_BY_NAME(.dtors.*))
                0x000000000000f4a0                PROVIDE (__DTOR_END__ = ABSOLUTE (.))
 *(.jcr)
                0x000000000000f4a0                . = ALIGN (0x4)

.rodata         0x000000000000f4a0      0x2b4
                0x000000000000f4a0                PROVIDE (__ram_rodata_start = ABSOLUTE (.))
                0x000000000000f4a0                . = ALIGN (0x4)
 *(.rodata .rodata.* .gnu.linkonce.r.*)
 .rodata        0x000000000000f4a0       0x17 obj/default/hello_ucosii.o
 *fill*         0x000000000000f4b7        0x1 
 .rodata._puts_r.str1.4
                0x000000000000f4b8        0x2 /opt/intelFPGA/20.1.1/nios2eds/bin/gnu/H-x86_64-pc-linux-gnu/bin/../lib/gcc/nios2-elf/10.1.1/../../../../../H-x86_64-pc-linux-gnu/nios2-elf/lib/mhw-mulx/libc.a(lib_a-puts.o)
 *fill*         0x000000000000f4ba        0x2 
 .rodata        0x000000000000f4bc        0xa /home/xix277/engr-ece/Winter_Sem_2022/CME332/asn_test/test_prob_6_bsp//libucosii_bsp.a(alt_dev.o)
 *fill*         0x000000000000f4c6        0x2 
 .rodata        0x000000000000f4c8        0xf /home/xix277/engr-ece/Winter_Sem_2022/CME332/asn_test/test_prob_6_bsp//libucosii_bsp.a(alt_main.o)
 *fill*         0x000000000000f4d7        0x1 
 .rodata        0x000000000000f4d8      0x11e /home/xix277/engr-ece/Winter_Sem_2022/CME332/asn_test/test_prob_6_bsp//libucosii_bsp.a(os_core.o)
                0x000000000000f4d8                OSUnMapTbl
 *fill*         0x000000000000f5f6        0x2 
 .rodata        0x000000000000f5f8      0x159 /home/xix277/engr-ece/Winter_Sem_2022/CME332/asn_test/test_prob_6_bsp//libucosii_bsp.a(alt_sys_init.o)
 *(.rodata1)
                0x000000000000f754                . = ALIGN (0x4)
 *fill*         0x000000000000f751        0x3 
                0x000000000000f754                PROVIDE (__ram_rodata_end = ABSOLUTE (.))
                0x000000000000f4a0                PROVIDE (__flash_rodata_start = LOADADDR (.rodata))

.rwdata         0x000000000000f754     0x1e00 load address 0x0000000000011554
                0x000000000000f754                PROVIDE (__ram_rwdata_start = ABSOLUTE (.))
                0x000000000000f754                . = ALIGN (0x4)
 *(.got.plt)
 *(.got)
 *(.data1)
 *(.data .data.* .gnu.linkonce.d.*)
 .data          0x000000000000f754        0x0 /home/xix277/engr-ece/Winter_Sem_2022/CME332/asn_test/test_prob_6_bsp//obj/HAL/src/crt0.o
 .data          0x000000000000f754        0x0 obj/default/hello_ucosii.o
 .data          0x000000000000f754        0x0 /opt/intelFPGA/20.1.1/nios2eds/bin/gnu/H-x86_64-pc-linux-gnu/bin/../lib/gcc/nios2-elf/10.1.1/../../../../../H-x86_64-pc-linux-gnu/nios2-elf/lib/mhw-mulx/libc.a(lib_a-puts.o)
 .data          0x000000000000f754        0x0 /opt/intelFPGA/20.1.1/nios2eds/bin/gnu/H-x86_64-pc-linux-gnu/bin/../lib/gcc/nios2-elf/10.1.1/../../../../../H-x86_64-pc-linux-gnu/nios2-elf/lib/mhw-mulx/libc.a(lib_a-strlen.o)
 .data          0x000000000000f754        0x0 /opt/intelFPGA/20.1.1/nios2eds/bin/gnu/H-x86_64-pc-linux-gnu/bin/../lib/gcc/nios2-elf/10.1.1/../../../../../H-x86_64-pc-linux-gnu/nios2-elf/lib/mhw-mulx/libc.a(lib_a-findfp.o)
 .data          0x000000000000f754        0x0 /opt/intelFPGA/20.1.1/nios2eds/bin/gnu/H-x86_64-pc-linux-gnu/bin/../lib/gcc/nios2-elf/10.1.1/../../../../../H-x86_64-pc-linux-gnu/nios2-elf/lib/mhw-mulx/libc.a(lib_a-fvwrite.o)
 .data          0x000000000000f754        0x0 /opt/intelFPGA/20.1.1/nios2eds/bin/gnu/H-x86_64-pc-linux-gnu/bin/../lib/gcc/nios2-elf/10.1.1/../../../../../H-x86_64-pc-linux-gnu/nios2-elf/lib/mhw-mulx/libc.a(lib_a-fwalk.o)
 .data          0x000000000000f754        0x0 /opt/intelFPGA/20.1.1/nios2eds/bin/gnu/H-x86_64-pc-linux-gnu/bin/../lib/gcc/nios2-elf/10.1.1/../../../../../H-x86_64-pc-linux-gnu/nios2-elf/lib/mhw-mulx/libc.a(lib_a-impure.o)
 .data.impure_data
                0x000000000000f754      0x424 /opt/intelFPGA/20.1.1/nios2eds/bin/gnu/H-x86_64-pc-linux-gnu/bin/../lib/gcc/nios2-elf/10.1.1/../../../../../H-x86_64-pc-linux-gnu/nios2-elf/lib/mhw-mulx/libc.a(lib_a-impure.o)
 .data          0x000000000000fb78        0x0 /opt/intelFPGA/20.1.1/nios2eds/bin/gnu/H-x86_64-pc-linux-gnu/bin/../lib/gcc/nios2-elf/10.1.1/../../../../../H-x86_64-pc-linux-gnu/nios2-elf/lib/mhw-mulx/libc.a(lib_a-mallocr.o)
 .data.__malloc_av_
                0x000000000000fb78      0x408 /opt/intelFPGA/20.1.1/nios2eds/bin/gnu/H-x86_64-pc-linux-gnu/bin/../lib/gcc/nios2-elf/10.1.1/../../../../../H-x86_64-pc-linux-gnu/nios2-elf/lib/mhw-mulx/libc.a(lib_a-mallocr.o)
                0x000000000000fb78                __malloc_av_
 .data          0x000000000000ff80        0x0 /opt/intelFPGA/20.1.1/nios2eds/bin/gnu/H-x86_64-pc-linux-gnu/bin/../lib/gcc/nios2-elf/10.1.1/../../../../../H-x86_64-pc-linux-gnu/nios2-elf/lib/mhw-mulx/libc.a(lib_a-memchr.o)
 .data          0x000000000000ff80        0x0 /opt/intelFPGA/20.1.1/nios2eds/bin/gnu/H-x86_64-pc-linux-gnu/bin/../lib/gcc/nios2-elf/10.1.1/../../../../../H-x86_64-pc-linux-gnu/nios2-elf/lib/mhw-mulx/libc.a(lib_a-memcpy.o)
 .data          0x000000000000ff80        0x0 /opt/intelFPGA/20.1.1/nios2eds/bin/gnu/H-x86_64-pc-linux-gnu/bin/../lib/gcc/nios2-elf/10.1.1/../../../../../H-x86_64-pc-linux-gnu/nios2-elf/lib/mhw-mulx/libc.a(lib_a-memmove.o)
 .data          0x000000000000ff80        0x0 /opt/intelFPGA/20.1.1/nios2eds/bin/gnu/H-x86_64-pc-linux-gnu/bin/../lib/gcc/nios2-elf/10.1.1/../../../../../H-x86_64-pc-linux-gnu/nios2-elf/lib/mhw-mulx/libc.a(lib_a-memset.o)
 .data          0x000000000000ff80        0x0 /opt/intelFPGA/20.1.1/nios2eds/bin/gnu/H-x86_64-pc-linux-gnu/bin/../lib/gcc/nios2-elf/10.1.1/../../../../../H-x86_64-pc-linux-gnu/nios2-elf/lib/mhw-mulx/libc.a(lib_a-reallocr.o)
 .data          0x000000000000ff80        0x0 /opt/intelFPGA/20.1.1/nios2eds/bin/gnu/H-x86_64-pc-linux-gnu/bin/../lib/gcc/nios2-elf/10.1.1/../../../../../H-x86_64-pc-linux-gnu/nios2-elf/lib/mhw-mulx/libc.a(lib_a-sbrkr.o)
 .data          0x000000000000ff80        0x0 /opt/intelFPGA/20.1.1/nios2eds/bin/gnu/H-x86_64-pc-linux-gnu/bin/../lib/gcc/nios2-elf/10.1.1/../../../../../H-x86_64-pc-linux-gnu/nios2-elf/lib/mhw-mulx/libc.a(lib_a-stdio.o)
 .data          0x000000000000ff80        0x0 /opt/intelFPGA/20.1.1/nios2eds/bin/gnu/H-x86_64-pc-linux-gnu/bin/../lib/gcc/nios2-elf/10.1.1/../../../../../H-x86_64-pc-linux-gnu/nios2-elf/lib/mhw-mulx/libc.a(lib_a-writer.o)
 .data          0x000000000000ff80        0x0 /opt/intelFPGA/20.1.1/nios2eds/bin/gnu/H-x86_64-pc-linux-gnu/bin/../lib/gcc/nios2-elf/10.1.1/../../../../../H-x86_64-pc-linux-gnu/nios2-elf/lib/mhw-mulx/libc.a(lib_a-wsetup.o)
 .data          0x000000000000ff80        0x0 /opt/intelFPGA/20.1.1/nios2eds/bin/gnu/H-x86_64-pc-linux-gnu/bin/../lib/gcc/nios2-elf/10.1.1/../../../../../H-x86_64-pc-linux-gnu/nios2-elf/lib/mhw-mulx/libc.a(closer.o)
 .data          0x000000000000ff80        0x0 /opt/intelFPGA/20.1.1/nios2eds/bin/gnu/H-x86_64-pc-linux-gnu/bin/../lib/gcc/nios2-elf/10.1.1/../../../../../H-x86_64-pc-linux-gnu/nios2-elf/lib/mhw-mulx/libc.a(lib_a-fclose.o)
 .data          0x000000000000ff80        0x0 /opt/intelFPGA/20.1.1/nios2eds/bin/gnu/H-x86_64-pc-linux-gnu/bin/../lib/gcc/nios2-elf/10.1.1/../../../../../H-x86_64-pc-linux-gnu/nios2-elf/lib/mhw-mulx/libc.a(lib_a-fflush.o)
 .data          0x000000000000ff80        0x0 /opt/intelFPGA/20.1.1/nios2eds/bin/gnu/H-x86_64-pc-linux-gnu/bin/../lib/gcc/nios2-elf/10.1.1/../../../../../H-x86_64-pc-linux-gnu/nios2-elf/lib/mhw-mulx/libc.a(lib_a-freer.o)
 .data          0x000000000000ff80        0x0 /opt/intelFPGA/20.1.1/nios2eds/bin/gnu/H-x86_64-pc-linux-gnu/bin/../lib/gcc/nios2-elf/10.1.1/../../../../../H-x86_64-pc-linux-gnu/nios2-elf/lib/mhw-mulx/libc.a(lib_a-int_errno.o)
 .data          0x000000000000ff80        0x0 /opt/intelFPGA/20.1.1/nios2eds/bin/gnu/H-x86_64-pc-linux-gnu/bin/../lib/gcc/nios2-elf/10.1.1/../../../../../H-x86_64-pc-linux-gnu/nios2-elf/lib/mhw-mulx/libc.a(lib_a-lseekr.o)
 .data          0x000000000000ff80        0x0 /opt/intelFPGA/20.1.1/nios2eds/bin/gnu/H-x86_64-pc-linux-gnu/bin/../lib/gcc/nios2-elf/10.1.1/../../../../../H-x86_64-pc-linux-gnu/nios2-elf/lib/mhw-mulx/libc.a(lib_a-makebuf.o)
 .data          0x000000000000ff80        0x0 /opt/intelFPGA/20.1.1/nios2eds/bin/gnu/H-x86_64-pc-linux-gnu/bin/../lib/gcc/nios2-elf/10.1.1/../../../../../H-x86_64-pc-linux-gnu/nios2-elf/lib/mhw-mulx/libc.a(lib_a-readr.o)
 .data          0x000000000000ff80        0x0 /opt/intelFPGA/20.1.1/nios2eds/bin/gnu/H-x86_64-pc-linux-gnu/bin/../lib/gcc/nios2-elf/10.1.1/../../../../../H-x86_64-pc-linux-gnu/nios2-elf/lib/mhw-mulx/libc.a(lib_a-fstatr.o)
 .data          0x000000000000ff80        0x0 /opt/intelFPGA/20.1.1/nios2eds/bin/gnu/H-x86_64-pc-linux-gnu/bin/../lib/gcc/nios2-elf/10.1.1/../../../../../H-x86_64-pc-linux-gnu/nios2-elf/lib/mhw-mulx/libc.a(lib_a-isattyr.o)
 .data          0x000000000000ff80        0x0 /opt/intelFPGA/20.1.1/nios2eds/bin/gnu/H-x86_64-pc-linux-gnu/bin/../lib/gcc/nios2-elf/10.1.1/mhw-mulx/libgcc.a(lib2-divmod.o)
 .data          0x000000000000ff80        0x0 /home/xix277/engr-ece/Winter_Sem_2022/CME332/asn_test/test_prob_6_bsp//libucosii_bsp.a(alt_close.o)
 .data          0x000000000000ff80      0x1a8 /home/xix277/engr-ece/Winter_Sem_2022/CME332/asn_test/test_prob_6_bsp//libucosii_bsp.a(alt_dev.o)
                0x000000000000ff80                alt_dev_null
                0x000000000000ffa8                alt_fd_list
 .data          0x0000000000010128        0x0 /home/xix277/engr-ece/Winter_Sem_2022/CME332/asn_test/test_prob_6_bsp//libucosii_bsp.a(alt_errno.o)
 .data          0x0000000000010128        0x0 /home/xix277/engr-ece/Winter_Sem_2022/CME332/asn_test/test_prob_6_bsp//libucosii_bsp.a(alt_fstat.o)
 .data          0x0000000000010128        0x0 /home/xix277/engr-ece/Winter_Sem_2022/CME332/asn_test/test_prob_6_bsp//libucosii_bsp.a(alt_isatty.o)
 .data          0x0000000000010128        0x0 /home/xix277/engr-ece/Winter_Sem_2022/CME332/asn_test/test_prob_6_bsp//libucosii_bsp.a(alt_load.o)
 .data          0x0000000000010128        0x0 /home/xix277/engr-ece/Winter_Sem_2022/CME332/asn_test/test_prob_6_bsp//libucosii_bsp.a(alt_lseek.o)
 .data          0x0000000000010128        0x0 /home/xix277/engr-ece/Winter_Sem_2022/CME332/asn_test/test_prob_6_bsp//libucosii_bsp.a(alt_main.o)
 .data          0x0000000000010128        0x0 /home/xix277/engr-ece/Winter_Sem_2022/CME332/asn_test/test_prob_6_bsp//libucosii_bsp.a(alt_read.o)
 .data          0x0000000000010128        0x0 /home/xix277/engr-ece/Winter_Sem_2022/CME332/asn_test/test_prob_6_bsp//libucosii_bsp.a(alt_release_fd.o)
 .data          0x0000000000010128        0x0 /home/xix277/engr-ece/Winter_Sem_2022/CME332/asn_test/test_prob_6_bsp//libucosii_bsp.a(alt_sbrk.o)
 .data          0x0000000000010128        0x0 /home/xix277/engr-ece/Winter_Sem_2022/CME332/asn_test/test_prob_6_bsp//libucosii_bsp.a(alt_write.o)
 .data          0x0000000000010128        0x0 /home/xix277/engr-ece/Winter_Sem_2022/CME332/asn_test/test_prob_6_bsp//libucosii_bsp.a(alt_env_lock.o)
 .data          0x0000000000010128        0x0 /home/xix277/engr-ece/Winter_Sem_2022/CME332/asn_test/test_prob_6_bsp//libucosii_bsp.a(alt_malloc_lock.o)
 .data          0x0000000000010128        0x0 /home/xix277/engr-ece/Winter_Sem_2022/CME332/asn_test/test_prob_6_bsp//libucosii_bsp.a(os_core.o)
 .data          0x0000000000010128        0x0 /home/xix277/engr-ece/Winter_Sem_2022/CME332/asn_test/test_prob_6_bsp//libucosii_bsp.a(os_dbg.o)
 .data          0x0000000000010128        0x0 /home/xix277/engr-ece/Winter_Sem_2022/CME332/asn_test/test_prob_6_bsp//libucosii_bsp.a(os_flag.o)
 .data          0x0000000000010128        0x0 /home/xix277/engr-ece/Winter_Sem_2022/CME332/asn_test/test_prob_6_bsp//libucosii_bsp.a(os_mem.o)
 .data          0x0000000000010128        0x0 /home/xix277/engr-ece/Winter_Sem_2022/CME332/asn_test/test_prob_6_bsp//libucosii_bsp.a(os_q.o)
 .data          0x0000000000010128        0x0 /home/xix277/engr-ece/Winter_Sem_2022/CME332/asn_test/test_prob_6_bsp//libucosii_bsp.a(os_sem.o)
 .data          0x0000000000010128        0x0 /home/xix277/engr-ece/Winter_Sem_2022/CME332/asn_test/test_prob_6_bsp//libucosii_bsp.a(os_task.o)
 .data          0x0000000000010128        0x0 /home/xix277/engr-ece/Winter_Sem_2022/CME332/asn_test/test_prob_6_bsp//libucosii_bsp.a(os_time.o)
 .data          0x0000000000010128     0x1378 /home/xix277/engr-ece/Winter_Sem_2022/CME332/asn_test/test_prob_6_bsp//libucosii_bsp.a(alt_sys_init.o)
 .data          0x00000000000114a0        0x0 /home/xix277/engr-ece/Winter_Sem_2022/CME332/asn_test/test_prob_6_bsp//libucosii_bsp.a(altera_avalon_jtag_uart_fd.o)
 .data          0x00000000000114a0        0x0 /home/xix277/engr-ece/Winter_Sem_2022/CME332/asn_test/test_prob_6_bsp//libucosii_bsp.a(altera_avalon_jtag_uart_init.o)
 .data          0x00000000000114a0        0x0 /home/xix277/engr-ece/Winter_Sem_2022/CME332/asn_test/test_prob_6_bsp//libucosii_bsp.a(altera_avalon_jtag_uart_ioctl.o)
 .data          0x00000000000114a0        0x0 /home/xix277/engr-ece/Winter_Sem_2022/CME332/asn_test/test_prob_6_bsp//libucosii_bsp.a(altera_avalon_jtag_uart_read.o)
 .data          0x00000000000114a0        0x0 /home/xix277/engr-ece/Winter_Sem_2022/CME332/asn_test/test_prob_6_bsp//libucosii_bsp.a(altera_avalon_jtag_uart_write.o)
 .data          0x00000000000114a0        0x0 /home/xix277/engr-ece/Winter_Sem_2022/CME332/asn_test/test_prob_6_bsp//libucosii_bsp.a(altera_avalon_timer_sc.o)
 .data          0x00000000000114a0        0x0 /home/xix277/engr-ece/Winter_Sem_2022/CME332/asn_test/test_prob_6_bsp//libucosii_bsp.a(altera_up_avalon_character_lcd.o)
 .data          0x00000000000114a0        0x0 /home/xix277/engr-ece/Winter_Sem_2022/CME332/asn_test/test_prob_6_bsp//libucosii_bsp.a(altera_up_avalon_irda.o)
 .data          0x00000000000114a0        0x0 /home/xix277/engr-ece/Winter_Sem_2022/CME332/asn_test/test_prob_6_bsp//libucosii_bsp.a(altera_up_avalon_ps2.o)
 .data          0x00000000000114a0        0x0 /home/xix277/engr-ece/Winter_Sem_2022/CME332/asn_test/test_prob_6_bsp//libucosii_bsp.a(altera_up_avalon_rs232.o)
 .data          0x00000000000114a0        0x0 /home/xix277/engr-ece/Winter_Sem_2022/CME332/asn_test/test_prob_6_bsp//libucosii_bsp.a(alt_alarm_start.o)
 .data          0x00000000000114a0        0x0 /home/xix277/engr-ece/Winter_Sem_2022/CME332/asn_test/test_prob_6_bsp//libucosii_bsp.a(alt_dcache_flush_all.o)
 .data          0x00000000000114a0        0x0 /home/xix277/engr-ece/Winter_Sem_2022/CME332/asn_test/test_prob_6_bsp//libucosii_bsp.a(alt_dev_llist_insert.o)
 .data          0x00000000000114a0        0x0 /home/xix277/engr-ece/Winter_Sem_2022/CME332/asn_test/test_prob_6_bsp//libucosii_bsp.a(alt_do_ctors.o)
 .data          0x00000000000114a0        0x0 /home/xix277/engr-ece/Winter_Sem_2022/CME332/asn_test/test_prob_6_bsp//libucosii_bsp.a(alt_do_dtors.o)
 .data          0x00000000000114a0        0x0 /home/xix277/engr-ece/Winter_Sem_2022/CME332/asn_test/test_prob_6_bsp//libucosii_bsp.a(alt_find_dev.o)
 .data          0x00000000000114a0        0x0 /home/xix277/engr-ece/Winter_Sem_2022/CME332/asn_test/test_prob_6_bsp//libucosii_bsp.a(alt_icache_flush_all.o)
 .data          0x00000000000114a0        0x0 /home/xix277/engr-ece/Winter_Sem_2022/CME332/asn_test/test_prob_6_bsp//libucosii_bsp.a(alt_io_redirect.o)
 .data          0x00000000000114a0        0x0 /home/xix277/engr-ece/Winter_Sem_2022/CME332/asn_test/test_prob_6_bsp//libucosii_bsp.a(alt_irq_register.o)
 .data          0x00000000000114a0        0x0 /home/xix277/engr-ece/Winter_Sem_2022/CME332/asn_test/test_prob_6_bsp//libucosii_bsp.a(alt_irq_vars.o)
 .data          0x00000000000114a0        0x0 /home/xix277/engr-ece/Winter_Sem_2022/CME332/asn_test/test_prob_6_bsp//libucosii_bsp.a(alt_open.o)
 .data          0x00000000000114a0        0x0 /home/xix277/engr-ece/Winter_Sem_2022/CME332/asn_test/test_prob_6_bsp//libucosii_bsp.a(alt_tick.o)
 .data          0x00000000000114a0        0x0 /home/xix277/engr-ece/Winter_Sem_2022/CME332/asn_test/test_prob_6_bsp//libucosii_bsp.a(altera_nios2_gen2_irq.o)
 .data          0x00000000000114a0        0x0 /home/xix277/engr-ece/Winter_Sem_2022/CME332/asn_test/test_prob_6_bsp//libucosii_bsp.a(os_cpu_a.o)
 .data          0x00000000000114a0        0x0 /home/xix277/engr-ece/Winter_Sem_2022/CME332/asn_test/test_prob_6_bsp//libucosii_bsp.a(os_cpu_c.o)
 .data          0x00000000000114a0        0x0 /home/xix277/engr-ece/Winter_Sem_2022/CME332/asn_test/test_prob_6_bsp//libucosii_bsp.a(alt_find_file.o)
 .data          0x00000000000114a0        0x0 /home/xix277/engr-ece/Winter_Sem_2022/CME332/asn_test/test_prob_6_bsp//libucosii_bsp.a(alt_get_fd.o)
 .data          0x00000000000114a0        0x0 /home/xix277/engr-ece/Winter_Sem_2022/CME332/asn_test/test_prob_6_bsp//libucosii_bsp.a(alt_icache_flush.o)
 .data          0x00000000000114a0        0x0 /home/xix277/engr-ece/Winter_Sem_2022/CME332/asn_test/test_prob_6_bsp//libucosii_bsp.a(alt_irq_entry.o)
 .data          0x00000000000114a0        0x0 /home/xix277/engr-ece/Winter_Sem_2022/CME332/asn_test/test_prob_6_bsp//libucosii_bsp.a(alt_irq_handler.o)
 .data          0x00000000000114a0        0x0 /home/xix277/engr-ece/Winter_Sem_2022/CME332/asn_test/test_prob_6_bsp//libucosii_bsp.a(alt_exception_entry.o)
 .data          0x00000000000114a0        0x0 /home/xix277/engr-ece/Winter_Sem_2022/CME332/asn_test/test_prob_6_bsp//libucosii_bsp.a(alt_instruction_exception_entry.o)
 .data          0x00000000000114a0        0x0 /opt/intelFPGA/20.1.1/nios2eds/bin/gnu/H-x86_64-pc-linux-gnu/bin/../lib/gcc/nios2-elf/10.1.1/../../../../../H-x86_64-pc-linux-gnu/nios2-elf/lib/mhw-mulx/libc.a(lib_a-atexit.o)
 .data          0x00000000000114a0        0x0 /opt/intelFPGA/20.1.1/nios2eds/bin/gnu/H-x86_64-pc-linux-gnu/bin/../lib/gcc/nios2-elf/10.1.1/../../../../../H-x86_64-pc-linux-gnu/nios2-elf/lib/mhw-mulx/libc.a(lib_a-exit.o)
 .data          0x00000000000114a0        0x0 /opt/intelFPGA/20.1.1/nios2eds/bin/gnu/H-x86_64-pc-linux-gnu/bin/../lib/gcc/nios2-elf/10.1.1/../../../../../H-x86_64-pc-linux-gnu/nios2-elf/lib/mhw-mulx/libc.a(lib_a-memcmp.o)
 .data          0x00000000000114a0        0x0 /opt/intelFPGA/20.1.1/nios2eds/bin/gnu/H-x86_64-pc-linux-gnu/bin/../lib/gcc/nios2-elf/10.1.1/../../../../../H-x86_64-pc-linux-gnu/nios2-elf/lib/mhw-mulx/libc.a(lib_a-__atexit.o)
 .data          0x00000000000114a0        0x0 /opt/intelFPGA/20.1.1/nios2eds/bin/gnu/H-x86_64-pc-linux-gnu/bin/../lib/gcc/nios2-elf/10.1.1/../../../../../H-x86_64-pc-linux-gnu/nios2-elf/lib/mhw-mulx/libc.a(lib_a-__call_atexit.o)
 .data          0x00000000000114a0        0x0 /home/xix277/engr-ece/Winter_Sem_2022/CME332/asn_test/test_prob_6_bsp//libucosii_bsp.a(alt_exit.o)
                0x00000000000194a0                _gp = ABSOLUTE ((. + 0x8000))
                [!provide]                        PROVIDE (gp = _gp)
 *(.rwdata .rwdata.*)
 *(.sdata .sdata.* .gnu.linkonce.s.*)
 .sdata._global_impure_ptr
                0x00000000000114a0        0x4 /opt/intelFPGA/20.1.1/nios2eds/bin/gnu/H-x86_64-pc-linux-gnu/bin/../lib/gcc/nios2-elf/10.1.1/../../../../../H-x86_64-pc-linux-gnu/nios2-elf/lib/mhw-mulx/libc.a(lib_a-impure.o)
                0x00000000000114a0                _global_impure_ptr
 .sdata._impure_ptr
                0x00000000000114a4        0x4 /opt/intelFPGA/20.1.1/nios2eds/bin/gnu/H-x86_64-pc-linux-gnu/bin/../lib/gcc/nios2-elf/10.1.1/../../../../../H-x86_64-pc-linux-gnu/nios2-elf/lib/mhw-mulx/libc.a(lib_a-impure.o)
                0x00000000000114a4                _impure_ptr
 .sdata.__malloc_sbrk_base
                0x00000000000114a8        0x4 /opt/intelFPGA/20.1.1/nios2eds/bin/gnu/H-x86_64-pc-linux-gnu/bin/../lib/gcc/nios2-elf/10.1.1/../../../../../H-x86_64-pc-linux-gnu/nios2-elf/lib/mhw-mulx/libc.a(lib_a-mallocr.o)
                0x00000000000114a8                __malloc_sbrk_base
 .sdata.__malloc_trim_threshold
                0x00000000000114ac        0x4 /opt/intelFPGA/20.1.1/nios2eds/bin/gnu/H-x86_64-pc-linux-gnu/bin/../lib/gcc/nios2-elf/10.1.1/../../../../../H-x86_64-pc-linux-gnu/nios2-elf/lib/mhw-mulx/libc.a(lib_a-mallocr.o)
                0x00000000000114ac                __malloc_trim_threshold
 .sdata         0x00000000000114b0       0x14 /home/xix277/engr-ece/Winter_Sem_2022/CME332/asn_test/test_prob_6_bsp//libucosii_bsp.a(alt_dev.o)
                0x00000000000114b0                alt_fs_list
                0x00000000000114b8                alt_dev_list
                0x00000000000114c0                alt_max_fd
 .sdata         0x00000000000114c4        0x4 /home/xix277/engr-ece/Winter_Sem_2022/CME332/asn_test/test_prob_6_bsp//libucosii_bsp.a(alt_errno.o)
                0x00000000000114c4                alt_errno
 .sdata         0x00000000000114c8        0x4 /home/xix277/engr-ece/Winter_Sem_2022/CME332/asn_test/test_prob_6_bsp//libucosii_bsp.a(alt_sbrk.o)
 .sdata         0x00000000000114cc        0x4 /home/xix277/engr-ece/Winter_Sem_2022/CME332/asn_test/test_prob_6_bsp//libucosii_bsp.a(alt_env_lock.o)
 .sdata         0x00000000000114d0        0x4 /home/xix277/engr-ece/Winter_Sem_2022/CME332/asn_test/test_prob_6_bsp//libucosii_bsp.a(alt_malloc_lock.o)
 .sdata         0x00000000000114d4       0x72 /home/xix277/engr-ece/Winter_Sem_2022/CME332/asn_test/test_prob_6_bsp//libucosii_bsp.a(os_dbg.o)
                0x00000000000114d4                OSDebugEn
                0x00000000000114d8                OSEndiannessTest
                0x00000000000114dc                OSEventEn
                0x00000000000114de                OSEventMax
                0x00000000000114e0                OSEventNameSize
                0x00000000000114e2                OSEventSize
                0x00000000000114e4                OSEventTblSize
                0x00000000000114e6                OSEventMultiEn
                0x00000000000114e8                OSFlagEn
                0x00000000000114ea                OSFlagGrpSize
                0x00000000000114ec                OSFlagNodeSize
                0x00000000000114ee                OSFlagWidth
                0x00000000000114f0                OSFlagMax
                0x00000000000114f2                OSFlagNameSize
                0x00000000000114f4                OSLowestPrio
                0x00000000000114f6                OSMboxEn
                0x00000000000114f8                OSMemEn
                0x00000000000114fa                OSMemMax
                0x00000000000114fc                OSMemNameSize
                0x00000000000114fe                OSMemSize
                0x0000000000011500                OSMemTblSize
                0x0000000000011502                OSMutexEn
                0x0000000000011504                OSPtrSize
                0x0000000000011506                OSQEn
                0x0000000000011508                OSQMax
                0x000000000001150a                OSQSize
                0x000000000001150c                OSRdyTblSize
                0x000000000001150e                OSSemEn
                0x0000000000011510                OSStkWidth
                0x0000000000011512                OSTaskCreateEn
                0x0000000000011514                OSTaskCreateExtEn
                0x0000000000011516                OSTaskDelEn
                0x0000000000011518                OSTaskIdleStkSize
                0x000000000001151a                OSTaskProfileEn
                0x000000000001151c                OSTaskMax
                0x000000000001151e                OSTaskNameSize
                0x0000000000011520                OSTaskStatEn
                0x0000000000011522                OSTaskStatStkSize
                0x0000000000011524                OSTaskStatStkChkEn
                0x0000000000011526                OSTaskSwHookEn
                0x0000000000011528                OSTCBPrioTblMax
                0x000000000001152a                OSTCBSize
                0x000000000001152c                OSTicksPerSec
                0x000000000001152e                OSTimeTickHookEn
                0x0000000000011530                OSVersionNbr
                0x0000000000011532                OSTmrEn
                0x0000000000011534                OSTmrCfgMax
                0x0000000000011536                OSTmrCfgNameSize
                0x0000000000011538                OSTmrCfgWheelSize
                0x000000000001153a                OSTmrCfgTicksPerSec
                0x000000000001153c                OSTmrSize
                0x000000000001153e                OSTmrTblSize
                0x0000000000011540                OSTmrWheelSize
                0x0000000000011542                OSTmrWheelTblSize
                0x0000000000011544                OSDataSize
 *fill*         0x0000000000011546        0x2 
 .sdata         0x0000000000011548        0x4 /home/xix277/engr-ece/Winter_Sem_2022/CME332/asn_test/test_prob_6_bsp//libucosii_bsp.a(alt_irq_vars.o)
                0x0000000000011548                alt_priority_mask
 .sdata         0x000000000001154c        0x8 /home/xix277/engr-ece/Winter_Sem_2022/CME332/asn_test/test_prob_6_bsp//libucosii_bsp.a(alt_tick.o)
                0x000000000001154c                alt_alarm_list
 *(.sdata2 .sdata2.* .gnu.linkonce.s2.*)
                0x0000000000011554                . = ALIGN (0x4)
                0x0000000000011554                _edata = ABSOLUTE (.)
                [!provide]                        PROVIDE (edata = ABSOLUTE (.))
                0x0000000000011554                PROVIDE (__ram_rwdata_end = ABSOLUTE (.))
                0x0000000000011554                PROVIDE (__flash_rwdata_start = LOADADDR (.rwdata))

.bss            0x0000000000013354     0x73d4
                0x0000000000013354                __bss_start = ABSOLUTE (.)
                [!provide]                        PROVIDE (__sbss_start = ABSOLUTE (.))
                [!provide]                        PROVIDE (___sbss_start = ABSOLUTE (.))
 *(.dynsbss)
 *(.sbss .sbss.* .gnu.linkonce.sb.*)
 .sbss.__malloc_max_total_mem
                0x0000000000013354        0x4 /opt/intelFPGA/20.1.1/nios2eds/bin/gnu/H-x86_64-pc-linux-gnu/bin/../lib/gcc/nios2-elf/10.1.1/../../../../../H-x86_64-pc-linux-gnu/nios2-elf/lib/mhw-mulx/libc.a(lib_a-mallocr.o)
                0x0000000000013354                __malloc_max_total_mem
 .sbss.__malloc_max_sbrked_mem
                0x0000000000013358        0x4 /opt/intelFPGA/20.1.1/nios2eds/bin/gnu/H-x86_64-pc-linux-gnu/bin/../lib/gcc/nios2-elf/10.1.1/../../../../../H-x86_64-pc-linux-gnu/nios2-elf/lib/mhw-mulx/libc.a(lib_a-mallocr.o)
                0x0000000000013358                __malloc_max_sbrked_mem
 .sbss.__malloc_top_pad
                0x000000000001335c        0x4 /opt/intelFPGA/20.1.1/nios2eds/bin/gnu/H-x86_64-pc-linux-gnu/bin/../lib/gcc/nios2-elf/10.1.1/../../../../../H-x86_64-pc-linux-gnu/nios2-elf/lib/mhw-mulx/libc.a(lib_a-mallocr.o)
                0x000000000001335c                __malloc_top_pad
 .sbss.errno    0x0000000000013360        0x4 /opt/intelFPGA/20.1.1/nios2eds/bin/gnu/H-x86_64-pc-linux-gnu/bin/../lib/gcc/nios2-elf/10.1.1/../../../../../H-x86_64-pc-linux-gnu/nios2-elf/lib/mhw-mulx/libc.a(lib_a-int_errno.o)
                0x0000000000013360                errno
 .sbss          0x0000000000013364        0x4 /home/xix277/engr-ece/Winter_Sem_2022/CME332/asn_test/test_prob_6_bsp//libucosii_bsp.a(alt_dev.o)
                0x0000000000013364                alt_fd_list_lock
 .sbss          0x0000000000013368        0xc /home/xix277/engr-ece/Winter_Sem_2022/CME332/asn_test/test_prob_6_bsp//libucosii_bsp.a(alt_main.o)
                0x0000000000013368                alt_argc
                0x000000000001336c                alt_argv
                0x0000000000013370                alt_envp
 .sbss          0x0000000000013374        0x8 /home/xix277/engr-ece/Winter_Sem_2022/CME332/asn_test/test_prob_6_bsp//libucosii_bsp.a(alt_env_lock.o)
                0x0000000000013374                alt_envsem
 .sbss          0x000000000001337c        0x8 /home/xix277/engr-ece/Winter_Sem_2022/CME332/asn_test/test_prob_6_bsp//libucosii_bsp.a(alt_malloc_lock.o)
                0x000000000001337c                alt_heapsem
 .sbss          0x0000000000013384       0x48 /home/xix277/engr-ece/Winter_Sem_2022/CME332/asn_test/test_prob_6_bsp//libucosii_bsp.a(os_core.o)
                0x0000000000013384                OSCtxSwCtr
                0x0000000000013388                OSEventFreeList
                0x000000000001338c                OSFlagFreeList
                0x0000000000013390                OSCPUUsage
                0x0000000000013394                OSIdleCtrMax
                0x0000000000013398                OSIdleCtrRun
                0x000000000001339c                OSStatRdy
                0x000000000001339d                OSIntNesting
                0x000000000001339e                OSLockNesting
                0x000000000001339f                OSPrioCur
                0x00000000000133a0                OSPrioHighRdy
                0x00000000000133a1                OSRdyGrp
                0x00000000000133a2                OSRdyTbl
                0x00000000000133a5                OSRunning
                0x00000000000133a6                OSTaskCtr
                0x00000000000133a8                OSIdleCtr
                0x00000000000133ac                OSTCBCur
                0x00000000000133b0                OSTCBFreeList
                0x00000000000133b4                OSTCBHighRdy
                0x00000000000133b8                OSTCBList
                0x00000000000133bc                OSTickStepState
                0x00000000000133c0                OSMemFreeList
                0x00000000000133c4                OSQFreeList
                0x00000000000133c8                OSTime
 .sbss          0x00000000000133cc        0x4 /home/xix277/engr-ece/Winter_Sem_2022/CME332/asn_test/test_prob_6_bsp//libucosii_bsp.a(alt_irq_vars.o)
                0x00000000000133cc                alt_irq_active
 .sbss          0x00000000000133d0        0x8 /home/xix277/engr-ece/Winter_Sem_2022/CME332/asn_test/test_prob_6_bsp//libucosii_bsp.a(alt_tick.o)
                0x00000000000133d0                _alt_tick_rate
                0x00000000000133d4                _alt_nticks
 .sbss          0x00000000000133d8        0x4 /home/xix277/engr-ece/Winter_Sem_2022/CME332/asn_test/test_prob_6_bsp//libucosii_bsp.a(alt_instruction_exception_entry.o)
                0x00000000000133d8                alt_instruction_exception_handler
 *(.sbss2 .sbss2.* .gnu.linkonce.sb2.*)
 *(.scommon)
                [!provide]                        PROVIDE (__sbss_end = ABSOLUTE (.))
                [!provide]                        PROVIDE (___sbss_end = ABSOLUTE (.))
 *(.dynbss)
 *(.bss .bss.* .gnu.linkonce.b.*)
 .bss           0x00000000000133dc        0x0 /home/xix277/engr-ece/Winter_Sem_2022/CME332/asn_test/test_prob_6_bsp//obj/HAL/src/crt0.o
 .bss           0x00000000000133dc     0x4000 obj/default/hello_ucosii.o
                0x00000000000133dc                TestTaskStkA
                0x00000000000143dc                TestTaskStkB
                0x00000000000153dc                TestTaskStkC
                0x00000000000163dc                TestTaskStkD
 .bss           0x00000000000173dc        0x0 /opt/intelFPGA/20.1.1/nios2eds/bin/gnu/H-x86_64-pc-linux-gnu/bin/../lib/gcc/nios2-elf/10.1.1/../../../../../H-x86_64-pc-linux-gnu/nios2-elf/lib/mhw-mulx/libc.a(lib_a-puts.o)
 .bss           0x00000000000173dc        0x0 /opt/intelFPGA/20.1.1/nios2eds/bin/gnu/H-x86_64-pc-linux-gnu/bin/../lib/gcc/nios2-elf/10.1.1/../../../../../H-x86_64-pc-linux-gnu/nios2-elf/lib/mhw-mulx/libc.a(lib_a-strlen.o)
 .bss           0x00000000000173dc        0x0 /opt/intelFPGA/20.1.1/nios2eds/bin/gnu/H-x86_64-pc-linux-gnu/bin/../lib/gcc/nios2-elf/10.1.1/../../../../../H-x86_64-pc-linux-gnu/nios2-elf/lib/mhw-mulx/libc.a(lib_a-findfp.o)
 .bss           0x00000000000173dc        0x0 /opt/intelFPGA/20.1.1/nios2eds/bin/gnu/H-x86_64-pc-linux-gnu/bin/../lib/gcc/nios2-elf/10.1.1/../../../../../H-x86_64-pc-linux-gnu/nios2-elf/lib/mhw-mulx/libc.a(lib_a-fvwrite.o)
 .bss           0x00000000000173dc        0x0 /opt/intelFPGA/20.1.1/nios2eds/bin/gnu/H-x86_64-pc-linux-gnu/bin/../lib/gcc/nios2-elf/10.1.1/../../../../../H-x86_64-pc-linux-gnu/nios2-elf/lib/mhw-mulx/libc.a(lib_a-fwalk.o)
 .bss           0x00000000000173dc        0x0 /opt/intelFPGA/20.1.1/nios2eds/bin/gnu/H-x86_64-pc-linux-gnu/bin/../lib/gcc/nios2-elf/10.1.1/../../../../../H-x86_64-pc-linux-gnu/nios2-elf/lib/mhw-mulx/libc.a(lib_a-impure.o)
 .bss           0x00000000000173dc        0x0 /opt/intelFPGA/20.1.1/nios2eds/bin/gnu/H-x86_64-pc-linux-gnu/bin/../lib/gcc/nios2-elf/10.1.1/../../../../../H-x86_64-pc-linux-gnu/nios2-elf/lib/mhw-mulx/libc.a(lib_a-mallocr.o)
 .bss.__malloc_current_mallinfo
                0x00000000000173dc       0x28 /opt/intelFPGA/20.1.1/nios2eds/bin/gnu/H-x86_64-pc-linux-gnu/bin/../lib/gcc/nios2-elf/10.1.1/../../../../../H-x86_64-pc-linux-gnu/nios2-elf/lib/mhw-mulx/libc.a(lib_a-mallocr.o)
                0x00000000000173dc                __malloc_current_mallinfo
 .bss           0x0000000000017404        0x0 /opt/intelFPGA/20.1.1/nios2eds/bin/gnu/H-x86_64-pc-linux-gnu/bin/../lib/gcc/nios2-elf/10.1.1/../../../../../H-x86_64-pc-linux-gnu/nios2-elf/lib/mhw-mulx/libc.a(lib_a-memchr.o)
 .bss           0x0000000000017404        0x0 /opt/intelFPGA/20.1.1/nios2eds/bin/gnu/H-x86_64-pc-linux-gnu/bin/../lib/gcc/nios2-elf/10.1.1/../../../../../H-x86_64-pc-linux-gnu/nios2-elf/lib/mhw-mulx/libc.a(lib_a-memcpy.o)
 .bss           0x0000000000017404        0x0 /opt/intelFPGA/20.1.1/nios2eds/bin/gnu/H-x86_64-pc-linux-gnu/bin/../lib/gcc/nios2-elf/10.1.1/../../../../../H-x86_64-pc-linux-gnu/nios2-elf/lib/mhw-mulx/libc.a(lib_a-memmove.o)
 .bss           0x0000000000017404        0x0 /opt/intelFPGA/20.1.1/nios2eds/bin/gnu/H-x86_64-pc-linux-gnu/bin/../lib/gcc/nios2-elf/10.1.1/../../../../../H-x86_64-pc-linux-gnu/nios2-elf/lib/mhw-mulx/libc.a(lib_a-memset.o)
 .bss           0x0000000000017404        0x0 /opt/intelFPGA/20.1.1/nios2eds/bin/gnu/H-x86_64-pc-linux-gnu/bin/../lib/gcc/nios2-elf/10.1.1/../../../../../H-x86_64-pc-linux-gnu/nios2-elf/lib/mhw-mulx/libc.a(lib_a-reallocr.o)
 .bss           0x0000000000017404        0x0 /opt/intelFPGA/20.1.1/nios2eds/bin/gnu/H-x86_64-pc-linux-gnu/bin/../lib/gcc/nios2-elf/10.1.1/../../../../../H-x86_64-pc-linux-gnu/nios2-elf/lib/mhw-mulx/libc.a(lib_a-sbrkr.o)
 .bss           0x0000000000017404        0x0 /opt/intelFPGA/20.1.1/nios2eds/bin/gnu/H-x86_64-pc-linux-gnu/bin/../lib/gcc/nios2-elf/10.1.1/../../../../../H-x86_64-pc-linux-gnu/nios2-elf/lib/mhw-mulx/libc.a(lib_a-stdio.o)
 .bss           0x0000000000017404        0x0 /opt/intelFPGA/20.1.1/nios2eds/bin/gnu/H-x86_64-pc-linux-gnu/bin/../lib/gcc/nios2-elf/10.1.1/../../../../../H-x86_64-pc-linux-gnu/nios2-elf/lib/mhw-mulx/libc.a(lib_a-writer.o)
 .bss           0x0000000000017404        0x0 /opt/intelFPGA/20.1.1/nios2eds/bin/gnu/H-x86_64-pc-linux-gnu/bin/../lib/gcc/nios2-elf/10.1.1/../../../../../H-x86_64-pc-linux-gnu/nios2-elf/lib/mhw-mulx/libc.a(lib_a-wsetup.o)
 .bss           0x0000000000017404        0x0 /opt/intelFPGA/20.1.1/nios2eds/bin/gnu/H-x86_64-pc-linux-gnu/bin/../lib/gcc/nios2-elf/10.1.1/../../../../../H-x86_64-pc-linux-gnu/nios2-elf/lib/mhw-mulx/libc.a(closer.o)
 .bss           0x0000000000017404        0x0 /opt/intelFPGA/20.1.1/nios2eds/bin/gnu/H-x86_64-pc-linux-gnu/bin/../lib/gcc/nios2-elf/10.1.1/../../../../../H-x86_64-pc-linux-gnu/nios2-elf/lib/mhw-mulx/libc.a(lib_a-fclose.o)
 .bss           0x0000000000017404        0x0 /opt/intelFPGA/20.1.1/nios2eds/bin/gnu/H-x86_64-pc-linux-gnu/bin/../lib/gcc/nios2-elf/10.1.1/../../../../../H-x86_64-pc-linux-gnu/nios2-elf/lib/mhw-mulx/libc.a(lib_a-fflush.o)
 .bss           0x0000000000017404        0x0 /opt/intelFPGA/20.1.1/nios2eds/bin/gnu/H-x86_64-pc-linux-gnu/bin/../lib/gcc/nios2-elf/10.1.1/../../../../../H-x86_64-pc-linux-gnu/nios2-elf/lib/mhw-mulx/libc.a(lib_a-freer.o)
 .bss           0x0000000000017404        0x0 /opt/intelFPGA/20.1.1/nios2eds/bin/gnu/H-x86_64-pc-linux-gnu/bin/../lib/gcc/nios2-elf/10.1.1/../../../../../H-x86_64-pc-linux-gnu/nios2-elf/lib/mhw-mulx/libc.a(lib_a-int_errno.o)
 .bss           0x0000000000017404        0x0 /opt/intelFPGA/20.1.1/nios2eds/bin/gnu/H-x86_64-pc-linux-gnu/bin/../lib/gcc/nios2-elf/10.1.1/../../../../../H-x86_64-pc-linux-gnu/nios2-elf/lib/mhw-mulx/libc.a(lib_a-lseekr.o)
 .bss           0x0000000000017404        0x0 /opt/intelFPGA/20.1.1/nios2eds/bin/gnu/H-x86_64-pc-linux-gnu/bin/../lib/gcc/nios2-elf/10.1.1/../../../../../H-x86_64-pc-linux-gnu/nios2-elf/lib/mhw-mulx/libc.a(lib_a-makebuf.o)
 .bss           0x0000000000017404        0x0 /opt/intelFPGA/20.1.1/nios2eds/bin/gnu/H-x86_64-pc-linux-gnu/bin/../lib/gcc/nios2-elf/10.1.1/../../../../../H-x86_64-pc-linux-gnu/nios2-elf/lib/mhw-mulx/libc.a(lib_a-readr.o)
 .bss           0x0000000000017404        0x0 /opt/intelFPGA/20.1.1/nios2eds/bin/gnu/H-x86_64-pc-linux-gnu/bin/../lib/gcc/nios2-elf/10.1.1/../../../../../H-x86_64-pc-linux-gnu/nios2-elf/lib/mhw-mulx/libc.a(lib_a-fstatr.o)
 .bss           0x0000000000017404        0x0 /opt/intelFPGA/20.1.1/nios2eds/bin/gnu/H-x86_64-pc-linux-gnu/bin/../lib/gcc/nios2-elf/10.1.1/../../../../../H-x86_64-pc-linux-gnu/nios2-elf/lib/mhw-mulx/libc.a(lib_a-isattyr.o)
 .bss           0x0000000000017404        0x0 /opt/intelFPGA/20.1.1/nios2eds/bin/gnu/H-x86_64-pc-linux-gnu/bin/../lib/gcc/nios2-elf/10.1.1/mhw-mulx/libgcc.a(lib2-divmod.o)
 .bss           0x0000000000017404        0x0 /home/xix277/engr-ece/Winter_Sem_2022/CME332/asn_test/test_prob_6_bsp//libucosii_bsp.a(alt_close.o)
 .bss           0x0000000000017404        0x0 /home/xix277/engr-ece/Winter_Sem_2022/CME332/asn_test/test_prob_6_bsp//libucosii_bsp.a(alt_dev.o)
 .bss           0x0000000000017404        0x0 /home/xix277/engr-ece/Winter_Sem_2022/CME332/asn_test/test_prob_6_bsp//libucosii_bsp.a(alt_errno.o)
 .bss           0x0000000000017404        0x0 /home/xix277/engr-ece/Winter_Sem_2022/CME332/asn_test/test_prob_6_bsp//libucosii_bsp.a(alt_fstat.o)
 .bss           0x0000000000017404        0x0 /home/xix277/engr-ece/Winter_Sem_2022/CME332/asn_test/test_prob_6_bsp//libucosii_bsp.a(alt_isatty.o)
 .bss           0x0000000000017404        0x0 /home/xix277/engr-ece/Winter_Sem_2022/CME332/asn_test/test_prob_6_bsp//libucosii_bsp.a(alt_load.o)
 .bss           0x0000000000017404        0x0 /home/xix277/engr-ece/Winter_Sem_2022/CME332/asn_test/test_prob_6_bsp//libucosii_bsp.a(alt_lseek.o)
 .bss           0x0000000000017404        0x0 /home/xix277/engr-ece/Winter_Sem_2022/CME332/asn_test/test_prob_6_bsp//libucosii_bsp.a(alt_main.o)
 .bss           0x0000000000017404        0x0 /home/xix277/engr-ece/Winter_Sem_2022/CME332/asn_test/test_prob_6_bsp//libucosii_bsp.a(alt_read.o)
 .bss           0x0000000000017404        0x0 /home/xix277/engr-ece/Winter_Sem_2022/CME332/asn_test/test_prob_6_bsp//libucosii_bsp.a(alt_release_fd.o)
 .bss           0x0000000000017404        0x0 /home/xix277/engr-ece/Winter_Sem_2022/CME332/asn_test/test_prob_6_bsp//libucosii_bsp.a(alt_sbrk.o)
 .bss           0x0000000000017404        0x0 /home/xix277/engr-ece/Winter_Sem_2022/CME332/asn_test/test_prob_6_bsp//libucosii_bsp.a(alt_write.o)
 .bss           0x0000000000017404        0x0 /home/xix277/engr-ece/Winter_Sem_2022/CME332/asn_test/test_prob_6_bsp//libucosii_bsp.a(alt_env_lock.o)
 .bss           0x0000000000017404        0x0 /home/xix277/engr-ece/Winter_Sem_2022/CME332/asn_test/test_prob_6_bsp//libucosii_bsp.a(alt_malloc_lock.o)
 .bss           0x0000000000017404     0x3224 /home/xix277/engr-ece/Winter_Sem_2022/CME332/asn_test/test_prob_6_bsp//libucosii_bsp.a(os_core.o)
                0x0000000000017404                OSEventTbl
                0x0000000000017f44                OSFlagTbl
                0x00000000000182b4                OSTaskStatStk
                0x0000000000018ab4                OSTaskIdleStk
                0x00000000000192b4                OSTCBPrioTbl
                0x0000000000019308                OSTCBTbl
                0x0000000000019818                OSMemTbl
                0x000000000001a448                OSQTbl
 .bss           0x000000000001a628        0x0 /home/xix277/engr-ece/Winter_Sem_2022/CME332/asn_test/test_prob_6_bsp//libucosii_bsp.a(os_dbg.o)
 .bss           0x000000000001a628        0x0 /home/xix277/engr-ece/Winter_Sem_2022/CME332/asn_test/test_prob_6_bsp//libucosii_bsp.a(os_flag.o)
 .bss           0x000000000001a628        0x0 /home/xix277/engr-ece/Winter_Sem_2022/CME332/asn_test/test_prob_6_bsp//libucosii_bsp.a(os_mem.o)
 .bss           0x000000000001a628        0x0 /home/xix277/engr-ece/Winter_Sem_2022/CME332/asn_test/test_prob_6_bsp//libucosii_bsp.a(os_q.o)
 .bss           0x000000000001a628        0x0 /home/xix277/engr-ece/Winter_Sem_2022/CME332/asn_test/test_prob_6_bsp//libucosii_bsp.a(os_sem.o)
 .bss           0x000000000001a628        0x0 /home/xix277/engr-ece/Winter_Sem_2022/CME332/asn_test/test_prob_6_bsp//libucosii_bsp.a(os_task.o)
 .bss           0x000000000001a628        0x0 /home/xix277/engr-ece/Winter_Sem_2022/CME332/asn_test/test_prob_6_bsp//libucosii_bsp.a(os_time.o)
 .bss           0x000000000001a628        0x0 /home/xix277/engr-ece/Winter_Sem_2022/CME332/asn_test/test_prob_6_bsp//libucosii_bsp.a(alt_sys_init.o)